Component: ARM Compiler 5.06 update 7 (build 960) Tool: armlink [4d3601]

==============================================================================

Section Cross References

    startup_stm32f407xx.o(STACK) refers (Special) to heapauxi.o(.text) for __use_two_region_memory
    startup_stm32f407xx.o(HEAP) refers (Special) to heapauxi.o(.text) for __use_two_region_memory
    startup_stm32f407xx.o(RESET) refers (Special) to heapauxi.o(.text) for __use_two_region_memory
    startup_stm32f407xx.o(RESET) refers to startup_stm32f407xx.o(STACK) for __initial_sp
    startup_stm32f407xx.o(RESET) refers to startup_stm32f407xx.o(.text) for Reset_Handler
    startup_stm32f407xx.o(RESET) refers to stm32f4xx_it.o(i.NMI_Handler) for NMI_Handler
    startup_stm32f407xx.o(RESET) refers to stm32f4xx_it.o(i.HardFault_Handler) for HardFault_Handler
    startup_stm32f407xx.o(RESET) refers to stm32f4xx_it.o(i.MemManage_Handler) for MemManage_Handler
    startup_stm32f407xx.o(RESET) refers to stm32f4xx_it.o(i.BusFault_Handler) for BusFault_Handler
    startup_stm32f407xx.o(RESET) refers to stm32f4xx_it.o(i.UsageFault_Handler) for UsageFault_Handler
    startup_stm32f407xx.o(RESET) refers to stm32f4xx_it.o(i.SVC_Handler) for SVC_Handler
    startup_stm32f407xx.o(RESET) refers to stm32f4xx_it.o(i.DebugMon_Handler) for DebugMon_Handler
    startup_stm32f407xx.o(RESET) refers to stm32f4xx_it.o(i.PendSV_Handler) for PendSV_Handler
    startup_stm32f407xx.o(RESET) refers to stm32f4xx_it.o(i.SysTick_Handler) for SysTick_Handler
    startup_stm32f407xx.o(.text) refers (Special) to heapauxi.o(.text) for __use_two_region_memory
    startup_stm32f407xx.o(.text) refers to system_stm32f4xx_1.o(i.SystemInit) for SystemInit
    startup_stm32f407xx.o(.text) refers to __main.o(!!!main) for __main
    startup_stm32f407xx.o(.text) refers to startup_stm32f407xx.o(HEAP) for Heap_Mem
    startup_stm32f407xx.o(.text) refers to startup_stm32f407xx.o(STACK) for Stack_Mem
    main.o(i.SystemClock_Config) refers to rt_memclr_w.o(.text) for __aeabi_memclr4
    main.o(i.SystemClock_Config) refers to stm32f4xx_hal_rcc_1.o(i.HAL_RCC_OscConfig) for HAL_RCC_OscConfig
    main.o(i.SystemClock_Config) refers to stm32f4xx_hal_rcc_1.o(i.HAL_RCC_ClockConfig) for HAL_RCC_ClockConfig
    main.o(i.initSensor) refers to vl53l0x_api.o(i.VL53L0X_SetDeviceAddress) for VL53L0X_SetDeviceAddress
    main.o(i.initSensor) refers to vl53l0x_api.o(i.VL53L0X_DataInit) for VL53L0X_DataInit
    main.o(i.initSensor) refers to vl53l0x_api.o(i.VL53L0X_StaticInit) for VL53L0X_StaticInit
    main.o(i.initSensor) refers to vl53l0x_api.o(i.VL53L0X_PerformRefSpadManagement) for VL53L0X_PerformRefSpadManagement
    main.o(i.initSensor) refers to vl53l0x_api.o(i.VL53L0X_PerformRefCalibration) for VL53L0X_PerformRefCalibration
    main.o(i.initSensor) refers to vl53l0x_api.o(i.VL53L0X_SetReferenceSpads) for VL53L0X_SetReferenceSpads
    main.o(i.initSensor) refers to vl53l0x_api.o(i.VL53L0X_SetRefCalibration) for VL53L0X_SetRefCalibration
    main.o(i.initSensor) refers to vl53l0x_api.o(i.VL53L0X_SetDeviceMode) for VL53L0X_SetDeviceMode
    main.o(i.initSensor) refers to vl53l0x_api.o(i.VL53L0X_SetLimitCheckValue) for VL53L0X_SetLimitCheckValue
    main.o(i.initSensor) refers to vl53l0x_api.o(i.VL53L0X_SetMeasurementTimingBudgetMicroSeconds) for VL53L0X_SetMeasurementTimingBudgetMicroSeconds
    main.o(i.initSensor) refers to vl53l0x_api.o(i.VL53L0X_StartMeasurement) for VL53L0X_StartMeasurement
    main.o(i.initSensor) refers to main.o(.data) for .data
    main.o(i.main) refers to stm32f4xx_hal_1.o(i.HAL_Init) for HAL_Init
    main.o(i.main) refers to main.o(i.SystemClock_Config) for SystemClock_Config
    main.o(i.main) refers to stm32f4xx_hal_i2c_1.o(i.HAL_I2C_Init) for HAL_I2C_Init
    main.o(i.main) refers to stm32f4xx_hal_uart_1.o(i.HAL_UART_Init) for HAL_UART_Init
    main.o(i.main) refers to main.o(i.initSensor) for initSensor
    main.o(i.main) refers to vl53l0x_api.o(i.VL53L0X_GetMeasurementDataReady) for VL53L0X_GetMeasurementDataReady
    main.o(i.main) refers to vl53l0x_api.o(i.VL53L0X_GetRangingMeasurementData) for VL53L0X_GetRangingMeasurementData
    main.o(i.main) refers to vl53l0x_api.o(i.VL53L0X_ClearInterruptMask) for VL53L0X_ClearInterruptMask
    main.o(i.main) refers to main.o(.bss) for .bss
    main.o(i.main) refers to main.o(.data) for .data
    main.o(.data) refers to main.o(.bss) for device
    stm32f4xx_it.o(i.SysTick_Handler) refers to stm32f4xx_hal_1.o(i.HAL_IncTick) for HAL_IncTick
    stm32f4xx_hal_msp.o(i.HAL_I2C_MspDeInit) refers to stm32f4xx_hal_gpio_1.o(i.HAL_GPIO_DeInit) for HAL_GPIO_DeInit
    stm32f4xx_hal_msp.o(i.HAL_I2C_MspInit) refers to rt_memclr_w.o(.text) for __aeabi_memclr4
    stm32f4xx_hal_msp.o(i.HAL_I2C_MspInit) refers to stm32f4xx_hal_gpio_1.o(i.HAL_GPIO_Init) for HAL_GPIO_Init
    stm32f4xx_hal_msp.o(i.HAL_UART_MspDeInit) refers to stm32f4xx_hal_gpio_1.o(i.HAL_GPIO_DeInit) for HAL_GPIO_DeInit
[...]
    .ARM.Collect$$libinit$$0000000E          0x0800024a   Section        0  libinit2.o(.ARM.Collect$$libinit$$0000000E)
    .ARM.Collect$$libinit$$00000011          0x0800024a   Section        0  libinit2.o(.ARM.Collect$$libinit$$00000011)
    .ARM.Collect$$libinit$$00000013          0x0800024a   Section        0  libinit2.o(.ARM.Collect$$libinit$$00000013)
    .ARM.Collect$$libinit$$00000015          0x0800024a   Section        0  libinit2.o(.ARM.Collect$$libinit$$00000015)
    .ARM.Collect$$libinit$$00000017          0x0800024a   Section        0  libinit2.o(.ARM.Collect$$libinit$$00000017)
    .ARM.Collect$$libinit$$00000019          0x0800024a   Section        0  libinit2.o(.ARM.Collect$$libinit$$00000019)
    .ARM.Collect$$libinit$$0000001B          0x0800024a   Section        0  libinit2.o(.ARM.Collect$$libinit$$0000001B)
    .ARM.Collect$$libinit$$0000001D          0x0800024a   Section        0  libinit2.o(.ARM.Collect$$libinit$$0000001D)
    .ARM.Collect$$libinit$$0000001F          0x0800024a   Section        0  libinit2.o(.ARM.Collect$$libinit$$0000001F)
    .ARM.Collect$$libinit$$00000021          0x0800024a   Section        0  libinit2.o(.ARM.Collect$$libinit$$00000021)
    .ARM.Collect$$libinit$$00000023          0x0800024a   Section        0  libinit2.o(.ARM.Collect$$libinit$$00000023)
    .ARM.Collect$$libinit$$00000025          0x0800024a   Section        0  libinit2.o(.ARM.Collect$$libinit$$00000025)
    .ARM.Collect$$libinit$$0000002C          0x0800024a   Section        0  libinit2.o(.ARM.Collect$$libinit$$0000002C)
    .ARM.Collect$$libinit$$0000002E          0x0800024a   Section        0  libinit2.o(.ARM.Collect$$libinit$$0000002E)
    .ARM.Collect$$libinit$$00000030          0x0800024a   Section        0  libinit2.o(.ARM.Collect$$libinit$$00000030)
    .ARM.Collect$$libinit$$00000032          0x0800024a   Section        0  libinit2.o(.ARM.Collect$$libinit$$00000032)
    .ARM.Collect$$libinit$$00000033          0x0800024a   Section        2  libinit2.o(.ARM.Collect$$libinit$$00000033)
    .ARM.Collect$$libshutdown$$00000000      0x0800024c   Section        2  libshutdown.o(.ARM.Collect$$libshutdown$$00000000)
    .ARM.Collect$$libshutdown$$00000002      0x0800024e   Section        0  libshutdown2.o(.ARM.Collect$$libshutdown$$00000002)
    .ARM.Collect$$libshutdown$$00000004      0x0800024e   Section        0  libshutdown2.o(.ARM.Collect$$libshutdown$$00000004)
    .ARM.Collect$$libshutdown$$00000006      0x0800024e   Section        0  libshutdown2.o(.ARM.Collect$$libshutdown$$00000006)
    .ARM.Collect$$libshutdown$$00000009      0x0800024e   Section        0  libshutdown2.o(.ARM.Collect$$libshutdown$$00000009)
    .ARM.Collect$$libshutdown$$0000000C      0x0800024e   Section        0  libshutdown2.o(.ARM.Collect$$libshutdown$$0000000C)
    .ARM.Collect$$libshutdown$$0000000E      0x0800024e   Section        0  libshutdown2.o(.ARM.Collect$$libshutdown$$0000000E)
    .ARM.Collect$$libshutdown$$00000011      0x0800024e   Section        0  libshutdown2.o(.ARM.Collect$$libshutdown$$00000011)
    .ARM.Collect$$libshutdown$$00000012      0x0800024e   Section        2  libshutdown2.o(.ARM.Collect$$libshutdown$$00000012)
    .ARM.Collect$$rtentry$$00000000          0x08000250   Section        0  __rtentry.o(.ARM.Collect$$rtentry$$00000000)
    .ARM.Collect$$rtentry$$00000002          0x08000250   Section        0  __rtentry2.o(.ARM.Collect$$rtentry$$00000002)
    .ARM.Collect$$rtentry$$00000004          0x08000250   Section        6  __rtentry4.o(.ARM.Collect$$rtentry$$00000004)
    .ARM.Collect$$rtentry$$00000009          0x08000256   Section        0  __rtentry2.o(.ARM.Collect$$rtentry$$00000009)
    .ARM.Collect$$rtentry$$0000000A          0x08000256   Section        4  __rtentry2.o(.ARM.Collect$$rtentry$$0000000A)
    .ARM.Collect$$rtentry$$0000000C          0x0800025a   Section        0  __rtentry2.o(.ARM.Collect$$rtentry$$0000000C)
    .ARM.Collect$$rtentry$$0000000D          0x0800025a   Section        8  __rtentry2.o(.ARM.Collect$$rtentry$$0000000D)
    .ARM.Collect$$rtexit$$00000000           0x08000262   Section        2  rtexit.o(.ARM.Collect$$rtexit$$00000000)
    .ARM.Collect$$rtexit$$00000002           0x08000264   Section        0  rtexit2.o(.ARM.Collect$$rtexit$$00000002)
    .ARM.Collect$$rtexit$$00000003           0x08000264   Section        4  rtexit2.o(.ARM.Collect$$rtexit$$00000003)
    .ARM.Collect$$rtexit$$00000004           0x08000268   Section        6  rtexit2.o(.ARM.Collect$$rtexit$$00000004)
    .text                                    0x08000270   Section       64  startup_stm32f407xx.o(.text)
    $v0                                      0x08000270   Number         0  startup_stm32f407xx.o(.text)
    .text                                    0x080002b0   Section      238  lludivv7m.o(.text)
    .text                                    0x0800039e   Section        0  strcpy.o(.text)
    .text                                    0x080003e6   Section      138  rt_memcpy_v6.o(.text)
    .text                                    0x08000470   Section      100  rt_memcpy_w.o(.text)
    .text                                    0x080004d4   Section       78  rt_memclr_w.o(.text)
    .text                                    0x08000522   Section        0  heapauxi.o(.text)
    .text                                    0x08000528   Section       74  sys_stackheap_outer.o(.text)
    .text                                    0x08000572   Section        0  exit.o(.text)
    .text                                    0x08000584   Section        8  libspace.o(.text)
    .text                                    0x0800058c   Section        0  sys_exit.o(.text)
    .text                                    0x08000598   Section        2  use_no_semi.o(.text)
    .text                                    0x0800059a   Section        0  indicate_semi.o(.text)
    i.BusFault_Handler                       0x0800059a   Section        0  stm32f4xx_it.o(i.BusFault_Handler)
    i.DebugMon_Handler                       0x0800059c   Section        0  stm32f4xx_it.o(i.DebugMon_Handler)
    i.HAL_Delay                              0x080005a0   Section        0  stm32f4xx_hal_1.o(i.HAL_Delay)
    i.HAL_GPIO_DeInit                        0x080005c4   Section        0  stm32f4xx_hal_gpio_1.o(i.HAL_GPIO_DeInit)
    i.HAL_GPIO_Init                          0x0800075c   Section        0  stm32f4xx_hal_gpio_1.o(i.HAL_GPIO_Init)
    i.HAL_GPIO_ReadPin                       0x08000a54   Section        0  stm32f4xx_hal_gpio_1.o(i.HAL_GPIO_ReadPin)
    i.HAL_GPIO_WritePin                      0x08000aac   Section        0  stm32f4xx_hal_gpio_1.o(i.HAL_GPIO_WritePin)
    i.HAL_GetTick                            0x08000b18   Section        0  stm32f4xx_hal_1.o(i.HAL_GetTick)
    i.HAL_I2C_DeInit                         0x08000b24   Section        0  stm32f4xx_hal_i2c_1.o(i.HAL_I2C_DeInit)
    i.HAL_I2C_Init                           0x08000bb8   Section        0  stm32f4xx_hal_i2c_1.o(i.HAL_I2C_Init)
    i.HAL_I2C_Master_Receive                 0x08000e40   Section        0  stm32f4xx_hal_i2c_1.o(i.HAL_I2C_Master_Receive)
    i.HAL_I2C_Master_Transmit                0x08001020   Section        0  stm32f4xx_hal_i2c_1.o(i.HAL_I2C_Master_Transmit)
    i.HAL_I2C_Mem_Read                       0x0800114c   Section        0  stm32f4xx_hal_i2c_1.o(i.HAL_I2C_Mem_Read)
    i.HAL_I2C_MspDeInit                      0x0800138c   Section        0  stm32f4xx_hal_msp.o(i.HAL_I2C_MspDeInit)
    i.HAL_I2C_MspInit                        0x080013c4   Section        0  stm32f4xx_hal_msp.o(i.HAL_I2C_MspInit)
    i.HAL_IncTick                            0x0800142c   Section        0  stm32f4xx_hal_1.o(i.HAL_IncTick)
    i.HAL_Init                               0x0800143c   Section        0  stm32f4xx_hal_1.o(i.HAL_Init)
    i.HAL_InitTick                           0x08001470   Section        0  stm32f4xx_hal_1.o(i.HAL_InitTick)
    i.HAL_MspInit                            0x080014b0   Section        0  stm32f4xx_hal_msp.o(i.HAL_MspInit)
    i.HAL_NVIC_SetPriority                   0x080014e0   Section        0  stm32f4xx_hal_cortex_1.o(i.HAL_NVIC_SetPriority)
    i.HAL_NVIC_SetPriorityGrouping           0x0800157c   Section        0  stm32f4xx_hal_cortex_1.o(i.HAL_NVIC_SetPriorityGrouping)
    i.HAL_RCC_ClockConfig                    0x080015fc   Section        0  stm32f4xx_hal_rcc_1.o(i.HAL_RCC_ClockConfig)
    i.HAL_RCC_GetPCLK1Freq                   0x08001840   Section        0  stm32f4xx_hal_rcc_1.o(i.HAL_RCC_GetPCLK1Freq)
    i.HAL_RCC_GetPCLK2Freq                   0x08001860   Section        0  stm32f4xx_hal_rcc_1.o(i.HAL_RCC_GetPCLK2Freq)
    i.HAL_RCC_GetSysClockFreq                0x08001880   Section        0  stm32f4xx_hal_rcc_1.o(i.HAL_RCC_GetSysClockFreq)
    i.HAL_RCC_OscConfig                      0x080018e0   Section        0  stm32f4xx_hal_rcc_1.o(i.HAL_RCC_OscConfig)
    i.HAL_SYSTICK_Config                     0x08001d68   Section        0  stm32f4xx_hal_cortex_1.o(i.HAL_SYSTICK_Config)
    i.HAL_UART_Init                          0x08001d90   Section        0  stm32f4xx_hal_uart_1.o(i.HAL_UART_Init)
    i.HAL_UART_MspInit                       0x08001edc   Section        0  stm32f4xx_hal_msp.o(i.HAL_UART_MspInit)
    i.HardFault_Handler                      0x08001f48   Section        0  stm32f4xx_it.o(i.HardFault_Handler)
    i.I2C_ClearBusyFlagErratum               0x08001f4c   Section        0  vl53l0x_platform.o(i.I2C_ClearBusyFlagErratum)
    I2C_ClearBusyFlagErratum                 0x08001f4d   Thumb Code   274  vl53l0x_platform.o(i.I2C_ClearBusyFlagErratum)
    i.I2C_IsAcknowledgeFailed                0x08002064   Section        0  stm32f4xx_hal_i2c_1.o(i.I2C_IsAcknowledgeFailed)
    I2C_IsAcknowledgeFailed                  0x08002065   Thumb Code    46  stm32f4xx_hal_i2c_1.o(i.I2C_IsAcknowledgeFailed)
    i.I2C_MasterRequestRead                  0x08002094   Section        0  stm32f4xx_hal_i2c_1.o(i.I2C_MasterRequestRead)
    I2C_MasterRequestRead                    0x08002095   Thumb Code   230  stm32f4xx_hal_i2c_1.o(i.I2C_MasterRequestRead)
    i.I2C_MasterRequestWrite                 0x08002180   Section        0  stm32f4xx_hal_i2c_1.o(i.I2C_MasterRequestWrite)
    I2C_MasterRequestWrite                   0x08002181   Thumb Code   150  stm32f4xx_hal_i2c_1.o(i.I2C_MasterRequestWrite)
    i.I2C_RequestMemoryRead                  0x0800221c   Section        0  stm32f4xx_hal_i2c_1.o(i.I2C_RequestMemoryRead)
    I2C_RequestMemoryRead                    0x0800221d   Thumb Code   246  stm32f4xx_hal_i2c_1.o(i.I2C_RequestMemoryRead)
    i.I2C_WaitOnBTFFlagUntilTimeout          0x08002318   Section        0  stm32f4xx_hal_i2c_1.o(i.I2C_WaitOnBTFFlagUntilTimeout)
    I2C_WaitOnBTFFlagUntilTimeout            0x08002319   Thumb Code    76  stm32f4xx_hal_i2c_1.o(i.I2C_WaitOnBTFFlagUntilTimeout)
    i.I2C_WaitOnFlagUntilTimeout             0x08002364   Section        0  stm32f4xx_hal_i2c_1.o(i.I2C_WaitOnFlagUntilTimeout)
    I2C_WaitOnFlagUntilTimeout               0x08002365   Thumb Code   104  stm32f4xx_hal_i2c_1.o(i.I2C_WaitOnFlagUntilTimeout)
    i.I2C_WaitOnMasterAddressFlagUntilTimeout 0x080023cc   Section        0  stm32f4xx_hal_i2c_1.o(i.I2C_WaitOnMasterAddressFlagUntilTimeout)
    I2C_WaitOnMasterAddressFlagUntilTimeout  0x080023cd   Thumb Code   152  stm32f4xx_hal_i2c_1.o(i.I2C_WaitOnMasterAddressFlagUntilTimeout)
    i.I2C_WaitOnRXNEFlagUntilTimeout         0x08002464   Section        0  stm32f4xx_hal_i2c_1.o(i.I2C_WaitOnRXNEFlagUntilTimeout)
    I2C_WaitOnRXNEFlagUntilTimeout           0x08002465   Thumb Code   106  stm32f4xx_hal_i2c_1.o(i.I2C_WaitOnRXNEFlagUntilTimeout)
    i.I2C_WaitOnTXEFlagUntilTimeout          0x080024ce   Section        0  stm32f4xx_hal_i2c_1.o(i.I2C_WaitOnTXEFlagUntilTimeout)
    I2C_WaitOnTXEFlagUntilTimeout            0x080024cf   Thumb Code    76  stm32f4xx_hal_i2c_1.o(i.I2C_WaitOnTXEFlagUntilTimeout)
    i.MemManage_Handler                      0x0800251a   Section        0  stm32f4xx_it.o(i.MemManage_Handler)
    i.NMI_Handler                            0x0800251c   Section        0  stm32f4xx_it.o(i.NMI_Handler)
    i.PendSV_Handler                         0x0800251e   Section        0  stm32f4xx_it.o(i.PendSV_Handler)
    i.SVC_Handler                            0x08002520   Section        0  stm32f4xx_it.o(i.SVC_Handler)
    i.SysTick_Handler                        0x08002522   Section        0  stm32f4xx_it.o(i.SysTick_Handler)
    i.SystemClock_Config                     0x08002528   Section        0  main.o(i.SystemClock_Config)
    i.SystemInit                             0x080025b8   Section        0  system_stm32f4xx_1.o(i.SystemInit)
    i.UART_SetConfig                         0x080025c8   Section        0  stm32f4xx_hal_uart_1.o(i.UART_SetConfig)
    UART_SetConfig                           0x080025c9   Thumb Code   344  stm32f4xx_hal_uart_1.o(i.UART_SetConfig)
    i.UsageFault_Handler                     0x08002768   Section        0  stm32f4xx_it.o(i.UsageFault_Handler)
    i.VL53L0X_CheckAndLoadInterruptSettings  0x0800276c   Section        0  vl53l0x_api.o(i.VL53L0X_CheckAndLoadInterruptSettings)
    i.VL53L0X_ClearInterruptMask             0x08002840   Section        0  vl53l0x_api.o(i.VL53L0X_ClearInterruptMask)
    i.VL53L0X_DataInit                       0x0800288c   Section        0  vl53l0x_api.o(i.VL53L0X_DataInit)
    i.VL53L0X_GetDeviceParameters            0x08002a60   Section        0  vl53l0x_api.o(i.VL53L0X_GetDeviceParameters)
    i.VL53L0X_GetFractionEnable              0x08002af8   Section        0  vl53l0x_api.o(i.VL53L0X_GetFractionEnable)
    i.VL53L0X_GetInterMeasurementPeriodMilliSeconds 0x08002b12   Section        0  vl53l0x_api.o(i.VL53L0X_GetInterMeasurementPeriodMilliSeconds)
    i.VL53L0X_GetInterruptMaskStatus         0x08002b48   Section        0  vl53l0x_api.o(i.VL53L0X_GetInterruptMaskStatus)
    i.VL53L0X_GetInterruptThresholds         0x08002b6a   Section        0  vl53l0x_api.o(i.VL53L0X_GetInterruptThresholds)
    i.VL53L0X_GetLimitCheckEnable            0x08002b9e   Section        0  vl53l0x_api.o(i.VL53L0X_GetLimitCheckEnable)
    i.VL53L0X_GetLimitCheckValue             0x08002bb6   Section        0  vl53l0x_api.o(i.VL53L0X_GetLimitCheckValue)
    i.VL53L0X_GetMeasurementDataReady        0x08002c3a   Section        0  vl53l0x_api.o(i.VL53L0X_GetMeasurementDataReady)
    i.VL53L0X_GetMeasurementTimingBudgetMicroSeconds 0x08002c74   Section        0  vl53l0x_api.o(i.VL53L0X_GetMeasurementTimingBudgetMicroSeconds)
    i.VL53L0X_GetOffsetCalibrationDataMicroMeter 0x08002c78   Section        0  vl53l0x_api.o(i.VL53L0X_GetOffsetCalibrationDataMicroMeter)
    i.VL53L0X_GetRangingMeasurementData      0x08002c7c   Section        0  vl53l0x_api.o(i.VL53L0X_GetRangingMeasurementData)
    i.VL53L0X_GetSequenceStepEnables         0x08002da8   Section        0  vl53l0x_api.o(i.VL53L0X_GetSequenceStepEnables)
    i.VL53L0X_GetVcselPulsePeriod            0x08002e1a   Section        0  vl53l0x_api.o(i.VL53L0X_GetVcselPulsePeriod)
    i.VL53L0X_GetWrapAroundCheckEnable       0x08002e1e   Section        0  vl53l0x_api.o(i.VL53L0X_GetWrapAroundCheckEnable)
    i.VL53L0X_GetXTalkCompensationEnable     0x08002e4a   Section        0  vl53l0x_api.o(i.VL53L0X_GetXTalkCompensationEnable)
    i.VL53L0X_GetXTalkCompensationRateMegaCps 0x08002e54   Section        0  vl53l0x_api.o(i.VL53L0X_GetXTalkCompensationRateMegaCps)
    i.VL53L0X_PerformRefCalibration          0x08002e80   Section        0  vl53l0x_api.o(i.VL53L0X_PerformRefCalibration)
    i.VL53L0X_PerformRefSpadManagement       0x08002e86   Section        0  vl53l0x_api.o(i.VL53L0X_PerformRefSpadManagement)
    i.VL53L0X_PerformSingleMeasurement       0x08002e8a   Section        0  vl53l0x_api.o(i.VL53L0X_PerformSingleMeasurement)
    i.VL53L0X_PerformSingleRangingMeasurement 0x08002eac   Section        0  vl53l0x_api.o(i.VL53L0X_PerformSingleRangingMeasurement)
    i.VL53L0X_PollingDelay                   0x08002ee0   Section        0  vl53l0x_platform.o(i.VL53L0X_PollingDelay)
    i.VL53L0X_RdByte                         0x08002eee   Section        0  vl53l0x_platform.o(i.VL53L0X_RdByte)
    i.VL53L0X_RdDWord                        0x08002f36   Section        0  vl53l0x_platform.o(i.VL53L0X_RdDWord)
    i.VL53L0X_RdWord                         0x08002f94   Section        0  vl53l0x_platform.o(i.VL53L0X_RdWord)
    i.VL53L0X_ReadMulti                      0x08002fe8   Section        0  vl53l0x_platform.o(i.VL53L0X_ReadMulti)
    i.VL53L0X_SetDeviceAddress               0x08003048   Section        0  vl53l0x_api.o(i.VL53L0X_SetDeviceAddress)
    i.VL53L0X_SetDeviceMode                  0x08003050   Section        0  vl53l0x_api.o(i.VL53L0X_SetDeviceMode)
    i.VL53L0X_SetGpioConfig                  0x08003074   Section        0  vl53l0x_api.o(i.VL53L0X_SetGpioConfig)
    i.VL53L0X_SetLimitCheckEnable            0x080031ca   Section        0  vl53l0x_api.o(i.VL53L0X_SetLimitCheckEnable)
    i.VL53L0X_SetLimitCheckValue             0x0800324a   Section        0  vl53l0x_api.o(i.VL53L0X_SetLimitCheckValue)
    i.VL53L0X_SetMeasurementTimingBudgetMicroSeconds 0x0800329a   Section        0  vl53l0x_api.o(i.VL53L0X_SetMeasurementTimingBudgetMicroSeconds)
    i.VL53L0X_SetRefCalibration              0x0800329e   Section        0  vl53l0x_api.o(i.VL53L0X_SetRefCalibration)
    i.VL53L0X_SetReferenceSpads              0x080032a2   Section        0  vl53l0x_api.o(i.VL53L0X_SetReferenceSpads)
    i.VL53L0X_SetSequenceStepEnable          0x080032a6   Section        0  vl53l0x_api.o(i.VL53L0X_SetSequenceStepEnable)
    i.VL53L0X_StartMeasurement               0x08003352   Section        0  vl53l0x_api.o(i.VL53L0X_StartMeasurement)
    i.VL53L0X_StaticInit                     0x08003424   Section        0  vl53l0x_api.o(i.VL53L0X_StaticInit)
    i.VL53L0X_UpdateByte                     0x08003598   Section        0  vl53l0x_platform.o(i.VL53L0X_UpdateByte)
    i.VL53L0X_WrByte                         0x080035c2   Section        0  vl53l0x_platform.o(i.VL53L0X_WrByte)
    i.VL53L0X_WrWord                         0x080035f6   Section        0  vl53l0x_platform.o(i.VL53L0X_WrWord)
    i.VL53L0X_WriteMulti                     0x08003630   Section        0  vl53l0x_platform.o(i.VL53L0X_WriteMulti)
    i.VL53L0X_calc_dmax                      0x0800367c   Section        0  vl53l0x_api_core.o(i.VL53L0X_calc_dmax)
    i.VL53L0X_calc_macro_period_ps           0x0800370a   Section        0  vl53l0x_api_core.o(i.VL53L0X_calc_macro_period_ps)
    i.VL53L0X_calc_sigma_estimate            0x0800371c   Section        0  vl53l0x_api_core.o(i.VL53L0X_calc_sigma_estimate)
    i.VL53L0X_calc_timeout_mclks             0x08003918   Section        0  vl53l0x_api_core.o(i.VL53L0X_calc_timeout_mclks)
    i.VL53L0X_calc_timeout_us                0x0800393a   Section        0  vl53l0x_api_core.o(i.VL53L0X_calc_timeout_us)
    i.VL53L0X_decode_timeout                 0x0800395c   Section        0  vl53l0x_api_core.o(i.VL53L0X_decode_timeout)
    i.VL53L0X_decode_vcsel_period            0x08003966   Section        0  vl53l0x_api_core.o(i.VL53L0X_decode_vcsel_period)
    i.VL53L0X_device_read_strobe             0x0800396e   Section        0  vl53l0x_api_core.o(i.VL53L0X_device_read_strobe)
    i.VL53L0X_encode_timeout                 0x080039b6   Section        0  vl53l0x_api_core.o(i.VL53L0X_encode_timeout)
    i.VL53L0X_get_info_from_device           0x080039d4   Section        0  vl53l0x_api_core.o(i.VL53L0X_get_info_from_device)
    i.VL53L0X_get_measurement_timing_budget_micro_seconds 0x08003f00   Section        0  vl53l0x_api_core.o(i.VL53L0X_get_measurement_timing_budget_micro_seconds)
    i.VL53L0X_get_offset_calibration_data_micro_meter 0x08003fc4   Section        0  vl53l0x_api_calibration.o(i.VL53L0X_get_offset_calibration_data_micro_meter)
    i.VL53L0X_get_pal_range_status           0x08003ff8   Section        0  vl53l0x_api_core.o(i.VL53L0X_get_pal_range_status)
    i.VL53L0X_get_total_signal_rate          0x080041d8   Section        0  vl53l0x_api_core.o(i.VL53L0X_get_total_signal_rate)
    i.VL53L0X_get_total_xtalk_rate           0x080041f4   Section        0  vl53l0x_api_core.o(i.VL53L0X_get_total_xtalk_rate)
    i.VL53L0X_get_vcsel_pulse_period         0x08004222   Section        0  vl53l0x_api_core.o(i.VL53L0X_get_vcsel_pulse_period)
    i.VL53L0X_isqrt                          0x08004252   Section        0  vl53l0x_api_core.o(i.VL53L0X_isqrt)
    i.VL53L0X_load_tuning_settings           0x0800427c   Section        0  vl53l0x_api_core.o(i.VL53L0X_load_tuning_settings)
    i.VL53L0X_measurement_poll_for_completion 0x08004316   Section        0  vl53l0x_api_core.o(i.VL53L0X_measurement_poll_for_completion)
    i.VL53L0X_perform_phase_calibration      0x0800434c   Section        0  vl53l0x_api_calibration.o(i.VL53L0X_perform_phase_calibration)
    i.VL53L0X_perform_ref_calibration        0x080043c0   Section        0  vl53l0x_api_calibration.o(i.VL53L0X_perform_ref_calibration)
    i.VL53L0X_perform_ref_spad_management    0x08004400   Section        0  vl53l0x_api_calibration.o(i.VL53L0X_perform_ref_spad_management)
    i.VL53L0X_perform_single_ref_calibration 0x08004630   Section        0  vl53l0x_api_calibration.o(i.VL53L0X_perform_single_ref_calibration)
    i.VL53L0X_perform_vhv_calibration        0x08004668   Section        0  vl53l0x_api_calibration.o(i.VL53L0X_perform_vhv_calibration)
    i.VL53L0X_ref_calibration_io             0x080046dc   Section        0  vl53l0x_api_calibration.o(i.VL53L0X_ref_calibration_io)
    i.VL53L0X_set_measurement_timing_budget_micro_seconds 0x08004792   Section        0  vl53l0x_api_core.o(i.VL53L0X_set_measurement_timing_budget_micro_seconds)
    i.VL53L0X_set_ref_calibration            0x0800484e   Section        0  vl53l0x_api_calibration.o(i.VL53L0X_set_ref_calibration)
    i.VL53L0X_set_reference_spads            0x0800486e   Section        0  vl53l0x_api_calibration.o(i.VL53L0X_set_reference_spads)
    i.__NVIC_SetPriority                     0x08004914   Section        0  stm32f4xx_hal_cortex_1.o(i.__NVIC_SetPriority)
    __NVIC_SetPriority                       0x08004915   Thumb Code    32  stm32f4xx_hal_cortex_1.o(i.__NVIC_SetPriority)
    i.assert_failed                          0x08004934   Section        0  main.o(i.assert_failed)
    i.enable_ref_spads                       0x08004936   Section        0  vl53l0x_api_calibration.o(i.enable_ref_spads)
    i.enable_spad_bit                        0x080049c8   Section        0  vl53l0x_api_calibration.o(i.enable_spad_bit)
    i.get_dmax_lut_points                    0x080049f2   Section        0  vl53l0x_api_core.o(i.get_dmax_lut_points)
    i.get_next_good_spad                     0x08004a36   Section        0  vl53l0x_api_calibration.o(i.get_next_good_spad)
    i.get_ref_spad_map                       0x08004a8a   Section        0  vl53l0x_api_calibration.o(i.get_ref_spad_map)
    i.get_sequence_step_timeout              0x08004a94   Section        0  vl53l0x_api_core.o(i.get_sequence_step_timeout)
    i.initSensor                             0x08004b88   Section        0  main.o(i.initSensor)
    initSensor                               0x08004b89   Thumb Code   174  main.o(i.initSensor)
    i.is_aperture                            0x08004c3c   Section        0  vl53l0x_api_calibration.o(i.is_aperture)
    i.main                                   0x08004c54   Section        0  main.o(i.main)
    i.perform_ref_signal_measurement         0x08004d44   Section        0  vl53l0x_api_calibration.o(i.perform_ref_signal_measurement)
    i.sequence_step_enabled                  0x08004da8   Section        0  vl53l0x_api.o(i.sequence_step_enabled)
    i.set_ref_spad_map                       0x08004de0   Section        0  vl53l0x_api_calibration.o(i.set_ref_spad_map)
    i.set_sequence_step_timeout              0x08004dea   Section        0  vl53l0x_api_core.o(i.set_sequence_step_timeout)
    i.wait_for_gpio_state_timeout            0x08004eee   Section        0  vl53l0x_platform.o(i.wait_for_gpio_state_timeout)
    wait_for_gpio_state_timeout              0x08004eef   Thumb Code    64  vl53l0x_platform.o(i.wait_for_gpio_state_timeout)
    x$fpl$fpinit                             0x08004f2e   Section       10  fpinit.o(x$fpl$fpinit)
    $v0                                      0x08004f2e   Number         0  fpinit.o(x$fpl$fpinit)
    .constdata                               0x08004f38   Section       16  system_stm32f4xx_1.o(.constdata)
    .constdata                               0x08004f48   Section        8  system_stm32f4xx_1.o(.constdata)
    .data                                    0x20000000   Section       16  main.o(.data)
    data_ready                               0x20000000   Data           1  main.o(.data)
    Status                                   0x20000001   Data           1  main.o(.data)
    isApertureSpads                          0x20000002   Data           1  main.o(.data)
    VhvSettings                              0x20000003   Data           1  main.o(.data)
    PhaseCal                                 0x20000004   Data           1  main.o(.data)
    dev                                      0x20000008   Data           4  main.o(.data)
    refSpadCount                             0x2000000c   Data           4  main.o(.data)
    .data                                    0x20000010   Section       12  stm32f4xx_hal_1.o(.data)
    .data                                    0x2000001c   Section        4  system_stm32f4xx_1.o(.data)
    .data                                    0x20000020   Section      681  vl53l0x_api.o(.data)
    .data                                    0x200002cc   Section       16  vl53l0x_api_calibration.o(.data)
    .bss                                     0x200002dc   Section      616  main.o(.bss)
    device                                   0x200002dc   Data         436  main.o(.bss)
    result                                   0x20000490   Data          28  main.o(.bss)
    .bss                                     0x20000544   Section       32  vl53l0x_platform.o(.bss)
    data                                     0x20000544   Data          32  vl53l0x_platform.o(.bss)
    .bss                                     0x20000564   Section       96  libspace.o(.bss)
    HEAP                                     0x200005c8   Section      512  startup_stm32f407xx.o(HEAP)
    Heap_Mem                                 0x200005c8   Data         512  startup_stm32f407xx.o(HEAP)
    STACK                                    0x200007c8   Section     1024  startup_stm32f407xx.o(STACK)
    Stack_Mem                                0x200007c8   Data        1024  startup_stm32f407xx.o(STACK)
    __initial_sp                             0x20000bc8   Data           0  startup_stm32f407xx.o(STACK)

    Global Symbols

    Symbol Name                              Value     Ov Type        Size  Object(Section)

    BuildAttributes$$THM_ISAv4$E$P$D$K$B$S$7EM$VFPi3$EXTD16$VFPS$VFMA$PE$A:L22UL41UL21$X:L11$S22US41US21$IEEE1$IW$USESV6$~STKCKD$USESV7$~SHL$OSPACE$ROPI$EBA8$UX$STANDARDLIB$REQ8$PRES8$EABIv2 0x00000000   Number         0  anon$$obj.o ABSOLUTE
    __ARM_use_no_argv                        0x00000000   Number         0  main.o ABSOLUTE
    __ARM_exceptions_init                     - Undefined Weak Reference
    __alloca_initialize                       - Undefined Weak Reference
    __arm_fini_                               - Undefined Weak Reference
    __arm_preinit_                            - Undefined Weak Reference
    __cpp_initialize__aeabi_                  - Undefined Weak Reference
    __cxa_finalize                            - Undefined Weak Reference
    __rt_locale                               - Undefined Weak Reference
    __sigvec_lookup                           - Undefined Weak Reference
    _atexit_init                              - Undefined Weak Reference
    _call_atexit_fns                          - Undefined Weak Reference
    _clock_init                               - Undefined Weak Reference
    _fp_trap_init                             - Undefined Weak Reference
    _fp_trap_shutdown                         - Undefined Weak Reference
    _get_lc_collate                           - Undefined Weak Reference
    _get_lc_ctype                             - Undefined Weak Reference
    _get_lc_monetary                          - Undefined Weak Reference
    _get_lc_numeric                           - Undefined Weak Reference
    _get_lc_time                              - Undefined Weak Reference
    _getenv_init                              - Undefined Weak Reference
    _handle_redirection                       - Undefined Weak Reference
    _init_alloc                               - Undefined Weak Reference
    _init_user_alloc                          - Undefined Weak Reference
    _initio                                   - Undefined Weak Reference
    _rand_init                                - Undefined Weak Reference
    _signal_finish                            - Undefined Weak Reference
    _signal_init                              - Undefined Weak Reference
    _terminate_alloc                          - Undefined Weak Reference
    _terminate_user_alloc                     - Undefined Weak Reference
    _terminateio                              - Undefined Weak Reference
    __Vectors_Size                           0x00000188   Number         0  startup_stm32f407xx.o ABSOLUTE
    __Vectors                                0x08000000   Data           4  startup_stm32f407xx.o(RESET)
    __Vectors_End                            0x08000188   Data           0  startup_stm32f407xx.o(RESET)
    __main                                   0x08000189   Thumb Code     8  __main.o(!!!main)
    __scatterload                            0x08000191   Thumb Code     0  __scatter.o(!!!scatter)
    __scatterload_rt2                        0x08000191   Thumb Code    44  __scatter.o(!!!scatter)
    __scatterload_rt2_thumb_only             0x08000191   Thumb Code     0  __scatter.o(!!!scatter)
    __scatterload_null                       0x0800019f   Thumb Code     0  __scatter.o(!!!scatter)
    __decompress                             0x080001c5   Thumb Code   100  __dclz77c.o(!!dclz77c)
    __decompress2                            0x080001c5   Thumb Code     0  __dclz77c.o(!!dclz77c)
    __scatterload_zeroinit                   0x08000229   Thumb Code    28  __scatter_zi.o(!!handler_zi)
    __rt_lib_init                            0x08000245   Thumb Code     0  libinit.o(.ARM.Collect$$libinit$$00000000)
    __rt_lib_init_fp_1                       0x08000247   Thumb Code     0  libinit2.o(.ARM.Collect$$libinit$$00000001)
    __rt_lib_init_alloca_1                   0x0800024b   Thumb Code     0  libinit2.o(.ARM.Collect$$libinit$$0000002E)
    __rt_lib_init_argv_1                     0x0800024b   Thumb Code     0  libinit2.o(.ARM.Collect$$libinit$$0000002C)
    __rt_lib_init_atexit_1                   0x0800024b   Thumb Code     0  libinit2.o(.ARM.Collect$$libinit$$0000001B)
    __rt_lib_init_clock_1                    0x0800024b   Thumb Code     0  libinit2.o(.ARM.Collect$$libinit$$00000021)
    __rt_lib_init_cpp_1                      0x0800024b   Thumb Code     0  libinit2.o(.ARM.Collect$$libinit$$00000032)
    __rt_lib_init_exceptions_1               0x0800024b   Thumb Code     0  libinit2.o(.ARM.Collect$$libinit$$00000030)
    __rt_lib_init_fp_trap_1                  0x0800024b   Thumb Code     0  libinit2.o(.ARM.Collect$$libinit$$0000001F)
    __rt_lib_init_getenv_1                   0x0800024b   Thumb Code     0  libinit2.o(.ARM.Collect$$libinit$$00000023)
    __rt_lib_init_heap_1                     0x0800024b   Thumb Code     0  libinit2.o(.ARM.Collect$$libinit$$0000000A)
    __rt_lib_init_lc_collate_1               0x0800024b   Thumb Code     0  libinit2.o(.ARM.Collect$$libinit$$00000011)
    __rt_lib_init_lc_ctype_1                 0x0800024b   Thumb Code     0  libinit2.o(.ARM.Collect$$libinit$$00000013)
    __rt_lib_init_lc_monetary_1              0x0800024b   Thumb Code     0  libinit2.o(.ARM.Collect$$libinit$$00000015)
    __rt_lib_init_lc_numeric_1               0x0800024b   Thumb Code     0  libinit2.o(.ARM.Collect$$libinit$$00000017)
    __rt_lib_init_lc_time_1                  0x0800024b   Thumb Code     0  libinit2.o(.ARM.Collect$$libinit$$00000019)
    __rt_lib_init_preinit_1                  0x0800024b   Thumb Code     0  libinit2.o(.ARM.Collect$$libinit$$00000004)
    __rt_lib_init_rand_1                     0x0800024b   Thumb Code     0  libinit2.o(.ARM.Collect$$libinit$$0000000E)
    __rt_lib_init_return                     0x0800024b   Thumb Code     0  libinit2.o(.ARM.Collect$$libinit$$00000033)
    __rt_lib_init_signal_1                   0x0800024b   Thumb Code     0  libinit2.o(.ARM.Collect$$libinit$$0000001D)
    __rt_lib_init_stdio_1                    0x0800024b   Thumb Code     0  libinit2.o(.ARM.Collect$$libinit$$00000025)
    __rt_lib_init_user_alloc_1               0x0800024b   Thumb Code     0  libinit2.o(.ARM.Collect$$libinit$$0000000C)
    __rt_lib_shutdown                        0x0800024d   Thumb Code     0  libshutdown.o(.ARM.Collect$$libshutdown$$00000000)
    __rt_lib_shutdown_cpp_1                  0x0800024f   Thumb Code     0  libshutdown2.o(.ARM.Collect$$libshutdown$$00000004)
    __rt_lib_shutdown_fini_1                 0x0800024f   Thumb Code     0  libshutdown2.o(.ARM.Collect$$libshutdown$$00000002)
    __rt_lib_shutdown_fp_trap_1              0x0800024f   Thumb Code     0  libshutdown2.o(.ARM.Collect$$libshutdown$$00000009)
    __rt_lib_shutdown_heap_1                 0x0800024f   Thumb Code     0  libshutdown2.o(.ARM.Collect$$libshutdown$$00000011)
    __rt_lib_shutdown_return                 0x0800024f   Thumb Code     0  libshutdown2.o(.ARM.Collect$$libshutdown$$00000012)
    __rt_lib_shutdown_signal_1               0x0800024f   Thumb Code     0  libshutdown2.o(.ARM.Collect$$libshutdown$$0000000C)
    __rt_lib_shutdown_stdio_1                0x0800024f   Thumb Code     0  libshutdown2.o(.ARM.Collect$$libshutdown$$00000006)
    __rt_lib_shutdown_user_alloc_1           0x0800024f   Thumb Code     0  libshutdown2.o(.ARM.Collect$$libshutdown$$0000000E)
    __rt_entry                               0x08000251   Thumb Code     0  __rtentry.o(.ARM.Collect$$rtentry$$00000000)
    __rt_entry_presh_1                       0x08000251   Thumb Code     0  __rtentry2.o(.ARM.Collect$$rtentry$$00000002)
    __rt_entry_sh                            0x08000251   Thumb Code     0  __rtentry4.o(.ARM.Collect$$rtentry$$00000004)
    __rt_entry_li                            0x08000257   Thumb Code     0  __rtentry2.o(.ARM.Collect$$rtentry$$0000000A)
    __rt_entry_postsh_1                      0x08000257   Thumb Code     0  __rtentry2.o(.ARM.Collect$$rtentry$$00000009)
    __rt_entry_main                          0x0800025b   Thumb Code     0  __rtentry2.o(.ARM.Collect$$rtentry$$0000000D)
    __rt_entry_postli_1                      0x0800025b   Thumb Code     0  __rtentry2.o(.ARM.Collect$$rtentry$$0000000C)
    __rt_exit                                0x08000263   Thumb Code     0  rtexit.o(.ARM.Collect$$rtexit$$00000000)
    __rt_exit_ls                             0x08000265   Thumb Code     0  rtexit2.o(.ARM.Collect$$rtexit$$00000003)
    __rt_exit_prels_1                        0x08000265   Thumb Code     0  rtexit2.o(.ARM.Collect$$rtexit$$00000002)
    __rt_exit_exit                           0x08000269   Thumb Code     0  rtexit2.o(.ARM.Collect$$rtexit$$00000004)
    Reset_Handler                            0x08000271   Thumb Code     8  startup_stm32f407xx.o(.text)
    ADC_IRQHandler                           0x0800028b   Thumb Code     0  startup_stm32f407xx.o(.text)
    CAN1_RX0_IRQHandler                      0x0800028b   Thumb Code     0  startup_stm32f407xx.o(.text)
    CAN1_RX1_IRQHandler                      0x0800028b   Thumb Code     0  startup_stm32f407xx.o(.text)
    CAN1_SCE_IRQHandler                      0x0800028b   Thumb Code     0  startup_stm32f407xx.o(.text)
    CAN1_TX_IRQHandler                       0x0800028b   Thumb Code     0  startup_stm32f407xx.o(.text)
    CAN2_RX0_IRQHandler                      0x0800028b   Thumb Code     0  startup_stm32f407xx.o(.text)
    CAN2_RX1_IRQHandler                      0x0800028b   Thumb Code     0  startup_stm32f407xx.o(.text)
    CAN2_SCE_IRQHandler                      0x0800028b   Thumb Code     0  startup_stm32f407xx.o(.text)
    CAN2_TX_IRQHandler                       0x0800028b   Thumb Code     0  startup_stm32f407xx.o(.text)
    DCMI_IRQHandler                          0x0800028b   Thumb Code     0  startup_stm32f407xx.o(.text)
    DMA1_Stream0_IRQHandler                  0x0800028b   Thumb Code     0  startup_stm32f407xx.o(.text)
    DMA1_Stream1_IRQHandler                  0x0800028b   Thumb Code     0  startup_stm32f407xx.o(.text)
    DMA1_Stream2_IRQHandler                  0x0800028b   Thumb Code     0  startup_stm32f407xx.o(.text)
    DMA1_Stream3_IRQHandler                  0x0800028b   Thumb Code     0  startup_stm32f407xx.o(.text)
    DMA1_Stream4_IRQHandler                  0x0800028b   Thumb Code     0  startup_stm32f407xx.o(.text)
    DMA1_Stream5_IRQHandler                  0x0800028b   Thumb Code     0  startup_stm32f407xx.o(.text)
    DMA1_Stream6_IRQHandler                  0x0800028b   Thumb Code     0  startup_stm32f407xx.o(.text)
    DMA1_Stream7_IRQHandler                  0x0800028b   Thumb Code     0  startup_stm32f407xx.o(.text)
    DMA2_Stream0_IRQHandler                  0x0800028b   Thumb Code     0  startup_stm32f407xx.o(.text)
    DMA2_Stream1_IRQHandler                  0x0800028b   Thumb Code     0  startup_stm32f407xx.o(.text)
    DMA2_Stream2_IRQHandler                  0x0800028b   Thumb Code     0  startup_stm32f407xx.o(.text)
    DMA2_Stream3_IRQHandler                  0x0800028b   Thumb Code     0  startup_stm32f407xx.o(.text)
    DMA2_Stream4_IRQHandler                  0x0800028b   Thumb Code     0  startup_stm32f407xx.o(.text)
    DMA2_Stream5_IRQHandler                  0x0800028b   Thumb Code     0  startup_stm32f407xx.o(.text)
    DMA2_Stream6_IRQHandler                  0x0800028b   Thumb Code     0  startup_stm32f407xx.o(.text)
    DMA2_Stream7_IRQHandler                  0x0800028b   Thumb Code     0  startup_stm32f407xx.o(.text)
    ETH_IRQHandler                           0x0800028b   Thumb Code     0  startup_stm32f407xx.o(.text)
    ETH_WKUP_IRQHandler                      0x0800028b   Thumb Code     0  startup_stm32f407xx.o(.text)
    EXTI0_IRQHandler                         0x0800028b   Thumb Code     0  startup_stm32f407xx.o(.text)
    EXTI15_10_IRQHandler                     0x0800028b   Thumb Code     0  startup_stm32f407xx.o(.text)
    EXTI1_IRQHandler                         0x0800028b   Thumb Code     0  startup_stm32f407xx.o(.text)
    EXTI2_IRQHandler                         0x0800028b   Thumb Code     0  startup_stm32f407xx.o(.text)
    EXTI3_IRQHandler                         0x0800028b   Thumb Code     0  startup_stm32f407xx.o(.text)
    EXTI4_IRQHandler                         0x0800028b   Thumb Code     0  startup_stm32f407xx.o(.text)
    EXTI9_5_IRQHandler                       0x0800028b   Thumb Code     0  startup_stm32f407xx.o(.text)
    FLASH_IRQHandler                         0x0800028b   Thumb Code     0  startup_stm32f407xx.o(.text)
    FMC_IRQHandler                           0x0800028b   Thumb Code     0  startup_stm32f407xx.o(.text)
    FPU_IRQHandler                           0x0800028b   Thumb Code     0  startup_stm32f407xx.o(.text)
    HASH_RNG_IRQHandler                      0x0800028b   Thumb Code     0  startup_stm32f407xx.o(.text)
    I2C1_ER_IRQHandler                       0x0800028b   Thumb Code     0  startup_stm32f407xx.o(.text)
    I2C1_EV_IRQHandler                       0x0800028b   Thumb Code     0  startup_stm32f407xx.o(.text)
    I2C2_ER_IRQHandler                       0x0800028b   Thumb Code     0  startup_stm32f407xx.o(.text)
    I2C2_EV_IRQHandler                       0x0800028b   Thumb Code     0  startup_stm32f407xx.o(.text)
    I2C3_ER_IRQHandler                       0x0800028b   Thumb Code     0  startup_stm32f407xx.o(.text)
    I2C3_EV_IRQHandler                       0x0800028b   Thumb Code     0  startup_stm32f407xx.o(.text)
    OTG_FS_IRQHandler                        0x0800028b   Thumb Code     0  startup_stm32f407xx.o(.text)
    OTG_FS_WKUP_IRQHandler                   0x0800028b   Thumb Code     0  startup_stm32f407xx.o(.text)
    OTG_HS_EP1_IN_IRQHandler                 0x0800028b   Thumb Code     0  startup_stm32f407xx.o(.text)
    OTG_HS_EP1_OUT_IRQHandler                0x0800028b   Thumb Code     0  startup_stm32f407xx.o(.text)
    OTG_HS_IRQHandler                        0x0800028b   Thumb Code     0  startup_stm32f407xx.o(.text)
    OTG_HS_WKUP_IRQHandler                   0x0800028b   Thumb Code     0  startup_stm32f407xx.o(.text)
    PVD_IRQHandler                           0x0800028b   Thumb Code     0  startup_stm32f407xx.o(.text)
    RCC_IRQHandler                           0x0800028b   Thumb Code     0  startup_stm32f407xx.o(.text)
    RTC_Alarm_IRQHandler                     0x0800028b   Thumb Code     0  startup_stm32f407xx.o(.text)
    RTC_WKUP_IRQHandler                      0x0800028b   Thumb Code     0  startup_stm32f407xx.o(.text)
    SDIO_IRQHandler                          0x0800028b   Thumb Code     0  startup_stm32f407xx.o(.text)
    SPI1_IRQHandler                          0x0800028b   Thumb Code     0  startup_stm32f407xx.o(.text)
    SPI2_IRQHandler                          0x0800028b   Thumb Code     0  startup_stm32f407xx.o(.text)
    SPI3_IRQHandler                          0x0800028b   Thumb Code     0  startup_stm32f407xx.o(.text)
    TAMP_STAMP_IRQHandler                    0x0800028b   Thumb Code     0  startup_stm32f407xx.o(.text)
    TIM1_BRK_TIM9_IRQHandler                 0x0800028b   Thumb Code     0  startup_stm32f407xx.o(.text)
    TIM1_CC_IRQHandler                       0x0800028b   Thumb Code     0  startup_stm32f407xx.o(.text)
    TIM1_TRG_COM_TIM11_IRQHandler            0x0800028b   Thumb Code     0  startup_stm32f407xx.o(.text)
    TIM1_UP_TIM10_IRQHandler                 0x0800028b   Thumb Code     0  startup_stm32f407xx.o(.text)
    TIM2_IRQHandler                          0x0800028b   Thumb Code     0  startup_stm32f407xx.o(.text)
    TIM3_IRQHandler                          0x0800028b   Thumb Code     0  startup_stm32f407xx.o(.text)
    TIM4_IRQHandler                          0x0800028b   Thumb Code     0  startup_stm32f407xx.o(.text)
    TIM5_IRQHandler                          0x0800028b   Thumb Code     0  startup_stm32f407xx.o(.text)
    TIM6_DAC_IRQHandler                      0x0800028b   Thumb Code     0  startup_stm32f407xx.o(.text)
    TIM7_IRQHandler                          0x0800028b   Thumb Code     0  startup_stm32f407xx.o(.text)
    TIM8_BRK_TIM12_IRQHandler                0x0800028b   Thumb Code     0  startup_stm32f407xx.o(.text)
    TIM8_CC_IRQHandler                       0x0800028b   Thumb Code     0  startup_stm32f407xx.o(.text)
    TIM8_TRG_COM_TIM14_IRQHandler            0x0800028b   Thumb Code     0  startup_stm32f407xx.o(.text)
    TIM8_UP_TIM13_IRQHandler                 0x0800028b   Thumb Code     0  startup_stm32f407xx.o(.text)
    UART4_IRQHandler                         0x0800028b   Thumb Code     0  startup_stm32f407xx.o(.text)
    UART5_IRQHandler                         0x0800028b   Thumb Code     0  startup_stm32f407xx.o(.text)
    USART1_IRQHandler                        0x0800028b   Thumb Code     0  startup_stm32f407xx.o(.text)
    USART2_IRQHandler                        0x0800028b   Thumb Code     0  startup_stm32f407xx.o(.text)
    USART3_IRQHandler                        0x0800028b   Thumb Code     0  startup_stm32f407xx.o(.text)
    USART6_IRQHandler                        0x0800028b   Thumb Code     0  startup_stm32f407xx.o(.text)
    WWDG_IRQHandler                          0x0800028b   Thumb Code     0  startup_stm32f407xx.o(.text)
    __user_initial_stackheap                 0x0800028d   Thumb Code     0  startup_stm32f407xx.o(.text)
    __aeabi_uldivmod                         0x080002b1   Thumb Code     0  lludivv7m.o(.text)
    _ll_udiv                                 0x080002b1   Thumb Code   238  lludivv7m.o(.text)
    strcpy                                   0x0800039f   Thumb Code    72  strcpy.o(.text)
    __aeabi_memcpy                           0x080003e7   Thumb Code     0  rt_memcpy_v6.o(.text)
    __rt_memcpy                              0x080003e7   Thumb Code   138  rt_memcpy_v6.o(.text)
    _memcpy_lastbytes                        0x0800044d   Thumb Code     0  rt_memcpy_v6.o(.text)
    __aeabi_memcpy4                          0x08000471   Thumb Code     0  rt_memcpy_w.o(.text)
    __aeabi_memcpy8                          0x08000471   Thumb Code     0  rt_memcpy_w.o(.text)
    __rt_memcpy_w                            0x08000471   Thumb Code   100  rt_memcpy_w.o(.text)
    _memcpy_lastbytes_aligned                0x080004b9   Thumb Code     0  rt_memcpy_w.o(.text)
    __aeabi_memclr4                          0x080004d5   Thumb Code     0  rt_memclr_w.o(.text)
    __aeabi_memclr8                          0x080004d5   Thumb Code     0  rt_memclr_w.o(.text)
    __rt_memclr_w                            0x080004d5   Thumb Code    78  rt_memclr_w.o(.text)
    _memset_w                                0x080004d9   Thumb Code     0  rt_memclr_w.o(.text)
    __use_two_region_memory                  0x08000523   Thumb Code     2  heapauxi.o(.text)
    __rt_heap_escrow$2region                 0x08000525   Thumb Code     2  heapauxi.o(.text)
    __rt_heap_expand$2region                 0x08000527   Thumb Code     2  heapauxi.o(.text)
    __user_setup_stackheap                   0x08000529   Thumb Code    74  sys_stackheap_outer.o(.text)
    exit                                     0x08000573   Thumb Code    18  exit.o(.text)
    __user_libspace                          0x08000585   Thumb Code     8  libspace.o(.text)
    __user_perproc_libspace                  0x08000585   Thumb Code     0  libspace.o(.text)
    __user_perthread_libspace                0x08000585   Thumb Code     0  libspace.o(.text)
    _sys_exit                                0x0800058d   Thumb Code     8  sys_exit.o(.text)
    __I$use$semihosting                      0x08000599   Thumb Code     0  use_no_semi.o(.text)
    __use_no_semihosting_swi                 0x08000599   Thumb Code     2  use_no_semi.o(.text)
    BusFault_Handler                         0x0800059b   Thumb Code     2  stm32f4xx_it.o(i.BusFault_Handler)
    __semihosting_library_function           0x0800059b   Thumb Code     0  indicate_semi.o(.text)
    DebugMon_Handler                         0x0800059d   Thumb Code     2  stm32f4xx_it.o(i.DebugMon_Handler)
    HAL_Delay                                0x080005a1   Thumb Code    32  stm32f4xx_hal_1.o(i.HAL_Delay)
    HAL_GPIO_DeInit                          0x080005c5   Thumb Code   304  stm32f4xx_hal_gpio_1.o(i.HAL_GPIO_DeInit)
    HAL_GPIO_Init                            0x0800075d   Thumb Code   652  stm32f4xx_hal_gpio_1.o(i.HAL_GPIO_Init)
    HAL_GPIO_ReadPin                         0x08000a55   Thumb Code    28  stm32f4xx_hal_gpio_1.o(i.HAL_GPIO_ReadPin)
    HAL_GPIO_WritePin                        0x08000aad   Thumb Code    46  stm32f4xx_hal_gpio_1.o(i.HAL_GPIO_WritePin)
    HAL_GetTick                              0x08000b19   Thumb Code     6  stm32f4xx_hal_1.o(i.HAL_GetTick)
    HAL_I2C_DeInit                           0x08000b25   Thumb Code    80  stm32f4xx_hal_i2c_1.o(i.HAL_I2C_DeInit)
    HAL_I2C_Init                             0x08000bb9   Thumb Code   560  stm32f4xx_hal_i2c_1.o(i.HAL_I2C_Init)
    HAL_I2C_Master_Receive                   0x08000e41   Thumb Code   468  stm32f4xx_hal_i2c_1.o(i.HAL_I2C_Master_Receive)
    HAL_I2C_Master_Transmit                  0x08001021   Thumb Code   290  stm32f4xx_hal_i2c_1.o(i.HAL_I2C_Master_Transmit)
    HAL_I2C_Mem_Read                         0x0800114d   Thumb Code   508  stm32f4xx_hal_i2c_1.o(i.HAL_I2C_Mem_Read)
    HAL_I2C_MspDeInit                        0x0800138d   Thumb Code    44  stm32f4xx_hal_msp.o(i.HAL_I2C_MspDeInit)
    HAL_I2C_MspInit                          0x080013c5   Thumb Code    92  stm32f4xx_hal_msp.o(i.HAL_I2C_MspInit)
    HAL_IncTick                              0x0800142d   Thumb Code    12  stm32f4xx_hal_1.o(i.HAL_IncTick)
    HAL_Init                                 0x0800143d   Thumb Code    48  stm32f4xx_hal_1.o(i.HAL_Init)
    HAL_InitTick                             0x08001471   Thumb Code    54  stm32f4xx_hal_1.o(i.HAL_InitTick)
    HAL_MspInit                              0x080014b1   Thumb Code    42  stm32f4xx_hal_msp.o(i.HAL_MspInit)
    HAL_NVIC_SetPriority                     0x080014e1   Thumb Code    92  stm32f4xx_hal_cortex_1.o(i.HAL_NVIC_SetPriority)
    HAL_NVIC_SetPriorityGrouping             0x0800157d   Thumb Code    58  stm32f4xx_hal_cortex_1.o(i.HAL_NVIC_SetPriorityGrouping)
    HAL_RCC_ClockConfig                      0x080015fd   Thumb Code   504  stm32f4xx_hal_rcc_1.o(i.HAL_RCC_ClockConfig)
    HAL_RCC_GetPCLK1Freq                     0x08001841   Thumb Code    20  stm32f4xx_hal_rcc_1.o(i.HAL_RCC_GetPCLK1Freq)
    HAL_RCC_GetPCLK2Freq                     0x08001861   Thumb Code    20  stm32f4xx_hal_rcc_1.o(i.HAL_RCC_GetPCLK2Freq)
    HAL_RCC_GetSysClockFreq                  0x08001881   Thumb Code    88  stm32f4xx_hal_rcc_1.o(i.HAL_RCC_GetSysClockFreq)
    HAL_RCC_OscConfig                        0x080018e1   Thumb Code  1160  stm32f4xx_hal_rcc_1.o(i.HAL_RCC_OscConfig)
    HAL_SYSTICK_Config                       0x08001d69   Thumb Code    40  stm32f4xx_hal_cortex_1.o(i.HAL_SYSTICK_Config)
    HAL_UART_Init                            0x08001d91   Thumb Code   246  stm32f4xx_hal_uart_1.o(i.HAL_UART_Init)
    HAL_UART_MspInit                         0x08001edd   Thumb Code    94  stm32f4xx_hal_msp.o(i.HAL_UART_MspInit)
    HardFault_Handler                        0x08001f49   Thumb Code     2  stm32f4xx_it.o(i.HardFault_Handler)
    MemManage_Handler                        0x0800251b   Thumb Code     2  stm32f4xx_it.o(i.MemManage_Handler)
    NMI_Handler                              0x0800251d   Thumb Code     2  stm32f4xx_it.o(i.NMI_Handler)
    PendSV_Handler                           0x0800251f   Thumb Code     2  stm32f4xx_it.o(i.PendSV_Handler)
    SVC_Handler                              0x08002521   Thumb Code     2  stm32f4xx_it.o(i.SVC_Handler)
    SysTick_Handler                          0x08002523   Thumb Code     4  stm32f4xx_it.o(i.SysTick_Handler)
    SystemClock_Config                       0x08002529   Thumb Code   134  main.o(i.SystemClock_Config)
    SystemInit                               0x080025b9   Thumb Code    12  system_stm32f4xx_1.o(i.SystemInit)
    UsageFault_Handler                       0x08002769   Thumb Code     2  stm32f4xx_it.o(i.UsageFault_Handler)
    VL53L0X_CheckAndLoadInterruptSettings    0x0800276d   Thumb Code   208  vl53l0x_api.o(i.VL53L0X_CheckAndLoadInterruptSettings)
    VL53L0X_ClearInterruptMask               0x08002841   Thumb Code    76  vl53l0x_api.o(i.VL53L0X_ClearInterruptMask)
    VL53L0X_DataInit                         0x0800288d   Thumb Code   442  vl53l0x_api.o(i.VL53L0X_DataInit)
    VL53L0X_GetDeviceParameters              0x08002a61   Thumb Code   152  vl53l0x_api.o(i.VL53L0X_GetDeviceParameters)
    VL53L0X_GetFractionEnable                0x08002af9   Thumb Code    26  vl53l0x_api.o(i.VL53L0X_GetFractionEnable)
    VL53L0X_GetInterMeasurementPeriodMilliSeconds 0x08002b13   Thumb Code    54  vl53l0x_api.o(i.VL53L0X_GetInterMeasurementPeriodMilliSeconds)
    VL53L0X_GetInterruptMaskStatus           0x08002b49   Thumb Code    34  vl53l0x_api.o(i.VL53L0X_GetInterruptMaskStatus)
    VL53L0X_GetInterruptThresholds           0x08002b6b   Thumb Code    52  vl53l0x_api.o(i.VL53L0X_GetInterruptThresholds)
    VL53L0X_GetLimitCheckEnable              0x08002b9f   Thumb Code    24  vl53l0x_api.o(i.VL53L0X_GetLimitCheckEnable)
    VL53L0X_GetLimitCheckValue               0x08002bb7   Thumb Code   132  vl53l0x_api.o(i.VL53L0X_GetLimitCheckValue)
    VL53L0X_GetMeasurementDataReady          0x08002c3b   Thumb Code    58  vl53l0x_api.o(i.VL53L0X_GetMeasurementDataReady)
    VL53L0X_GetMeasurementTimingBudgetMicroSeconds 0x08002c75   Thumb Code     4  vl53l0x_api.o(i.VL53L0X_GetMeasurementTimingBudgetMicroSeconds)
    VL53L0X_GetOffsetCalibrationDataMicroMeter 0x08002c79   Thumb Code     4  vl53l0x_api.o(i.VL53L0X_GetOffsetCalibrationDataMicroMeter)
    VL53L0X_GetRangingMeasurementData        0x08002c7d   Thumb Code   300  vl53l0x_api.o(i.VL53L0X_GetRangingMeasurementData)
    VL53L0X_GetSequenceStepEnables           0x08002da9   Thumb Code   114  vl53l0x_api.o(i.VL53L0X_GetSequenceStepEnables)
    VL53L0X_GetVcselPulsePeriod              0x08002e1b   Thumb Code     4  vl53l0x_api.o(i.VL53L0X_GetVcselPulsePeriod)
    VL53L0X_GetWrapAroundCheckEnable         0x08002e1f   Thumb Code    44  vl53l0x_api.o(i.VL53L0X_GetWrapAroundCheckEnable)
    VL53L0X_GetXTalkCompensationEnable       0x08002e4b   Thumb Code    10  vl53l0x_api.o(i.VL53L0X_GetXTalkCompensationEnable)
    VL53L0X_GetXTalkCompensationRateMegaCps  0x08002e55   Thumb Code    44  vl53l0x_api.o(i.VL53L0X_GetXTalkCompensationRateMegaCps)
    VL53L0X_PerformRefCalibration            0x08002e81   Thumb Code     6  vl53l0x_api.o(i.VL53L0X_PerformRefCalibration)
    VL53L0X_PerformRefSpadManagement         0x08002e87   Thumb Code     4  vl53l0x_api.o(i.VL53L0X_PerformRefSpadManagement)
    VL53L0X_PerformSingleMeasurement         0x08002e8b   Thumb Code    34  vl53l0x_api.o(i.VL53L0X_PerformSingleMeasurement)
    VL53L0X_PerformSingleRangingMeasurement  0x08002ead   Thumb Code    52  vl53l0x_api.o(i.VL53L0X_PerformSingleRangingMeasurement)
    VL53L0X_PollingDelay                     0x08002ee1   Thumb Code    14  vl53l0x_platform.o(i.VL53L0X_PollingDelay)
    VL53L0X_RdByte                           0x08002eef   Thumb Code    72  vl53l0x_platform.o(i.VL53L0X_RdByte)
    VL53L0X_RdDWord                          0x08002f37   Thumb Code    94  vl53l0x_platform.o(i.VL53L0X_RdDWord)
    VL53L0X_RdWord                           0x08002f95   Thumb Code    84  vl53l0x_platform.o(i.VL53L0X_RdWord)
    VL53L0X_ReadMulti                        0x08002fe9   Thumb Code    96  vl53l0x_platform.o(i.VL53L0X_ReadMulti)
    VL53L0X_SetDeviceAddress                 0x08003049   Thumb Code     8  vl53l0x_api.o(i.VL53L0X_SetDeviceAddress)
    VL53L0X_SetDeviceMode                    0x08003051   Thumb Code    36  vl53l0x_api.o(i.VL53L0X_SetDeviceMode)
    VL53L0X_SetGpioConfig                    0x08003075   Thumb Code   342  vl53l0x_api.o(i.VL53L0X_SetGpioConfig)
    VL53L0X_SetLimitCheckEnable              0x080031cb   Thumb Code   128  vl53l0x_api.o(i.VL53L0X_SetLimitCheckEnable)
    VL53L0X_SetLimitCheckValue               0x0800324b   Thumb Code    80  vl53l0x_api.o(i.VL53L0X_SetLimitCheckValue)
    VL53L0X_SetMeasurementTimingBudgetMicroSeconds 0x0800329b   Thumb Code     4  vl53l0x_api.o(i.VL53L0X_SetMeasurementTimingBudgetMicroSeconds)
    VL53L0X_SetRefCalibration                0x0800329f   Thumb Code     4  vl53l0x_api.o(i.VL53L0X_SetRefCalibration)
    VL53L0X_SetReferenceSpads                0x080032a3   Thumb Code     4  vl53l0x_api.o(i.VL53L0X_SetReferenceSpads)
    VL53L0X_SetSequenceStepEnable            0x080032a7   Thumb Code   172  vl53l0x_api.o(i.VL53L0X_SetSequenceStepEnable)
    VL53L0X_StartMeasurement                 0x08003353   Thumb Code   210  vl53l0x_api.o(i.VL53L0X_StartMeasurement)
    VL53L0X_StaticInit                       0x08003425   Thumb Code   368  vl53l0x_api.o(i.VL53L0X_StaticInit)
    VL53L0X_UpdateByte                       0x08003599   Thumb Code    42  vl53l0x_platform.o(i.VL53L0X_UpdateByte)
    VL53L0X_WrByte                           0x080035c3   Thumb Code    52  vl53l0x_platform.o(i.VL53L0X_WrByte)
    VL53L0X_WrWord                           0x080035f7   Thumb Code    58  vl53l0x_platform.o(i.VL53L0X_WrWord)
    VL53L0X_WriteMulti                       0x08003631   Thumb Code    72  vl53l0x_platform.o(i.VL53L0X_WriteMulti)
    VL53L0X_calc_dmax                        0x0800367d   Thumb Code   142  vl53l0x_api_core.o(i.VL53L0X_calc_dmax)
    VL53L0X_calc_macro_period_ps             0x0800370b   Thumb Code    16  vl53l0x_api_core.o(i.VL53L0X_calc_macro_period_ps)
    VL53L0X_calc_sigma_estimate              0x0800371d   Thumb Code   494  vl53l0x_api_core.o(i.VL53L0X_calc_sigma_estimate)
    VL53L0X_calc_timeout_mclks               0x08003919   Thumb Code    34  vl53l0x_api_core.o(i.VL53L0X_calc_timeout_mclks)
    VL53L0X_calc_timeout_us                  0x0800393b   Thumb Code    34  vl53l0x_api_core.o(i.VL53L0X_calc_timeout_us)
    VL53L0X_decode_timeout                   0x0800395d   Thumb Code    10  vl53l0x_api_core.o(i.VL53L0X_decode_timeout)
    VL53L0X_decode_vcsel_period              0x08003967   Thumb Code     8  vl53l0x_api_core.o(i.VL53L0X_decode_vcsel_period)
    VL53L0X_device_read_strobe               0x0800396f   Thumb Code    72  vl53l0x_api_core.o(i.VL53L0X_device_read_strobe)
    VL53L0X_encode_timeout                   0x080039b7   Thumb Code    30  vl53l0x_api_core.o(i.VL53L0X_encode_timeout)
    VL53L0X_get_info_from_device             0x080039d5   Thumb Code  1324  vl53l0x_api_core.o(i.VL53L0X_get_info_from_device)
    VL53L0X_get_measurement_timing_budget_micro_seconds 0x08003f01   Thumb Code   196  vl53l0x_api_core.o(i.VL53L0X_get_measurement_timing_budget_micro_seconds)
    VL53L0X_get_offset_calibration_data_micro_meter 0x08003fc5   Thumb Code    52  vl53l0x_api_calibration.o(i.VL53L0X_get_offset_calibration_data_micro_meter)
    VL53L0X_get_pal_range_status             0x08003ff9   Thumb Code   480  vl53l0x_api_core.o(i.VL53L0X_get_pal_range_status)
    VL53L0X_get_total_signal_rate            0x080041d9   Thumb Code    28  vl53l0x_api_core.o(i.VL53L0X_get_total_signal_rate)
    VL53L0X_get_total_xtalk_rate             0x080041f5   Thumb Code    46  vl53l0x_api_core.o(i.VL53L0X_get_total_xtalk_rate)
    VL53L0X_get_vcsel_pulse_period           0x08004223   Thumb Code    48  vl53l0x_api_core.o(i.VL53L0X_get_vcsel_pulse_period)
    VL53L0X_isqrt                            0x08004253   Thumb Code    42  vl53l0x_api_core.o(i.VL53L0X_isqrt)
    VL53L0X_load_tuning_settings             0x0800427d   Thumb Code   154  vl53l0x_api_core.o(i.VL53L0X_load_tuning_settings)
    VL53L0X_measurement_poll_for_completion  0x08004317   Thumb Code    54  vl53l0x_api_core.o(i.VL53L0X_measurement_poll_for_completion)
    VL53L0X_perform_phase_calibration        0x0800434d   Thumb Code   116  vl53l0x_api_calibration.o(i.VL53L0X_perform_phase_calibration)
    VL53L0X_perform_ref_calibration          0x080043c1   Thumb Code    64  vl53l0x_api_calibration.o(i.VL53L0X_perform_ref_calibration)
    VL53L0X_perform_ref_spad_management      0x08004401   Thumb Code   560  vl53l0x_api_calibration.o(i.VL53L0X_perform_ref_spad_management)
    VL53L0X_perform_single_ref_calibration   0x08004631   Thumb Code    56  vl53l0x_api_calibration.o(i.VL53L0X_perform_single_ref_calibration)
    VL53L0X_perform_vhv_calibration          0x08004669   Thumb Code   116  vl53l0x_api_calibration.o(i.VL53L0X_perform_vhv_calibration)
    VL53L0X_ref_calibration_io               0x080046dd   Thumb Code   182  vl53l0x_api_calibration.o(i.VL53L0X_ref_calibration_io)
    VL53L0X_set_measurement_timing_budget_micro_seconds 0x08004793   Thumb Code   188  vl53l0x_api_core.o(i.VL53L0X_set_measurement_timing_budget_micro_seconds)
    VL53L0X_set_ref_calibration              0x0800484f   Thumb Code    32  vl53l0x_api_calibration.o(i.VL53L0X_set_ref_calibration)
    VL53L0X_set_reference_spads              0x0800486f   Thumb Code   166  vl53l0x_api_calibration.o(i.VL53L0X_set_reference_spads)
    assert_failed                            0x08004935   Thumb Code     2  main.o(i.assert_failed)
    enable_ref_spads                         0x08004937   Thumb Code   146  vl53l0x_api_calibration.o(i.enable_ref_spads)
    enable_spad_bit                          0x080049c9   Thumb Code    42  vl53l0x_api_calibration.o(i.enable_spad_bit)
    get_dmax_lut_points                      0x080049f3   Thumb Code    68  vl53l0x_api_core.o(i.get_dmax_lut_points)
    get_next_good_spad                       0x08004a37   Thumb Code    84  vl53l0x_api_calibration.o(i.get_next_good_spad)
    get_ref_spad_map                         0x08004a8b   Thumb Code    10  vl53l0x_api_calibration.o(i.get_ref_spad_map)
    get_sequence_step_timeout                0x08004a95   Thumb Code   242  vl53l0x_api_core.o(i.get_sequence_step_timeout)
    is_aperture                              0x08004c3d   Thumb Code    20  vl53l0x_api_calibration.o(i.is_aperture)
    main                                     0x08004c55   Thumb Code   210  main.o(i.main)
    perform_ref_signal_measurement           0x08004d45   Thumb Code   100  vl53l0x_api_calibration.o(i.perform_ref_signal_measurement)
    sequence_step_enabled                    0x08004da9   Thumb Code    56  vl53l0x_api.o(i.sequence_step_enabled)
    set_ref_spad_map                         0x08004de1   Thumb Code    10  vl53l0x_api_calibration.o(i.set_ref_spad_map)
    set_sequence_step_timeout                0x08004deb   Thumb Code   260  vl53l0x_api_core.o(i.set_sequence_step_timeout)
    _fp_init                                 0x08004f2f   Thumb Code    10  fpinit.o(x$fpl$fpinit)
    __fplib_config_fpu_vfp                   0x08004f37   Thumb Code     0  fpinit.o(x$fpl$fpinit)
    __fplib_config_pureend_doubles           0x08004f37   Thumb Code     0  fpinit.o(x$fpl$fpinit)
    AHBPrescTable                            0x08004f38   Data          16  system_stm32f4xx_1.o(.constdata)
    APBPrescTable                            0x08004f48   Data           8  system_stm32f4xx_1.o(.constdata)
    Region$$Table$$Base                      0x08004f50   Number         0  anon$$obj.o(Region$$Table)
    Region$$Table$$Limit                     0x08004f70   Number         0  anon$$obj.o(Region$$Table)
    uwTickFreq                               0x20000010   Data           1  stm32f4xx_hal_1.o(.data)
    uwTickPrio                               0x20000014   Data           4  stm32f4xx_hal_1.o(.data)
    uwTick                                   0x20000018   Data           4  stm32f4xx_hal_1.o(.data)
    SystemCoreClock                          0x2000001c   Data           4  system_stm32f4xx_1.o(.data)
    DefaultTuningSettings                    0x20000020   Data         243  vl53l0x_api.o(.data)
    InterruptThresholdSettings               0x20000113   Data         438  vl53l0x_api.o(.data)
    refArrayQuadrants                        0x200002cc   Data          16  vl53l0x_api_calibration.o(.data)
    hi2c1                                    0x200004ac   Data          84  main.o(.bss)
    huart1                                   0x20000500   Data          68  main.o(.bss)
    __libspace_start                         0x20000564   Data          96  libspace.o(.bss)
    __temporary_stack_top$libspace           0x200005c4   Data           0  libspace.o(.bss)



==============================================================================

Memory Map of the image

  Image Entry point : 0x08000189

  Load Region LR_IROM1 (Base: 0x08000000, Size: 0x0000524c, Max: 0x00100000, ABSOLUTE, COMPRESSED[0x00005204])

    Execution Region ER_IROM1 (Exec base: 0x08000000, Load base: 0x08000000, Size: 0x00004f70, Max: 0x00100000, ABSOLUTE)

    Exec Addr    Load Addr    Size         Type   Attr      Idx    E Section Name        Object

    0x08000000   0x08000000   0x00000188   Data   RO            3    RESET               startup_stm32f407xx.o
    0x08000188   0x08000188   0x00000008   Code   RO         3487  * !!!main             c_w.l(__main.o)
    0x08000190   0x08000190   0x00000034   Code   RO         3658    !!!scatter          c_w.l(__scatter.o)
    0x080001c4   0x080001c4   0x00000064   Code   RO         3656    !!dclz77c           c_w.l(__dclz77c.o)
    0x08000228   0x08000228   0x0000001c   Code   RO         3660    !!handler_zi        c_w.l(__scatter_zi.o)
    0x08000244   0x08000244   0x00000002   Code   RO         3524    .ARM.Collect$$libinit$$00000000  c_w.l(libinit.o)
    0x08000246   0x08000246   0x00000004   Code   RO         3536    .ARM.Collect$$libinit$$00000001  c_w.l(libinit2.o)
    0x0800024a   0x0800024a   0x00000000   Code   RO         3539    .ARM.Collect$$libinit$$00000004  c_w.l(libinit2.o)
    0x0800024a   0x0800024a   0x00000000   Code   RO         3542    .ARM.Collect$$libinit$$0000000A  c_w.l(libinit2.o)
    0x0800024a   0x0800024a   0x00000000   Code   RO         3544    .ARM.Collect$$libinit$$0000000C  c_w.l(libinit2.o)
    0x0800024a   0x0800024a   0x00000000   Code   RO         3546    .ARM.Collect$$libinit$$0000000E  c_w.l(libinit2.o)
    0x0800024a   0x0800024a   0x00000000   Code   RO         3549    .ARM.Collect$$libinit$$00000011  c_w.l(libinit2.o)
    0x0800024a   0x0800024a   0x00000000   Code   RO         3551    .ARM.Collect$$libinit$$00000013  c_w.l(libinit2.o)
    0x0800024a   0x0800024a   0x00000000   Code   RO         3553    .ARM.Collect$$libinit$$00000015  c_w.l(libinit2.o)
    0x0800024a   0x0800024a   0x00000000   Code   RO         3555    .ARM.Collect$$libinit$$00000017  c_w.l(libinit2.o)
    0x0800024a   0x0800024a   0x00000000   Code   RO         3557    .ARM.Collect$$libinit$$00000019  c_w.l(libinit2.o)
    0x0800024a   0x0800024a   0x00000000   Code   RO         3559    .ARM.Collect$$libinit$$0000001B  c_w.l(libinit2.o)
    0x0800024a   0x0800024a   0x00000000   Code   RO         3561    .ARM.Collect$$libinit$$0000001D  c_w.l(libinit2.o)
    0x0800024a   0x0800024a   0x00000000   Code   RO         3563    .ARM.Collect$$libinit$$0000001F  c_w.l(libinit2.o)
    0x0800024a   0x0800024a   0x00000000   Code   RO         3565    .ARM.Collect$$libinit$$00000021  c_w.l(libinit2.o)
    0x0800024a   0x0800024a   0x00000000   Code   RO         3567    .ARM.Collect$$libinit$$00000023  c_w.l(libinit2.o)
    0x0800024a   0x0800024a   0x00000000   Code   RO         3569    .ARM.Collect$$libinit$$00000025  c_w.l(libinit2.o)
    0x0800024a   0x0800024a   0x00000000   Code   RO         3573    .ARM.Collect$$libinit$$0000002C  c_w.l(libinit2.o)
    0x0800024a   0x0800024a   0x00000000   Code   RO         3575    .ARM.Collect$$libinit$$0000002E  c_w.l(libinit2.o)
    0x0800024a   0x0800024a   0x00000000   Code   RO         3577    .ARM.Collect$$libinit$$00000030  c_w.l(libinit2.o)
    0x0800024a   0x0800024a   0x00000000   Code   RO         3579    .ARM.Collect$$libinit$$00000032  c_w.l(libinit2.o)
    0x0800024a   0x0800024a   0x00000002   Code   RO         3580    .ARM.Collect$$libinit$$00000033  c_w.l(libinit2.o)
    0x0800024c   0x0800024c   0x00000002   Code   RO         3611    .ARM.Collect$$libshutdown$$00000000  c_w.l(libshutdown.o)
    0x0800024e   0x0800024e   0x00000000   Code   RO         3637    .ARM.Collect$$libshutdown$$00000002  c_w.l(libshutdown2.o)
    0x0800024e   0x0800024e   0x00000000   Code   RO         3639    .ARM.Collect$$libshutdown$$00000004  c_w.l(libshutdown2.o)
    0x0800024e   0x0800024e   0x00000000   Code   RO         3641    .ARM.Collect$$libshutdown$$00000006  c_w.l(libshutdown2.o)
    0x0800024e   0x0800024e   0x00000000   Code   RO         3644    .ARM.Collect$$libshutdown$$00000009  c_w.l(libshutdown2.o)
    0x0800024e   0x0800024e   0x00000000   Code   RO         3647    .ARM.Collect$$libshutdown$$0000000C  c_w.l(libshutdown2.o)
    0x0800024e   0x0800024e   0x00000000   Code   RO         3649    .ARM.Collect$$libshutdown$$0000000E  c_w.l(libshutdown2.o)
    0x0800024e   0x0800024e   0x00000000   Code   RO         3652    .ARM.Collect$$libshutdown$$00000011  c_w.l(libshutdown2.o)
    0x0800024e   0x0800024e   0x00000002   Code   RO         3653    .ARM.Collect$$libshutdown$$00000012  c_w.l(libshutdown2.o)
    0x08000250   0x08000250   0x00000000   Code   RO         3489    .ARM.Collect$$rtentry$$00000000  c_w.l(__rtentry.o)
    0x08000250   0x08000250   0x00000000   Code   RO         3495    .ARM.Collect$$rtentry$$00000002  c_w.l(__rtentry2.o)
    0x08000250   0x08000250   0x00000006   Code   RO         3507    .ARM.Collect$$rtentry$$00000004  c_w.l(__rtentry4.o)
    0x08000256   0x08000256   0x00000000   Code   RO         3497    .ARM.Collect$$rtentry$$00000009  c_w.l(__rtentry2.o)
    0x08000256   0x08000256   0x00000004   Code   RO         3498    .ARM.Collect$$rtentry$$0000000A  c_w.l(__rtentry2.o)
    0x0800025a   0x0800025a   0x00000000   Code   RO         3500    .ARM.Collect$$rtentry$$0000000C  c_w.l(__rtentry2.o)
    0x0800025a   0x0800025a   0x00000008   Code   RO         3501    .ARM.Collect$$rtentry$$0000000D  c_w.l(__rtentry2.o)
    0x08000262   0x08000262   0x00000002   Code   RO         3528    .ARM.Collect$$rtexit$$00000000  c_w.l(rtexit.o)
    0x08000264   0x08000264   0x00000000   Code   RO         3584    .ARM.Collect$$rtexit$$00000002  c_w.l(rtexit2.o)
    0x08000264   0x08000264   0x00000004   Code   RO         3585    .ARM.Collect$$rtexit$$00000003  c_w.l(rtexit2.o)
    0x08000268   0x08000268   0x00000006   Code   RO         3586    .ARM.Collect$$rtexit$$00000004  c_w.l(rtexit2.o)
    0x0800026e   0x0800026e   0x00000002   PAD
    0x08000270   0x08000270   0x00000040   Code   RO            4    .text               startup_stm32f407xx.o
    0x080002b0   0x080002b0   0x000000ee   Code   RO         3475    .text               c_w.l(lludivv7m.o)
    0x0800039e   0x0800039e   0x00000048   Code   RO         3477    .text               c_w.l(strcpy.o)
    0x080003e6   0x080003e6   0x0000008a   Code   RO         3479    .text               c_w.l(rt_memcpy_v6.o)
    0x08000470   0x08000470   0x00000064   Code   RO         3481    .text               c_w.l(rt_memcpy_w.o)
    0x080004d4   0x080004d4   0x0000004e   Code   RO         3483    .text               c_w.l(rt_memclr_w.o)
    0x08000522   0x08000522   0x00000006   Code   RO         3485    .text               c_w.l(heapauxi.o)
    0x08000528   0x08000528   0x0000004a   Code   RO         3511    .text               c_w.l(sys_stackheap_outer.o)
    0x08000572   0x08000572   0x00000012   Code   RO         3513    .text               c_w.l(exit.o)
    0x08000584   0x08000584   0x00000008   Code   RO         3525    .text               c_w.l(libspace.o)
    0x0800058c   0x0800058c   0x0000000c   Code   RO         3581    .text               c_w.l(sys_exit.o)
    0x08000598   0x08000598   0x00000002   Code   RO         3600    .text               c_w.l(use_no_semi.o)
    0x0800059a   0x0800059a   0x00000000   Code   RO         3602    .text               c_w.l(indicate_semi.o)
    0x0800059a   0x0800059a   0x00000002   Code   RO          189    i.BusFault_Handler  stm32f4xx_it.o
    0x0800059c   0x0800059c   0x00000002   Code   RO          190    i.DebugMon_Handler  stm32f4xx_it.o
    0x0800059e   0x0800059e   0x00000002   PAD
    0x080005a0   0x080005a0   0x00000024   Code   RO         1658    i.HAL_Delay         stm32f4xx_hal_1.o
    0x080005c4   0x080005c4   0x00000198   Code   RO         1129    i.HAL_GPIO_DeInit   stm32f4xx_hal_gpio_1.o
    0x0800075c   0x0800075c   0x000002f8   Code   RO         1132    i.HAL_GPIO_Init     stm32f4xx_hal_gpio_1.o
    0x08000a54   0x08000a54   0x00000058   Code   RO         1134    i.HAL_GPIO_ReadPin  stm32f4xx_hal_gpio_1.o
    0x08000aac   0x08000aac   0x0000006c   Code   RO         1136    i.HAL_GPIO_WritePin  stm32f4xx_hal_gpio_1.o
    0x08000b18   0x08000b18   0x0000000c   Code   RO         1664    i.HAL_GetTick       stm32f4xx_hal_1.o
    0x08000b24   0x08000b24   0x00000094   Code   RO          314    i.HAL_I2C_DeInit    stm32f4xx_hal_i2c_1.o
    0x08000bb8   0x08000bb8   0x00000288   Code   RO          323    i.HAL_I2C_Init      stm32f4xx_hal_i2c_1.o
    0x08000e40   0x08000e40   0x000001e0   Code   RO          329    i.HAL_I2C_Master_Receive  stm32f4xx_hal_i2c_1.o
    0x08001020   0x08001020   0x0000012c   Code   RO          336    i.HAL_I2C_Master_Transmit  stm32f4xx_hal_i2c_1.o
    0x0800114c   0x0800114c   0x00000240   Code   RO          341    i.HAL_I2C_Mem_Read  stm32f4xx_hal_i2c_1.o
    0x0800138c   0x0800138c   0x00000038   Code   RO          264    i.HAL_I2C_MspDeInit  stm32f4xx_hal_msp.o
    0x080013c4   0x080013c4   0x00000068   Code   RO          265    i.HAL_I2C_MspInit   stm32f4xx_hal_msp.o
    0x0800142c   0x0800142c   0x00000010   Code   RO         1670    i.HAL_IncTick       stm32f4xx_hal_1.o
    0x0800143c   0x0800143c   0x00000034   Code   RO         1671    i.HAL_Init          stm32f4xx_hal_1.o
    0x08001470   0x08001470   0x00000040   Code   RO         1672    i.HAL_InitTick      stm32f4xx_hal_1.o
    0x080014b0   0x080014b0   0x00000030   Code   RO          266    i.HAL_MspInit       stm32f4xx_hal_msp.o
    0x080014e0   0x080014e0   0x0000009c   Code   RO         1527    i.HAL_NVIC_SetPriority  stm32f4xx_hal_cortex_1.o
    0x0800157c   0x0800157c   0x00000080   Code   RO         1528    i.HAL_NVIC_SetPriorityGrouping  stm32f4xx_hal_cortex_1.o
    0x080015fc   0x080015fc   0x00000244   Code   RO          763    i.HAL_RCC_ClockConfig  stm32f4xx_hal_rcc_1.o
    0x08001840   0x08001840   0x00000020   Code   RO          770    i.HAL_RCC_GetPCLK1Freq  stm32f4xx_hal_rcc_1.o
    0x08001860   0x08001860   0x00000020   Code   RO          771    i.HAL_RCC_GetPCLK2Freq  stm32f4xx_hal_rcc_1.o
    0x08001880   0x08001880   0x00000060   Code   RO          772    i.HAL_RCC_GetSysClockFreq  stm32f4xx_hal_rcc_1.o
    0x080018e0   0x080018e0   0x00000488   Code   RO          775    i.HAL_RCC_OscConfig  stm32f4xx_hal_rcc_1.o
    0x08001d68   0x08001d68   0x00000028   Code   RO         1532    i.HAL_SYSTICK_Config  stm32f4xx_hal_cortex_1.o
    0x08001d90   0x08001d90   0x0000014c   Code   RO         1974    i.HAL_UART_Init     stm32f4xx_hal_uart_1.o
    0x08001edc   0x08001edc   0x0000006c   Code   RO          268    i.HAL_UART_MspInit  stm32f4xx_hal_msp.o
    0x08001f48   0x08001f48   0x00000002   Code   RO          191    i.HardFault_Handler  stm32f4xx_it.o
    0x08001f4a   0x08001f4a   0x00000002   PAD
    0x08001f4c   0x08001f4c   0x00000118   Code   RO         3354    i.I2C_ClearBusyFlagErratum  vl53l0x_platform.o
    0x08002064   0x08002064   0x0000002e   Code   RO          365    i.I2C_IsAcknowledgeFailed  stm32f4xx_hal_i2c_1.o
    0x08002092   0x08002092   0x00000002   PAD
    0x08002094   0x08002094   0x000000ec   Code   RO          368    i.I2C_MasterRequestRead  stm32f4xx_hal_i2c_1.o
    0x08002180   0x08002180   0x0000009c   Code   RO          369    i.I2C_MasterRequestWrite  stm32f4xx_hal_i2c_1.o
    0x0800221c   0x0800221c   0x000000fc   Code   RO          375    i.I2C_RequestMemoryRead  stm32f4xx_hal_i2c_1.o
    0x08002318   0x08002318   0x0000004c   Code   RO          380    i.I2C_WaitOnBTFFlagUntilTimeout  stm32f4xx_hal_i2c_1.o
    0x08002364   0x08002364   0x00000068   Code   RO          381    i.I2C_WaitOnFlagUntilTimeout  stm32f4xx_hal_i2c_1.o
    0x080023cc   0x080023cc   0x00000098   Code   RO          382    i.I2C_WaitOnMasterAddressFlagUntilTimeout  stm32f4xx_hal_i2c_1.o
    0x08002464   0x08002464   0x0000006a   Code   RO          383    i.I2C_WaitOnRXNEFlagUntilTimeout  stm32f4xx_hal_i2c_1.o
    0x080024ce   0x080024ce   0x0000004c   Code   RO          384    i.I2C_WaitOnTXEFlagUntilTimeout  stm32f4xx_hal_i2c_1.o
    0x0800251a   0x0800251a   0x00000002   Code   RO          192    i.MemManage_Handler  stm32f4xx_it.o
    0x0800251c   0x0800251c   0x00000002   Code   RO          193    i.NMI_Handler       stm32f4xx_it.o
    0x0800251e   0x0800251e   0x00000002   Code   RO          194    i.PendSV_Handler    stm32f4xx_it.o
    0x08002520   0x08002520   0x00000002   Code   RO          195    i.SVC_Handler       stm32f4xx_it.o
    0x08002522   0x08002522   0x00000004   Code   RO          196    i.SysTick_Handler   stm32f4xx_it.o
    0x08002526   0x08002526   0x00000002   PAD
    0x08002528   0x08002528   0x00000090   Code   RO           14    i.SystemClock_Config  main.o
    0x080025b8   0x080025b8   0x00000010   Code   RO         2303    i.SystemInit        system_stm32f4xx_1.o
    0x080025c8   0x080025c8   0x000001a0   Code   RO         2000    i.UART_SetConfig    stm32f4xx_hal_uart_1.o
    0x08002768   0x08002768   0x00000002   Code   RO          197    i.UsageFault_Handler  stm32f4xx_it.o
    0x0800276a   0x0800276a   0x00000002   PAD
    0x0800276c   0x0800276c   0x000000d4   Code   RO         2340    i.VL53L0X_CheckAndLoadInterruptSettings  vl53l0x_api.o
    0x08002840   0x08002840   0x0000004c   Code   RO         2341    i.VL53L0X_ClearInterruptMask  vl53l0x_api.o
    0x0800288c   0x0800288c   0x000001d4   Code   RO         2342    i.VL53L0X_DataInit  vl53l0x_api.o
    0x08002a60   0x08002a60   0x00000098   Code   RO         2348    i.VL53L0X_GetDeviceParameters  vl53l0x_api.o
    0x08002af8   0x08002af8   0x0000001a   Code   RO         2349    i.VL53L0X_GetFractionEnable  vl53l0x_api.o
    0x08002b12   0x08002b12   0x00000036   Code   RO         2353    i.VL53L0X_GetInterMeasurementPeriodMilliSeconds  vl53l0x_api.o
    0x08002b48   0x08002b48   0x00000022   Code   RO         2354    i.VL53L0X_GetInterruptMaskStatus  vl53l0x_api.o
    0x08002b6a   0x08002b6a   0x00000034   Code   RO         2355    i.VL53L0X_GetInterruptThresholds  vl53l0x_api.o
    0x08002b9e   0x08002b9e   0x00000018   Code   RO         2357    i.VL53L0X_GetLimitCheckEnable  vl53l0x_api.o
    0x08002bb6   0x08002bb6   0x00000084   Code   RO         2360    i.VL53L0X_GetLimitCheckValue  vl53l0x_api.o
    0x08002c3a   0x08002c3a   0x0000003a   Code   RO         2363    i.VL53L0X_GetMeasurementDataReady  vl53l0x_api.o
    0x08002c74   0x08002c74   0x00000004   Code   RO         2365    i.VL53L0X_GetMeasurementTimingBudgetMicroSeconds  vl53l0x_api.o
    0x08002c78   0x08002c78   0x00000004   Code   RO         2369    i.VL53L0X_GetOffsetCalibrationDataMicroMeter  vl53l0x_api.o
    0x08002c7c   0x08002c7c   0x0000012c   Code   RO         2377    i.VL53L0X_GetRangingMeasurementData  vl53l0x_api.o
    0x08002da8   0x08002da8   0x00000072   Code   RO         2381    i.VL53L0X_GetSequenceStepEnables  vl53l0x_api.o
    0x08002e1a   0x08002e1a   0x00000004   Code   RO         2390    i.VL53L0X_GetVcselPulsePeriod  vl53l0x_api.o
    0x08002e1e   0x08002e1e   0x0000002c   Code   RO         2392    i.VL53L0X_GetWrapAroundCheckEnable  vl53l0x_api.o
    0x08002e4a   0x08002e4a   0x0000000a   Code   RO         2393    i.VL53L0X_GetXTalkCompensationEnable  vl53l0x_api.o
    0x08002e54   0x08002e54   0x0000002c   Code   RO         2394    i.VL53L0X_GetXTalkCompensationRateMegaCps  vl53l0x_api.o
    0x08002e80   0x08002e80   0x00000006   Code   RO         2396    i.VL53L0X_PerformRefCalibration  vl53l0x_api.o
    0x08002e86   0x08002e86   0x00000004   Code   RO         2397    i.VL53L0X_PerformRefSpadManagement  vl53l0x_api.o
    0x08002e8a   0x08002e8a   0x00000022   Code   RO         2399    i.VL53L0X_PerformSingleMeasurement  vl53l0x_api.o
    0x08002eac   0x08002eac   0x00000034   Code   RO         2400    i.VL53L0X_PerformSingleRangingMeasurement  vl53l0x_api.o
    0x08002ee0   0x08002ee0   0x0000000e   Code   RO         3355    i.VL53L0X_PollingDelay  vl53l0x_platform.o
    0x08002eee   0x08002eee   0x00000048   Code   RO         3356    i.VL53L0X_RdByte    vl53l0x_platform.o
    0x08002f36   0x08002f36   0x0000005e   Code   RO         3357    i.VL53L0X_RdDWord   vl53l0x_platform.o
    0x08002f94   0x08002f94   0x00000054   Code   RO         3358    i.VL53L0X_RdWord    vl53l0x_platform.o
    0x08002fe8   0x08002fe8   0x00000060   Code   RO         3359    i.VL53L0X_ReadMulti  vl53l0x_platform.o
    0x08003048   0x08003048   0x00000008   Code   RO         2404    i.VL53L0X_SetDeviceAddress  vl53l0x_api.o
    0x08003050   0x08003050   0x00000024   Code   RO         2405    i.VL53L0X_SetDeviceMode  vl53l0x_api.o
    0x08003074   0x08003074   0x00000156   Code   RO         2407    i.VL53L0X_SetGpioConfig  vl53l0x_api.o
    0x080031ca   0x080031ca   0x00000080   Code   RO         2412    i.VL53L0X_SetLimitCheckEnable  vl53l0x_api.o
    0x0800324a   0x0800324a   0x00000050   Code   RO         2413    i.VL53L0X_SetLimitCheckValue  vl53l0x_api.o
    0x0800329a   0x0800329a   0x00000004   Code   RO         2415    i.VL53L0X_SetMeasurementTimingBudgetMicroSeconds  vl53l0x_api.o
    0x0800329e   0x0800329e   0x00000004   Code   RO         2420    i.VL53L0X_SetRefCalibration  vl53l0x_api.o
    0x080032a2   0x080032a2   0x00000004   Code   RO         2421    i.VL53L0X_SetReferenceSpads  vl53l0x_api.o
    0x080032a6   0x080032a6   0x000000ac   Code   RO         2422    i.VL53L0X_SetSequenceStepEnable  vl53l0x_api.o
    0x08003352   0x08003352   0x000000d2   Code   RO         2431    i.VL53L0X_StartMeasurement  vl53l0x_api.o
    0x08003424   0x08003424   0x00000174   Code   RO         2432    i.VL53L0X_StaticInit  vl53l0x_api.o
    0x08003598   0x08003598   0x0000002a   Code   RO         3360    i.VL53L0X_UpdateByte  vl53l0x_platform.o
    0x080035c2   0x080035c2   0x00000034   Code   RO         3361    i.VL53L0X_WrByte    vl53l0x_platform.o
    0x080035f6   0x080035f6   0x0000003a   Code   RO         3363    i.VL53L0X_WrWord    vl53l0x_platform.o
    0x08003630   0x08003630   0x0000004c   Code   RO         3364    i.VL53L0X_WriteMulti  vl53l0x_platform.o
    0x0800367c   0x0800367c   0x0000008e   Code   RO         3105    i.VL53L0X_calc_dmax  vl53l0x_api_core.o
    0x0800370a   0x0800370a   0x00000010   Code   RO         3106    i.VL53L0X_calc_macro_period_ps  vl53l0x_api_core.o
    0x0800371a   0x0800371a   0x00000002   PAD
    0x0800371c   0x0800371c   0x000001fc   Code   RO         3107    i.VL53L0X_calc_sigma_estimate  vl53l0x_api_core.o
    0x08003918   0x08003918   0x00000022   Code   RO         3108    i.VL53L0X_calc_timeout_mclks  vl53l0x_api_core.o
    0x0800393a   0x0800393a   0x00000022   Code   RO         3109    i.VL53L0X_calc_timeout_us  vl53l0x_api_core.o
    0x0800395c   0x0800395c   0x0000000a   Code   RO         3110    i.VL53L0X_decode_timeout  vl53l0x_api_core.o
    0x08003966   0x08003966   0x00000008   Code   RO         3111    i.VL53L0X_decode_vcsel_period  vl53l0x_api_core.o
    0x0800396e   0x0800396e   0x00000048   Code   RO         3112    i.VL53L0X_device_read_strobe  vl53l0x_api_core.o
    0x080039b6   0x080039b6   0x0000001e   Code   RO         3113    i.VL53L0X_encode_timeout  vl53l0x_api_core.o
    0x080039d4   0x080039d4   0x0000052c   Code   RO         3115    i.VL53L0X_get_info_from_device  vl53l0x_api_core.o
    0x08003f00   0x08003f00   0x000000c4   Code   RO         3116    i.VL53L0X_get_measurement_timing_budget_micro_seconds  vl53l0x_api_core.o
    0x08003fc4   0x08003fc4   0x00000034   Code   RO         2950    i.VL53L0X_get_offset_calibration_data_micro_meter  vl53l0x_api_calibration.o
    0x08003ff8   0x08003ff8   0x000001e0   Code   RO         3117    i.VL53L0X_get_pal_range_status  vl53l0x_api_core.o
    0x080041d8   0x080041d8   0x0000001c   Code   RO         3118    i.VL53L0X_get_total_signal_rate  vl53l0x_api_core.o
    0x080041f4   0x080041f4   0x0000002e   Code   RO         3119    i.VL53L0X_get_total_xtalk_rate  vl53l0x_api_core.o
    0x08004222   0x08004222   0x00000030   Code   RO         3120    i.VL53L0X_get_vcsel_pulse_period  vl53l0x_api_core.o
    0x08004252   0x08004252   0x0000002a   Code   RO         3121    i.VL53L0X_isqrt     vl53l0x_api_core.o
    0x0800427c   0x0800427c   0x0000009a   Code   RO         3122    i.VL53L0X_load_tuning_settings  vl53l0x_api_core.o
    0x08004316   0x08004316   0x00000036   Code   RO         3123    i.VL53L0X_measurement_poll_for_completion  vl53l0x_api_core.o
    0x0800434c   0x0800434c   0x00000074   Code   RO         2954    i.VL53L0X_perform_phase_calibration  vl53l0x_api_calibration.o
    0x080043c0   0x080043c0   0x00000040   Code   RO         2955    i.VL53L0X_perform_ref_calibration  vl53l0x_api_calibration.o
    0x08004400   0x08004400   0x00000230   Code   RO         2956    i.VL53L0X_perform_ref_spad_management  vl53l0x_api_calibration.o
    0x08004630   0x08004630   0x00000038   Code   RO         2957    i.VL53L0X_perform_single_ref_calibration  vl53l0x_api_calibration.o
    0x08004668   0x08004668   0x00000074   Code   RO         2958    i.VL53L0X_perform_vhv_calibration  vl53l0x_api_calibration.o
    0x080046dc   0x080046dc   0x000000b6   Code   RO         2960    i.VL53L0X_ref_calibration_io  vl53l0x_api_calibration.o
    0x08004792   0x08004792   0x000000bc   Code   RO         3126    i.VL53L0X_set_measurement_timing_budget_micro_seconds  vl53l0x_api_core.o
    0x0800484e   0x0800484e   0x00000020   Code   RO         2962    i.VL53L0X_set_ref_calibration  vl53l0x_api_calibration.o
    0x0800486e   0x0800486e   0x000000a6   Code   RO         2963    i.VL53L0X_set_reference_spads  vl53l0x_api_calibration.o
    0x08004914   0x08004914   0x00000020   Code   RO         1534    i.__NVIC_SetPriority  stm32f4xx_hal_cortex_1.o
    0x08004934   0x08004934   0x00000002   Code   RO           15    i.assert_failed     main.o
    0x08004936   0x08004936   0x00000092   Code   RO         2965    i.enable_ref_spads  vl53l0x_api_calibration.o
    0x080049c8   0x080049c8   0x0000002a   Code   RO         2966    i.enable_spad_bit   vl53l0x_api_calibration.o
    0x080049f2   0x080049f2   0x00000044   Code   RO         3128    i.get_dmax_lut_points  vl53l0x_api_core.o
    0x08004a36   0x08004a36   0x00000054   Code   RO         2967    i.get_next_good_spad  vl53l0x_api_calibration.o
    0x08004a8a   0x08004a8a   0x0000000a   Code   RO         2968    i.get_ref_spad_map  vl53l0x_api_calibration.o
    0x08004a94   0x08004a94   0x000000f2   Code   RO         3129    i.get_sequence_step_timeout  vl53l0x_api_core.o
    0x08004b86   0x08004b86   0x00000002   PAD
    0x08004b88   0x08004b88   0x000000b4   Code   RO           16    i.initSensor        main.o
    0x08004c3c   0x08004c3c   0x00000018   Code   RO         2969    i.is_aperture       vl53l0x_api_calibration.o
    0x08004c54   0x08004c54   0x000000f0   Code   RO           17    i.main              main.o
    0x08004d44   0x08004d44   0x00000064   Code   RO         2970    i.perform_ref_signal_measurement  vl53l0x_api_calibration.o
    0x08004da8   0x08004da8   0x00000038   Code   RO         2436    i.sequence_step_enabled  vl53l0x_api.o
    0x08004de0   0x08004de0   0x0000000a   Code   RO         2971    i.set_ref_spad_map  vl53l0x_api_calibration.o
    0x08004dea   0x08004dea   0x00000104   Code   RO         3130    i.set_sequence_step_timeout  vl53l0x_api_core.o
    0x08004eee   0x08004eee   0x00000040   Code   RO         3367    i.wait_for_gpio_state_timeout  vl53l0x_platform.o
    0x08004f2e   0x08004f2e   0x0000000a   Code   RO         3596    x$fpl$fpinit        fz_wm.l(fpinit.o)
    0x08004f38   0x08004f38   0x00000010   Data   RO         2304    .constdata          system_stm32f4xx_1.o
    0x08004f48   0x08004f48   0x00000008   Data   RO         2305    .constdata          system_stm32f4xx_1.o
    0x08004f50   0x08004f50   0x00000020   Data   RO         3654    Region$$Table       anon$$obj.o


    Execution Region RW_IRAM2 (Exec base: 0x10000000, Load base: 0x08005204, Size: 0x00000000, Max: 0x00010000, ABSOLUTE)

    **** No section assigned to this execution region ****


    Execution Region RW_IRAM1 (Exec base: 0x20000000, Load base: 0x08004f70, Size: 0x00000bc8, Max: 0x00020000, ABSOLUTE, COMPRESSED[0x00000294])

    Exec Addr    Load Addr    Size         Type   Attr      Idx    E Section Name        Object

    0x20000000   COMPRESSED   0x00000010   Data   RW           19    .data               main.o
    0x20000010   COMPRESSED   0x0000000c   Data   RW         1678    .data               stm32f4xx_hal_1.o
    0x2000001c   COMPRESSED   0x00000004   Data   RW         2306    .data               system_stm32f4xx_1.o
    0x20000020   COMPRESSED   0x000002a9   Data   RW         2437    .data               vl53l0x_api.o
    0x200002c9   COMPRESSED   0x00000003   PAD
    0x200002cc   COMPRESSED   0x00000010   Data   RW         2972    .data               vl53l0x_api_calibration.o
    0x200002dc        -       0x00000268   Zero   RW           18    .bss                main.o
    0x20000544        -       0x00000020   Zero   RW         3368    .bss                vl53l0x_platform.o
    0x20000564        -       0x00000060   Zero   RW         3526    .bss                c_w.l(libspace.o)
    0x200005c4   COMPRESSED   0x00000004   PAD
    0x200005c8        -       0x00000200   Zero   RW            2    HEAP                startup_stm32f407xx.o
    0x200007c8        -       0x00000400   Zero   RW            1    STACK               startup_stm32f407xx.o


==============================================================================

Image component sizes


      Code (inc. data)   RO Data    RW Data    ZI Data      Debug   Object Name

       566         46          0         16        616     684863   main.o
        64         26        392          0       1536        876   startup_stm32f407xx.o
       180         28          0         12          0       9657   stm32f4xx_hal_1.o
       356        134          0          0          0      33514   stm32f4xx_hal_cortex_1.o
      1364        334          0          0          0       4397   stm32f4xx_hal_gpio_1.o
      3356        264          0          0          0      16546   stm32f4xx_hal_i2c_1.o
       316         44          0          0          0       3007   stm32f4xx_hal_msp.o
      1900        186          0          0          0       5804   stm32f4xx_hal_rcc_1.o
       748        158          0          0          0       2200   stm32f4xx_hal_uart_1.o
        20          0          0          0          0       4370   stm32f4xx_it.o
        16          4         24          4          0       1203   system_stm32f4xx_1.o
      3324         76          0        681          0      34213   vl53l0x_api.o
      1760          4          0         16          0      18287   vl53l0x_api_calibration.o
      3984         14          0          0          0      27310   vl53l0x_api_core.o
       932         10          0          0         32       9835   vl53l0x_platform.o

    ----------------------------------------------------------------------
     18900       1328        448        732       2184     856082   Object Totals
         0          0         32          0          0          0   (incl. Generated)
        14          0          0          3          0          0   (incl. Padding)

    ----------------------------------------------------------------------

      Code (inc. data)   RO Data    RW Data    ZI Data      Debug   Library Member Name

       100          0          0          0          0          0   __dclz77c.o
         8          0          0          0          0         68   __main.o
         0          0          0          0          0          0   __rtentry.o
        12          0          0          0          0          0   __rtentry2.o
         6          0          0          0          0          0   __rtentry4.o
        52          8          0          0          0          0   __scatter.o
        28          0          0          0          0          0   __scatter_zi.o
        18          0          0          0          0         80   exit.o
         6          0          0          0          0        152   heapauxi.o
         0          0          0          0          0          0   indicate_semi.o
         2          0          0          0          0          0   libinit.o
         6          0          0          0          0          0   libinit2.o
         2          0          0          0          0          0   libshutdown.o
         2          0          0          0          0          0   libshutdown2.o
         8          4          0          0         96         68   libspace.o
       238          0          0          0          0        100   lludivv7m.o
        78          0          0          0          0         80   rt_memclr_w.o
       138          0          0          0          0         68   rt_memcpy_v6.o
       100          0          0          0          0         80   rt_memcpy_w.o
         2          0          0          0          0          0   rtexit.o
        10          0          0          0          0          0   rtexit2.o
        72          0          0          0          0         80   strcpy.o
        12          4          0          0          0         68   sys_exit.o
        74          0          0          0          0         80   sys_stackheap_outer.o
         2          0          0          0          0         68   use_no_semi.o
        10          0          0          0          0        116   fpinit.o

    ----------------------------------------------------------------------
       988         16          0          0        100       1108   Library Totals
         2          0          0          0          4          0   (incl. Padding)

    ----------------------------------------------------------------------

      Code (inc. data)   RO Data    RW Data    ZI Data      Debug   Library Name

       976         16          0          0         96        992   c_w.l
        10          0          0          0          0        116   fz_wm.l

    ----------------------------------------------------------------------
       988         16          0          0        100       1108   Library Totals

    ----------------------------------------------------------------------

==============================================================================


      Code (inc. data)   RO Data    RW Data    ZI Data      Debug   

     19888       1344        448        732       2284     843974   Grand Totals
     19888       1344        448        660       2284     843974   ELF Image Totals (compressed)
     19888       1344        448        660          0          0   ROM Totals

==============================================================================

    Total RO  Size (Code + RO Data)                20336 (  19.86kB)
    Total RW  Size (RW Data + ZI Data)              3016 (   2.95kB)
    Total ROM Size (Code + RO Data + RW Data)      20996 (  20.50kB)

==============================================================================

