Component: ARM Compiler 5.06 update 7 (build 960) Tool: armlink [4d3601]

==============================================================================

Section Cross References

    startup_stm32f407xx.o(STACK) refers (Special) to heapauxi.o(.text) for __use_two_region_memory
    startup_stm32f407xx.o(HEAP) refers (Special) to heapauxi.o(.text) for __use_two_region_memory
    startup_stm32f407xx.o(RESET) refers (Special) to heapauxi.o(.text) for __use_two_region_memory
    startup_stm32f407xx.o(RESET) refers to startup_stm32f407xx.o(STACK) for __initial_sp
    startup_stm32f407xx.o(RESET) refers to startup_stm32f407xx.o(.text) for Reset_Handler
    startup_stm32f407xx.o(RESET) refers to stm32f4xx_it.o(i.NMI_Handler) for NMI_Handler
    startup_stm32f407xx.o(RESET) refers to stm32f4xx_it.o(i.HardFault_Handler) for HardFault_Handler
    startup_stm32f407xx.o(RESET) refers to stm32f4xx_it.o(i.MemManage_Handler) for MemManage_Handler
    startup_stm32f407xx.o(RESET) refers to stm32f4xx_it.o(i.BusFault_Handler) for BusFault_Handler
    startup_stm32f407xx.o(RESET) refers to stm32f4xx_it.o(i.UsageFault_Handler) for UsageFault_Handler
    startup_stm32f407xx.o(RESET) refers to stm32f4xx_it.o(i.SVC_Handler) for SVC_Handler
    startup_stm32f407xx.o(RESET) refers to stm32f4xx_it.o(i.DebugMon_Handler) for DebugMon_Handler
    startup_stm32f407xx.o(RESET) refers to stm32f4xx_it.o(i.PendSV_Handler) for PendSV_Handler
    startup_stm32f407xx.o(RESET) refers to stm32f4xx_it.o(i.SysTick_Handler) for SysTick_Handler
    startup_stm32f407xx.o(.text) refers (Special) to heapauxi.o(.text) for __use_two_region_memory
    startup_stm32f407xx.o(.text) refers to system_stm32f4xx.o(i.SystemInit) for SystemInit
    startup_stm32f407xx.o(.text) refers to __main.o(!!!main) for __main
    startup_stm32f407xx.o(.text) refers to startup_stm32f407xx.o(HEAP) for Heap_Mem
    startup_stm32f407xx.o(.text) refers to startup_stm32f407xx.o(STACK) for Stack_Mem
    main.o(i.MX_GPIO_Init) refers to rt_memclr_w.o(.text) for __aeabi_memclr4
    main.o(i.MX_GPIO_Init) refers to stm32f4xx_hal_gpio.o(i.HAL_GPIO_WritePin) for HAL_GPIO_WritePin
    main.o(i.MX_GPIO_Init) refers to stm32f4xx_hal_gpio.o(i.HAL_GPIO_Init) for HAL_GPIO_Init
    main.o(i.SystemClock_Config) refers to rt_memclr_w.o(.text) for __aeabi_memclr4
    main.o(i.SystemClock_Config) refers to stm32f4xx_hal_rcc.o(i.HAL_RCC_OscConfig) for HAL_RCC_OscConfig
    main.o(i.SystemClock_Config) refers to stm32f4xx_hal_rcc.o(i.HAL_RCC_ClockConfig) for HAL_RCC_ClockConfig
    main.o(i.main) refers to stm32f4xx_hal.o(i.HAL_Init) for HAL_Init
    main.o(i.main) refers to main.o(i.SystemClock_Config) for SystemClock_Config
    main.o(i.main) refers to main.o(i.MX_GPIO_Init) for MX_GPIO_Init
    main.o(i.main) refers to stm32f4xx_hal_i2c.o(i.HAL_I2C_Init) for HAL_I2C_Init
    main.o(i.main) refers to stm32f4xx_hal_uart.o(i.HAL_UART_Init) for HAL_UART_Init
    main.o(i.main) refers to stm32f4xx_hal_gpio.o(i.HAL_GPIO_WritePin) for HAL_GPIO_WritePin
    main.o(i.main) refers to vl53l1_api.o(i.VL53L1_WaitDeviceBooted) for VL53L1_WaitDeviceBooted
    main.o(i.main) refers to vl53l1_api.o(i.VL53L1_DataInit) for VL53L1_DataInit
    main.o(i.main) refers to vl53l1_api.o(i.VL53L1_StaticInit) for VL53L1_StaticInit
    main.o(i.main) refers to vl53l1_api.o(i.VL53L1_PerformRefSpadManagement) for VL53L1_PerformRefSpadManagement
    main.o(i.main) refers to vl53l1_api.o(i.VL53L1_SetPresetMode) for VL53L1_SetPresetMode
    main.o(i.main) refers to vl53l1_api.o(i.VL53L1_SetDistanceMode) for VL53L1_SetDistanceMode
    main.o(i.main) refers to vl53l1_api.o(i.VL53L1_SetMeasurementTimingBudgetMicroSeconds) for VL53L1_SetMeasurementTimingBudgetMicroSeconds
    main.o(i.main) refers to vl53l1_api.o(i.VL53L1_SetInterMeasurementPeriodMilliSeconds) for VL53L1_SetInterMeasurementPeriodMilliSeconds
    main.o(i.main) refers to vl53l1_api.o(i.VL53L1_StartMeasurement) for VL53L1_StartMeasurement
    main.o(i.main) refers to vl53l1_api.o(i.VL53L1_WaitMeasurementDataReady) for VL53L1_WaitMeasurementDataReady
    main.o(i.main) refers to vl53l1_api.o(i.VL53L1_GetRangingMeasurementData) for VL53L1_GetRangingMeasurementData
    main.o(i.main) refers to vl53l1_api.o(i.VL53L1_ClearInterruptAndStartMeasurement) for VL53L1_ClearInterruptAndStartMeasurement
    main.o(i.main) refers to stm32f4xx_hal_uart.o(i.HAL_UART_Transmit) for HAL_UART_Transmit
    main.o(i.main) refers to main.o(.bss) for .bss
    main.o(i.main) refers to main.o(.data) for .data
    main.o(.data) refers to main.o(.bss) for device
    stm32f4xx_it.o(i.SysTick_Handler) refers to stm32f4xx_hal.o(i.HAL_IncTick) for HAL_IncTick
    stm32f4xx_hal_msp.o(i.HAL_I2C_MspDeInit) refers to stm32f4xx_hal_gpio.o(i.HAL_GPIO_DeInit) for HAL_GPIO_DeInit
    stm32f4xx_hal_msp.o(i.HAL_I2C_MspInit) refers to rt_memclr_w.o(.text) for __aeabi_memclr4
    stm32f4xx_hal_msp.o(i.HAL_I2C_MspInit) refers to stm32f4xx_hal_gpio.o(i.HAL_GPIO_Init) for HAL_GPIO_Init
[...]
    i.VL53L1_get_preset_mode_timing_cfg      0x080032a2   Section        0  vl53l1_api_core.o(i.VL53L1_get_preset_mode_timing_cfg)
    i.VL53L1_get_sequence_config_bit         0x08003322   Section        0  vl53l1_api_core.o(i.VL53L1_get_sequence_config_bit)
    i.VL53L1_get_static_nvm_managed          0x08003356   Section        0  vl53l1_register_funcs.o(i.VL53L1_get_static_nvm_managed)
    i.VL53L1_get_timeouts_us                 0x08003374   Section        0  vl53l1_api_core.o(i.VL53L1_get_timeouts_us)
    i.VL53L1_get_tuning_parm                 0x080033e6   Section        0  vl53l1_api_core.o(i.VL53L1_get_tuning_parm)
    i.VL53L1_get_user_zone                   0x08003596   Section        0  vl53l1_api_core.o(i.VL53L1_get_user_zone)
    i.VL53L1_i2c_decode_core_results         0x080035ba   Section        0  vl53l1_register_funcs.o(i.VL53L1_i2c_decode_core_results)
    i.VL53L1_i2c_decode_customer_nvm_managed 0x08003632   Section        0  vl53l1_register_funcs.o(i.VL53L1_i2c_decode_customer_nvm_managed)
    i.VL53L1_i2c_decode_debug_results        0x080036d0   Section        0  vl53l1_register_funcs.o(i.VL53L1_i2c_decode_debug_results)
    i.VL53L1_i2c_decode_int16_t              0x08003864   Section        0  vl53l1_core.o(i.VL53L1_i2c_decode_int16_t)
    i.VL53L1_i2c_decode_int32_t              0x08003884   Section        0  vl53l1_core.o(i.VL53L1_i2c_decode_int32_t)
    i.VL53L1_i2c_decode_nvm_copy_data        0x080038a2   Section        0  vl53l1_register_funcs.o(i.VL53L1_i2c_decode_nvm_copy_data)
    i.VL53L1_i2c_decode_static_nvm_managed   0x080039e0   Section        0  vl53l1_register_funcs.o(i.VL53L1_i2c_decode_static_nvm_managed)
    i.VL53L1_i2c_decode_system_results       0x08003a3c   Section        0  vl53l1_register_funcs.o(i.VL53L1_i2c_decode_system_results)
    i.VL53L1_i2c_decode_uint16_t             0x08003b58   Section        0  vl53l1_core.o(i.VL53L1_i2c_decode_uint16_t)
    i.VL53L1_i2c_decode_uint32_t             0x08003b70   Section        0  vl53l1_core.o(i.VL53L1_i2c_decode_uint32_t)
    i.VL53L1_i2c_encode_customer_nvm_managed 0x08003b86   Section        0  vl53l1_register_funcs.o(i.VL53L1_i2c_encode_customer_nvm_managed)
    i.VL53L1_i2c_encode_dynamic_config       0x08003c2c   Section        0  vl53l1_register_funcs.o(i.VL53L1_i2c_encode_dynamic_config)
    i.VL53L1_i2c_encode_general_config       0x08003cb2   Section        0  vl53l1_register_funcs.o(i.VL53L1_i2c_encode_general_config)
    i.VL53L1_i2c_encode_int16_t              0x08003d3e   Section        0  vl53l1_core.o(i.VL53L1_i2c_encode_int16_t)
    i.VL53L1_i2c_encode_static_config        0x08003d58   Section        0  vl53l1_register_funcs.o(i.VL53L1_i2c_encode_static_config)
    i.VL53L1_i2c_encode_static_nvm_managed   0x08003e36   Section        0  vl53l1_register_funcs.o(i.VL53L1_i2c_encode_static_nvm_managed)
    i.VL53L1_i2c_encode_system_control       0x08003e92   Section        0  vl53l1_register_funcs.o(i.VL53L1_i2c_encode_system_control)
    i.VL53L1_i2c_encode_timing_config        0x08003ec6   Section        0  vl53l1_register_funcs.o(i.VL53L1_i2c_encode_timing_config)
    i.VL53L1_i2c_encode_uint16_t             0x08003f50   Section        0  vl53l1_core.o(i.VL53L1_i2c_encode_uint16_t)
    i.VL53L1_i2c_encode_uint32_t             0x08003f6a   Section        0  vl53l1_core.o(i.VL53L1_i2c_encode_uint32_t)
    i.VL53L1_init_and_start_range            0x08003f84   Section        0  vl53l1_api_core.o(i.VL53L1_init_and_start_range)
    i.VL53L1_init_ll_driver_state            0x0800416a   Section        0  vl53l1_core.o(i.VL53L1_init_ll_driver_state)
    i.VL53L1_init_offset_cal_config_struct   0x08004182   Section        0  vl53l1_api_preset_modes.o(i.VL53L1_init_offset_cal_config_struct)
    i.VL53L1_init_refspadchar_config_struct  0x080041a8   Section        0  vl53l1_api_preset_modes.o(i.VL53L1_init_refspadchar_config_struct)
    i.VL53L1_init_ssc_config_struct          0x080041ca   Section        0  vl53l1_api_preset_modes.o(i.VL53L1_init_ssc_config_struct)
    i.VL53L1_init_tuning_parm_storage_struct 0x080041e8   Section        0  vl53l1_api_preset_modes.o(i.VL53L1_init_tuning_parm_storage_struct)
    i.VL53L1_init_version                    0x08004276   Section        0  vl53l1_core.o(i.VL53L1_init_version)
    i.VL53L1_init_xtalk_config_struct        0x08004290   Section        0  vl53l1_api_preset_modes.o(i.VL53L1_init_xtalk_config_struct)
    i.VL53L1_is_new_data_ready               0x080042d4   Section        0  vl53l1_wait.o(i.VL53L1_is_new_data_ready)
    i.VL53L1_low_power_auto_data_init        0x0800430a   Section        0  vl53l1_core.o(i.VL53L1_low_power_auto_data_init)
    i.VL53L1_low_power_auto_data_stop_range  0x08004336   Section        0  vl53l1_core.o(i.VL53L1_low_power_auto_data_stop_range)
    i.VL53L1_low_power_auto_setup_manual_calibration 0x08004366   Section        0  vl53l1_core.o(i.VL53L1_low_power_auto_setup_manual_calibration)
    i.VL53L1_low_power_auto_update_DSS       0x080043aa   Section        0  vl53l1_core.o(i.VL53L1_low_power_auto_update_DSS)
    i.VL53L1_nvm_enable                      0x0800441a   Section        0  vl53l1_api.o(i.VL53L1_nvm_enable)
    VL53L1_nvm_enable                        0x0800441b   Thumb Code   116  vl53l1_api.o(i.VL53L1_nvm_enable)
    i.VL53L1_nvm_read                        0x0800448e   Section        0  vl53l1_api.o(i.VL53L1_nvm_read)
    VL53L1_nvm_read                          0x0800448f   Thumb Code    98  vl53l1_api.o(i.VL53L1_nvm_read)
    i.VL53L1_poll_for_boot_completion        0x080044f0   Section        0  vl53l1_wait.o(i.VL53L1_poll_for_boot_completion)
    i.VL53L1_poll_for_range_completion       0x08004524   Section        0  vl53l1_wait.o(i.VL53L1_poll_for_range_completion)
    i.VL53L1_preset_mode_low_power_auto_long_ranging 0x08004542   Section        0  vl53l1_api_preset_modes.o(i.VL53L1_preset_mode_low_power_auto_long_ranging)
    i.VL53L1_preset_mode_low_power_auto_ranging 0x08004576   Section        0  vl53l1_api_preset_modes.o(i.VL53L1_preset_mode_low_power_auto_ranging)
    i.VL53L1_preset_mode_low_power_auto_short_ranging 0x080045aa   Section        0  vl53l1_api_preset_modes.o(i.VL53L1_preset_mode_low_power_auto_short_ranging)
    i.VL53L1_preset_mode_olt                 0x080045de   Section        0  vl53l1_api_preset_modes.o(i.VL53L1_preset_mode_olt)
    i.VL53L1_preset_mode_singleshot_ranging  0x080045f6   Section        0  vl53l1_api_preset_modes.o(i.VL53L1_preset_mode_singleshot_ranging)
    i.VL53L1_preset_mode_standard_ranging    0x08004628   Section        0  vl53l1_api_preset_modes.o(i.VL53L1_preset_mode_standard_ranging)
    i.VL53L1_preset_mode_standard_ranging_long_range 0x0800476e   Section        0  vl53l1_api_preset_modes.o(i.VL53L1_preset_mode_standard_ranging_long_range)
    i.VL53L1_preset_mode_standard_ranging_mm1_cal 0x080047ac   Section        0  vl53l1_api_preset_modes.o(i.VL53L1_preset_mode_standard_ranging_mm1_cal)
    i.VL53L1_preset_mode_standard_ranging_mm2_cal 0x080047d0   Section        0  vl53l1_api_preset_modes.o(i.VL53L1_preset_mode_standard_ranging_mm2_cal)
    i.VL53L1_preset_mode_standard_ranging_short_range 0x080047f4   Section        0  vl53l1_api_preset_modes.o(i.VL53L1_preset_mode_standard_ranging_short_range)
    i.VL53L1_preset_mode_timed_ranging       0x08004832   Section        0  vl53l1_api_preset_modes.o(i.VL53L1_preset_mode_timed_ranging)
    i.VL53L1_preset_mode_timed_ranging_long_range 0x0800486a   Section        0  vl53l1_api_preset_modes.o(i.VL53L1_preset_mode_timed_ranging_long_range)
    i.VL53L1_preset_mode_timed_ranging_short_range 0x080048a2   Section        0  vl53l1_api_preset_modes.o(i.VL53L1_preset_mode_timed_ranging_short_range)
    i.VL53L1_read_nvm_raw_data               0x080048dc   Section        0  vl53l1_api.o(i.VL53L1_read_nvm_raw_data)
    VL53L1_read_nvm_raw_data                 0x080048dd   Thumb Code    96  vl53l1_api.o(i.VL53L1_read_nvm_raw_data)
    i.VL53L1_read_p2p_data                   0x0800493c   Section        0  vl53l1_api_core.o(i.VL53L1_read_p2p_data)
    i.VL53L1_run_device_test                 0x080049b8   Section        0  vl53l1_api_calibration.o(i.VL53L1_run_device_test)
    i.VL53L1_run_ref_spad_char               0x08004a2e   Section        0  vl53l1_api_calibration.o(i.VL53L1_run_ref_spad_char)
    i.VL53L1_set_firmware_enable_register    0x08004b10   Section        0  vl53l1_core.o(i.VL53L1_set_firmware_enable_register)
    i.VL53L1_set_inter_measurement_period_ms 0x08004b1c   Section        0  vl53l1_api_core.o(i.VL53L1_set_inter_measurement_period_ms)
    i.VL53L1_set_lite_min_count_rate         0x08004b38   Section        0  vl53l1_api_core.o(i.VL53L1_set_lite_min_count_rate)
    i.VL53L1_set_lite_sigma_threshold        0x08004b42   Section        0  vl53l1_api_core.o(i.VL53L1_set_lite_sigma_threshold)
    i.VL53L1_set_powerforce_register         0x08004b4c   Section        0  vl53l1_core.o(i.VL53L1_set_powerforce_register)
    i.VL53L1_set_preset_mode                 0x08004b58   Section        0  vl53l1_api_core.o(i.VL53L1_set_preset_mode)
    i.VL53L1_set_ref_spad_char_config        0x08004cfa   Section        0  vl53l1_core.o(i.VL53L1_set_ref_spad_char_config)
    i.VL53L1_set_system_control              0x08004d96   Section        0  vl53l1_register_funcs.o(i.VL53L1_set_system_control)
    i.VL53L1_set_timeouts_us                 0x08004db8   Section        0  vl53l1_api_core.o(i.VL53L1_set_timeouts_us)
    i.VL53L1_set_user_zone                   0x08004dee   Section        0  vl53l1_api_core.o(i.VL53L1_set_user_zone)
    i.VL53L1_set_vhv_loopbound               0x08004e12   Section        0  vl53l1_api_core.o(i.VL53L1_set_vhv_loopbound)
    i.VL53L1_start_test                      0x08004e24   Section        0  vl53l1_core.o(i.VL53L1_start_test)
    i.VL53L1_stop_range                      0x08004e2c   Section        0  vl53l1_api_core.o(i.VL53L1_stop_range)
    i.VL53L1_update_ll_driver_cfg_state      0x08004e72   Section        0  vl53l1_core.o(i.VL53L1_update_ll_driver_cfg_state)
    i.VL53L1_update_ll_driver_rd_state       0x08004ed4   Section        0  vl53l1_core.o(i.VL53L1_update_ll_driver_rd_state)
    i.VL53L1_wait_for_test_completion        0x08004f48   Section        0  vl53l1_wait.o(i.VL53L1_wait_for_test_completion)
    i._I2CRead                               0x08004f86   Section        0  vl53l1_platform.o(i._I2CRead)
    i._I2CWrite                              0x08004fa6   Section        0  vl53l1_platform.o(i._I2CWrite)
    i.__NVIC_SetPriority                     0x08004fc2   Section        0  stm32f4xx_hal_cortex.o(i.__NVIC_SetPriority)
    __NVIC_SetPriority                       0x08004fc3   Thumb Code    32  stm32f4xx_hal_cortex.o(i.__NVIC_SetPriority)
    i.assert_failed                          0x08004fe2   Section        0  main.o(i.assert_failed)
    i.main                                   0x08004fe4   Section        0  main.o(i.main)
    x$fpl$fpinit                             0x080050f4   Section       10  fpinit.o(x$fpl$fpinit)
    $v0                                      0x080050f4   Number         0  fpinit.o(x$fpl$fpinit)
    .constdata                               0x080050fe   Section       16  system_stm32f4xx.o(.constdata)
    .constdata                               0x0800510e   Section        8  system_stm32f4xx.o(.constdata)
    .data                                    0x20000000   Section        8  main.o(.data)
    Status                                   0x20000000   Data           1  main.o(.data)
    dev                                      0x20000004   Data           4  main.o(.data)
    .data                                    0x20000008   Section       12  stm32f4xx_hal.o(.data)
    .data                                    0x20000014   Section        4  system_stm32f4xx.o(.data)
    .data                                    0x20000018   Section       32  vl53l1_api.o(.data)
    BDTable                                  0x20000018   Data          32  vl53l1_api.o(.data)
    .bss                                     0x20000038   Section     1112  main.o(.bss)
    device                                   0x20000038   Data         932  main.o(.bss)
    result                                   0x200003dc   Data          28  main.o(.bss)
    .bss                                     0x20000490   Section      256  vl53l1_platform.o(.bss)
    .bss                                     0x20000590   Section       96  libspace.o(.bss)
    HEAP                                     0x200005f0   Section      512  startup_stm32f407xx.o(HEAP)
    Heap_Mem                                 0x200005f0   Data         512  startup_stm32f407xx.o(HEAP)
    STACK                                    0x200007f0   Section     1024  startup_stm32f407xx.o(STACK)
    Stack_Mem                                0x200007f0   Data        1024  startup_stm32f407xx.o(STACK)
    __initial_sp                             0x20000bf0   Data           0  startup_stm32f407xx.o(STACK)

    Global Symbols

    Symbol Name                              Value     Ov Type        Size  Object(Section)

    BuildAttributes$$THM_ISAv4$E$P$D$K$B$S$7EM$VFPi3$EXTD16$VFPS$VFMA$PE$A:L22UL41UL21$X:L11$S22US41US21$IEEE1$IW$USESV6$~STKCKD$USESV7$~SHL$OSPACE$ROPI$EBA8$UX$STANDARDLIB$REQ8$PRES8$EABIv2 0x00000000   Number         0  anon$$obj.o ABSOLUTE
    __ARM_use_no_argv                        0x00000000   Number         0  main.o ABSOLUTE
    __ARM_exceptions_init                     - Undefined Weak Reference
    __alloca_initialize                       - Undefined Weak Reference
    __arm_fini_                               - Undefined Weak Reference
    __arm_preinit_                            - Undefined Weak Reference
    __cpp_initialize__aeabi_                  - Undefined Weak Reference
    __cxa_finalize                            - Undefined Weak Reference
    __rt_locale                               - Undefined Weak Reference
    __sigvec_lookup                           - Undefined Weak Reference
    _atexit_init                              - Undefined Weak Reference
    _call_atexit_fns                          - Undefined Weak Reference
    _clock_init                               - Undefined Weak Reference
    _fp_trap_init                             - Undefined Weak Reference
    _fp_trap_shutdown                         - Undefined Weak Reference
    _get_lc_collate                           - Undefined Weak Reference
    _get_lc_ctype                             - Undefined Weak Reference
    _get_lc_monetary                          - Undefined Weak Reference
    _get_lc_numeric                           - Undefined Weak Reference
    _get_lc_time                              - Undefined Weak Reference
    _getenv_init                              - Undefined Weak Reference
    _handle_redirection                       - Undefined Weak Reference
    _init_alloc                               - Undefined Weak Reference
    _init_user_alloc                          - Undefined Weak Reference
    _initio                                   - Undefined Weak Reference
    _rand_init                                - Undefined Weak Reference
    _signal_finish                            - Undefined Weak Reference
    _signal_init                              - Undefined Weak Reference
    _terminate_alloc                          - Undefined Weak Reference
    _terminate_user_alloc                     - Undefined Weak Reference
    _terminateio                              - Undefined Weak Reference
    __Vectors_Size                           0x00000188   Number         0  startup_stm32f407xx.o ABSOLUTE
    __Vectors                                0x08000000   Data           4  startup_stm32f407xx.o(RESET)
    __Vectors_End                            0x08000188   Data           0  startup_stm32f407xx.o(RESET)
    __main                                   0x08000189   Thumb Code     8  __main.o(!!!main)
    __scatterload                            0x08000191   Thumb Code     0  __scatter.o(!!!scatter)
    __scatterload_rt2                        0x08000191   Thumb Code    44  __scatter.o(!!!scatter)
    __scatterload_rt2_thumb_only             0x08000191   Thumb Code     0  __scatter.o(!!!scatter)
    __scatterload_null                       0x0800019f   Thumb Code     0  __scatter.o(!!!scatter)
    __scatterload_copy                       0x080001c5   Thumb Code    26  __scatter_copy.o(!!handler_copy)
    __scatterload_zeroinit                   0x080001e1   Thumb Code    28  __scatter_zi.o(!!handler_zi)
    __rt_lib_init                            0x080001fd   Thumb Code     0  libinit.o(.ARM.Collect$$libinit$$00000000)
    __rt_lib_init_fp_1                       0x080001ff   Thumb Code     0  libinit2.o(.ARM.Collect$$libinit$$00000001)
    __rt_lib_init_alloca_1                   0x08000203   Thumb Code     0  libinit2.o(.ARM.Collect$$libinit$$0000002E)
    __rt_lib_init_argv_1                     0x08000203   Thumb Code     0  libinit2.o(.ARM.Collect$$libinit$$0000002C)
    __rt_lib_init_atexit_1                   0x08000203   Thumb Code     0  libinit2.o(.ARM.Collect$$libinit$$0000001B)
    __rt_lib_init_clock_1                    0x08000203   Thumb Code     0  libinit2.o(.ARM.Collect$$libinit$$00000021)
    __rt_lib_init_cpp_1                      0x08000203   Thumb Code     0  libinit2.o(.ARM.Collect$$libinit$$00000032)
    __rt_lib_init_exceptions_1               0x08000203   Thumb Code     0  libinit2.o(.ARM.Collect$$libinit$$00000030)
    __rt_lib_init_fp_trap_1                  0x08000203   Thumb Code     0  libinit2.o(.ARM.Collect$$libinit$$0000001F)
    __rt_lib_init_getenv_1                   0x08000203   Thumb Code     0  libinit2.o(.ARM.Collect$$libinit$$00000023)
    __rt_lib_init_heap_1                     0x08000203   Thumb Code     0  libinit2.o(.ARM.Collect$$libinit$$0000000A)
    __rt_lib_init_lc_collate_1               0x08000203   Thumb Code     0  libinit2.o(.ARM.Collect$$libinit$$00000011)
    __rt_lib_init_lc_ctype_1                 0x08000203   Thumb Code     0  libinit2.o(.ARM.Collect$$libinit$$00000013)
    __rt_lib_init_lc_monetary_1              0x08000203   Thumb Code     0  libinit2.o(.ARM.Collect$$libinit$$00000015)
    __rt_lib_init_lc_numeric_1               0x08000203   Thumb Code     0  libinit2.o(.ARM.Collect$$libinit$$00000017)
    __rt_lib_init_lc_time_1                  0x08000203   Thumb Code     0  libinit2.o(.ARM.Collect$$libinit$$00000019)
    __rt_lib_init_preinit_1                  0x08000203   Thumb Code     0  libinit2.o(.ARM.Collect$$libinit$$00000004)
    __rt_lib_init_rand_1                     0x08000203   Thumb Code     0  libinit2.o(.ARM.Collect$$libinit$$0000000E)
    __rt_lib_init_return                     0x08000203   Thumb Code     0  libinit2.o(.ARM.Collect$$libinit$$00000033)
    __rt_lib_init_signal_1                   0x08000203   Thumb Code     0  libinit2.o(.ARM.Collect$$libinit$$0000001D)
    __rt_lib_init_stdio_1                    0x08000203   Thumb Code     0  libinit2.o(.ARM.Collect$$libinit$$00000025)
    __rt_lib_init_user_alloc_1               0x08000203   Thumb Code     0  libinit2.o(.ARM.Collect$$libinit$$0000000C)
    __rt_lib_shutdown                        0x08000205   Thumb Code     0  libshutdown.o(.ARM.Collect$$libshutdown$$00000000)
    __rt_lib_shutdown_cpp_1                  0x08000207   Thumb Code     0  libshutdown2.o(.ARM.Collect$$libshutdown$$00000004)
    __rt_lib_shutdown_fini_1                 0x08000207   Thumb Code     0  libshutdown2.o(.ARM.Collect$$libshutdown$$00000002)
    __rt_lib_shutdown_fp_trap_1              0x08000207   Thumb Code     0  libshutdown2.o(.ARM.Collect$$libshutdown$$00000009)
    __rt_lib_shutdown_heap_1                 0x08000207   Thumb Code     0  libshutdown2.o(.ARM.Collect$$libshutdown$$00000011)
    __rt_lib_shutdown_return                 0x08000207   Thumb Code     0  libshutdown2.o(.ARM.Collect$$libshutdown$$00000012)
    __rt_lib_shutdown_signal_1               0x08000207   Thumb Code     0  libshutdown2.o(.ARM.Collect$$libshutdown$$0000000C)
    __rt_lib_shutdown_stdio_1                0x08000207   Thumb Code     0  libshutdown2.o(.ARM.Collect$$libshutdown$$00000006)
    __rt_lib_shutdown_user_alloc_1           0x08000207   Thumb Code     0  libshutdown2.o(.ARM.Collect$$libshutdown$$0000000E)
    __rt_entry                               0x08000209   Thumb Code     0  __rtentry.o(.ARM.Collect$$rtentry$$00000000)
    __rt_entry_presh_1                       0x08000209   Thumb Code     0  __rtentry2.o(.ARM.Collect$$rtentry$$00000002)
    __rt_entry_sh                            0x08000209   Thumb Code     0  __rtentry4.o(.ARM.Collect$$rtentry$$00000004)
    __rt_entry_li                            0x0800020f   Thumb Code     0  __rtentry2.o(.ARM.Collect$$rtentry$$0000000A)
    __rt_entry_postsh_1                      0x0800020f   Thumb Code     0  __rtentry2.o(.ARM.Collect$$rtentry$$00000009)
    __rt_entry_main                          0x08000213   Thumb Code     0  __rtentry2.o(.ARM.Collect$$rtentry$$0000000D)
    __rt_entry_postli_1                      0x08000213   Thumb Code     0  __rtentry2.o(.ARM.Collect$$rtentry$$0000000C)
    __rt_exit                                0x0800021b   Thumb Code     0  rtexit.o(.ARM.Collect$$rtexit$$00000000)
    __rt_exit_ls                             0x0800021d   Thumb Code     0  rtexit2.o(.ARM.Collect$$rtexit$$00000003)
    __rt_exit_prels_1                        0x0800021d   Thumb Code     0  rtexit2.o(.ARM.Collect$$rtexit$$00000002)
    __rt_exit_exit                           0x08000221   Thumb Code     0  rtexit2.o(.ARM.Collect$$rtexit$$00000004)
    Reset_Handler                            0x08000229   Thumb Code     8  startup_stm32f407xx.o(.text)
    ADC_IRQHandler                           0x08000243   Thumb Code     0  startup_stm32f407xx.o(.text)
    CAN1_RX0_IRQHandler                      0x08000243   Thumb Code     0  startup_stm32f407xx.o(.text)
    CAN1_RX1_IRQHandler                      0x08000243   Thumb Code     0  startup_stm32f407xx.o(.text)
    CAN1_SCE_IRQHandler                      0x08000243   Thumb Code     0  startup_stm32f407xx.o(.text)
    CAN1_TX_IRQHandler                       0x08000243   Thumb Code     0  startup_stm32f407xx.o(.text)
    CAN2_RX0_IRQHandler                      0x08000243   Thumb Code     0  startup_stm32f407xx.o(.text)
    CAN2_RX1_IRQHandler                      0x08000243   Thumb Code     0  startup_stm32f407xx.o(.text)
    CAN2_SCE_IRQHandler                      0x08000243   Thumb Code     0  startup_stm32f407xx.o(.text)
    CAN2_TX_IRQHandler                       0x08000243   Thumb Code     0  startup_stm32f407xx.o(.text)
    DCMI_IRQHandler                          0x08000243   Thumb Code     0  startup_stm32f407xx.o(.text)
    DMA1_Stream0_IRQHandler                  0x08000243   Thumb Code     0  startup_stm32f407xx.o(.text)
    DMA1_Stream1_IRQHandler                  0x08000243   Thumb Code     0  startup_stm32f407xx.o(.text)
    DMA1_Stream2_IRQHandler                  0x08000243   Thumb Code     0  startup_stm32f407xx.o(.text)
    DMA1_Stream3_IRQHandler                  0x08000243   Thumb Code     0  startup_stm32f407xx.o(.text)
    DMA1_Stream4_IRQHandler                  0x08000243   Thumb Code     0  startup_stm32f407xx.o(.text)
    DMA1_Stream5_IRQHandler                  0x08000243   Thumb Code     0  startup_stm32f407xx.o(.text)
    DMA1_Stream6_IRQHandler                  0x08000243   Thumb Code     0  startup_stm32f407xx.o(.text)
    DMA1_Stream7_IRQHandler                  0x08000243   Thumb Code     0  startup_stm32f407xx.o(.text)
    DMA2_Stream0_IRQHandler                  0x08000243   Thumb Code     0  startup_stm32f407xx.o(.text)
    DMA2_Stream1_IRQHandler                  0x08000243   Thumb Code     0  startup_stm32f407xx.o(.text)
    DMA2_Stream2_IRQHandler                  0x08000243   Thumb Code     0  startup_stm32f407xx.o(.text)
    DMA2_Stream3_IRQHandler                  0x08000243   Thumb Code     0  startup_stm32f407xx.o(.text)
    DMA2_Stream4_IRQHandler                  0x08000243   Thumb Code     0  startup_stm32f407xx.o(.text)
    DMA2_Stream5_IRQHandler                  0x08000243   Thumb Code     0  startup_stm32f407xx.o(.text)
    DMA2_Stream6_IRQHandler                  0x08000243   Thumb Code     0  startup_stm32f407xx.o(.text)
    DMA2_Stream7_IRQHandler                  0x08000243   Thumb Code     0  startup_stm32f407xx.o(.text)
    ETH_IRQHandler                           0x08000243   Thumb Code     0  startup_stm32f407xx.o(.text)
    ETH_WKUP_IRQHandler                      0x08000243   Thumb Code     0  startup_stm32f407xx.o(.text)
    EXTI0_IRQHandler                         0x08000243   Thumb Code     0  startup_stm32f407xx.o(.text)
    EXTI15_10_IRQHandler                     0x08000243   Thumb Code     0  startup_stm32f407xx.o(.text)
    EXTI1_IRQHandler                         0x08000243   Thumb Code     0  startup_stm32f407xx.o(.text)
    EXTI2_IRQHandler                         0x08000243   Thumb Code     0  startup_stm32f407xx.o(.text)
    EXTI3_IRQHandler                         0x08000243   Thumb Code     0  startup_stm32f407xx.o(.text)
    EXTI4_IRQHandler                         0x08000243   Thumb Code     0  startup_stm32f407xx.o(.text)
    EXTI9_5_IRQHandler                       0x08000243   Thumb Code     0  startup_stm32f407xx.o(.text)
    FLASH_IRQHandler                         0x08000243   Thumb Code     0  startup_stm32f407xx.o(.text)
    FMC_IRQHandler                           0x08000243   Thumb Code     0  startup_stm32f407xx.o(.text)
    FPU_IRQHandler                           0x08000243   Thumb Code     0  startup_stm32f407xx.o(.text)
    HASH_RNG_IRQHandler                      0x08000243   Thumb Code     0  startup_stm32f407xx.o(.text)
    I2C1_ER_IRQHandler                       0x08000243   Thumb Code     0  startup_stm32f407xx.o(.text)
    I2C1_EV_IRQHandler                       0x08000243   Thumb Code     0  startup_stm32f407xx.o(.text)
    I2C2_ER_IRQHandler                       0x08000243   Thumb Code     0  startup_stm32f407xx.o(.text)
    I2C2_EV_IRQHandler                       0x08000243   Thumb Code     0  startup_stm32f407xx.o(.text)
    I2C3_ER_IRQHandler                       0x08000243   Thumb Code     0  startup_stm32f407xx.o(.text)
    I2C3_EV_IRQHandler                       0x08000243   Thumb Code     0  startup_stm32f407xx.o(.text)
    OTG_FS_IRQHandler                        0x08000243   Thumb Code     0  startup_stm32f407xx.o(.text)
    OTG_FS_WKUP_IRQHandler                   0x08000243   Thumb Code     0  startup_stm32f407xx.o(.text)
    OTG_HS_EP1_IN_IRQHandler                 0x08000243   Thumb Code     0  startup_stm32f407xx.o(.text)
    OTG_HS_EP1_OUT_IRQHandler                0x08000243   Thumb Code     0  startup_stm32f407xx.o(.text)
    OTG_HS_IRQHandler                        0x08000243   Thumb Code     0  startup_stm32f407xx.o(.text)
    OTG_HS_WKUP_IRQHandler                   0x08000243   Thumb Code     0  startup_stm32f407xx.o(.text)
    PVD_IRQHandler                           0x08000243   Thumb Code     0  startup_stm32f407xx.o(.text)
    RCC_IRQHandler                           0x08000243   Thumb Code     0  startup_stm32f407xx.o(.text)
    RTC_Alarm_IRQHandler                     0x08000243   Thumb Code     0  startup_stm32f407xx.o(.text)
    RTC_WKUP_IRQHandler                      0x08000243   Thumb Code     0  startup_stm32f407xx.o(.text)
    SDIO_IRQHandler                          0x08000243   Thumb Code     0  startup_stm32f407xx.o(.text)
    SPI1_IRQHandler                          0x08000243   Thumb Code     0  startup_stm32f407xx.o(.text)
    SPI2_IRQHandler                          0x08000243   Thumb Code     0  startup_stm32f407xx.o(.text)
    SPI3_IRQHandler                          0x08000243   Thumb Code     0  startup_stm32f407xx.o(.text)
    TAMP_STAMP_IRQHandler                    0x08000243   Thumb Code     0  startup_stm32f407xx.o(.text)
    TIM1_BRK_TIM9_IRQHandler                 0x08000243   Thumb Code     0  startup_stm32f407xx.o(.text)
    TIM1_CC_IRQHandler                       0x08000243   Thumb Code     0  startup_stm32f407xx.o(.text)
    TIM1_TRG_COM_TIM11_IRQHandler            0x08000243   Thumb Code     0  startup_stm32f407xx.o(.text)
    TIM1_UP_TIM10_IRQHandler                 0x08000243   Thumb Code     0  startup_stm32f407xx.o(.text)
    TIM2_IRQHandler                          0x08000243   Thumb Code     0  startup_stm32f407xx.o(.text)
    TIM3_IRQHandler                          0x08000243   Thumb Code     0  startup_stm32f407xx.o(.text)
    TIM4_IRQHandler                          0x08000243   Thumb Code     0  startup_stm32f407xx.o(.text)
    TIM5_IRQHandler                          0x08000243   Thumb Code     0  startup_stm32f407xx.o(.text)
    TIM6_DAC_IRQHandler                      0x08000243   Thumb Code     0  startup_stm32f407xx.o(.text)
    TIM7_IRQHandler                          0x08000243   Thumb Code     0  startup_stm32f407xx.o(.text)
    TIM8_BRK_TIM12_IRQHandler                0x08000243   Thumb Code     0  startup_stm32f407xx.o(.text)
    TIM8_CC_IRQHandler                       0x08000243   Thumb Code     0  startup_stm32f407xx.o(.text)
    TIM8_TRG_COM_TIM14_IRQHandler            0x08000243   Thumb Code     0  startup_stm32f407xx.o(.text)
    TIM8_UP_TIM13_IRQHandler                 0x08000243   Thumb Code     0  startup_stm32f407xx.o(.text)
    UART4_IRQHandler                         0x08000243   Thumb Code     0  startup_stm32f407xx.o(.text)
    UART5_IRQHandler                         0x08000243   Thumb Code     0  startup_stm32f407xx.o(.text)
    USART1_IRQHandler                        0x08000243   Thumb Code     0  startup_stm32f407xx.o(.text)
    USART2_IRQHandler                        0x08000243   Thumb Code     0  startup_stm32f407xx.o(.text)
    USART3_IRQHandler                        0x08000243   Thumb Code     0  startup_stm32f407xx.o(.text)
    USART6_IRQHandler                        0x08000243   Thumb Code     0  startup_stm32f407xx.o(.text)
    WWDG_IRQHandler                          0x08000243   Thumb Code     0  startup_stm32f407xx.o(.text)
    __user_initial_stackheap                 0x08000245   Thumb Code     0  startup_stm32f407xx.o(.text)
    __aeabi_uldivmod                         0x08000269   Thumb Code     0  lludivv7m.o(.text)
    _ll_udiv                                 0x08000269   Thumb Code   238  lludivv7m.o(.text)
    __aeabi_memcpy                           0x08000357   Thumb Code     0  rt_memcpy_v6.o(.text)
    __rt_memcpy                              0x08000357   Thumb Code   138  rt_memcpy_v6.o(.text)
    _memcpy_lastbytes                        0x080003bd   Thumb Code     0  rt_memcpy_v6.o(.text)
    __aeabi_memcpy4                          0x080003e1   Thumb Code     0  rt_memcpy_w.o(.text)
    __aeabi_memcpy8                          0x080003e1   Thumb Code     0  rt_memcpy_w.o(.text)
    __rt_memcpy_w                            0x080003e1   Thumb Code   100  rt_memcpy_w.o(.text)
    _memcpy_lastbytes_aligned                0x08000429   Thumb Code     0  rt_memcpy_w.o(.text)
    __aeabi_memset                           0x08000445   Thumb Code    16  aeabi_memset.o(.text)
    __aeabi_memclr4                          0x08000455   Thumb Code     0  rt_memclr_w.o(.text)
    __aeabi_memclr8                          0x08000455   Thumb Code     0  rt_memclr_w.o(.text)
    __rt_memclr_w                            0x08000455   Thumb Code    78  rt_memclr_w.o(.text)
    _memset_w                                0x08000459   Thumb Code     0  rt_memclr_w.o(.text)
    strncpy                                  0x080004a3   Thumb Code    86  strncpy.o(.text)
    __use_two_region_memory                  0x080004f9   Thumb Code     2  heapauxi.o(.text)
    __rt_heap_escrow$2region                 0x080004fb   Thumb Code     2  heapauxi.o(.text)
    __rt_heap_expand$2region                 0x080004fd   Thumb Code     2  heapauxi.o(.text)
    __aeabi_memclr                           0x080004ff   Thumb Code     0  rt_memclr.o(.text)
    __rt_memclr                              0x080004ff   Thumb Code    68  rt_memclr.o(.text)
    _memset                                  0x08000503   Thumb Code     0  rt_memclr.o(.text)
    __user_setup_stackheap                   0x08000543   Thumb Code    74  sys_stackheap_outer.o(.text)
    exit                                     0x0800058d   Thumb Code    18  exit.o(.text)
    __user_libspace                          0x080005a1   Thumb Code     8  libspace.o(.text)
    __user_perproc_libspace                  0x080005a1   Thumb Code     0  libspace.o(.text)
    __user_perthread_libspace                0x080005a1   Thumb Code     0  libspace.o(.text)
    _sys_exit                                0x080005a9   Thumb Code     8  sys_exit.o(.text)
    __I$use$semihosting                      0x080005b5   Thumb Code     0  use_no_semi.o(.text)
    __use_no_semihosting_swi                 0x080005b5   Thumb Code     2  use_no_semi.o(.text)
    BusFault_Handler                         0x080005b7   Thumb Code     2  stm32f4xx_it.o(i.BusFault_Handler)
    __semihosting_library_function           0x080005b7   Thumb Code     0  indicate_semi.o(.text)
    DebugMon_Handler                         0x0800063d   Thumb Code     2  stm32f4xx_it.o(i.DebugMon_Handler)
    HAL_Delay                                0x08000641   Thumb Code    32  stm32f4xx_hal.o(i.HAL_Delay)
    HAL_GPIO_Init                            0x08000665   Thumb Code   652  stm32f4xx_hal_gpio.o(i.HAL_GPIO_Init)
    HAL_GPIO_WritePin                        0x0800095d   Thumb Code    46  stm32f4xx_hal_gpio.o(i.HAL_GPIO_WritePin)
    HAL_GetTick                              0x080009c9   Thumb Code     6  stm32f4xx_hal.o(i.HAL_GetTick)
    HAL_I2C_Init                             0x080009d5   Thumb Code   560  stm32f4xx_hal_i2c.o(i.HAL_I2C_Init)
    HAL_I2C_Master_Receive                   0x08000c5d   Thumb Code   468  stm32f4xx_hal_i2c.o(i.HAL_I2C_Master_Receive)
    HAL_I2C_Master_Transmit                  0x08000e3d   Thumb Code   290  stm32f4xx_hal_i2c.o(i.HAL_I2C_Master_Transmit)
    HAL_I2C_MspInit                          0x08000f69   Thumb Code    92  stm32f4xx_hal_msp.o(i.HAL_I2C_MspInit)
    HAL_IncTick                              0x08000fd1   Thumb Code    12  stm32f4xx_hal.o(i.HAL_IncTick)
    HAL_Init                                 0x08000fe1   Thumb Code    48  stm32f4xx_hal.o(i.HAL_Init)
    HAL_InitTick                             0x08001015   Thumb Code    54  stm32f4xx_hal.o(i.HAL_InitTick)
    HAL_MspInit                              0x08001055   Thumb Code    42  stm32f4xx_hal_msp.o(i.HAL_MspInit)
    HAL_NVIC_SetPriority                     0x08001085   Thumb Code    92  stm32f4xx_hal_cortex.o(i.HAL_NVIC_SetPriority)
    HAL_NVIC_SetPriorityGrouping             0x08001121   Thumb Code    58  stm32f4xx_hal_cortex.o(i.HAL_NVIC_SetPriorityGrouping)
    HAL_RCC_ClockConfig                      0x080011a1   Thumb Code   504  stm32f4xx_hal_rcc.o(i.HAL_RCC_ClockConfig)
    HAL_RCC_GetPCLK1Freq                     0x080013e5   Thumb Code    20  stm32f4xx_hal_rcc.o(i.HAL_RCC_GetPCLK1Freq)
    HAL_RCC_GetPCLK2Freq                     0x08001405   Thumb Code    20  stm32f4xx_hal_rcc.o(i.HAL_RCC_GetPCLK2Freq)
    HAL_RCC_GetSysClockFreq                  0x08001425   Thumb Code    88  stm32f4xx_hal_rcc.o(i.HAL_RCC_GetSysClockFreq)
    HAL_RCC_OscConfig                        0x08001485   Thumb Code  1160  stm32f4xx_hal_rcc.o(i.HAL_RCC_OscConfig)
    HAL_SYSTICK_Config                       0x0800190d   Thumb Code    40  stm32f4xx_hal_cortex.o(i.HAL_SYSTICK_Config)
    HAL_UART_Init                            0x08001935   Thumb Code   246  stm32f4xx_hal_uart.o(i.HAL_UART_Init)
    HAL_UART_MspInit                         0x08001a81   Thumb Code    92  stm32f4xx_hal_msp.o(i.HAL_UART_MspInit)
    HAL_UART_Transmit                        0x08001ae9   Thumb Code   176  stm32f4xx_hal_uart.o(i.HAL_UART_Transmit)
    HardFault_Handler                        0x08001b99   Thumb Code     2  stm32f4xx_it.o(i.HardFault_Handler)
    MemManage_Handler                        0x08001fc1   Thumb Code     2  stm32f4xx_it.o(i.MemManage_Handler)
    NMI_Handler                              0x08001fc3   Thumb Code     2  stm32f4xx_it.o(i.NMI_Handler)
    PendSV_Handler                           0x08001fc5   Thumb Code     2  stm32f4xx_it.o(i.PendSV_Handler)
    SVC_Handler                              0x08001fc7   Thumb Code     2  stm32f4xx_it.o(i.SVC_Handler)
    SysTick_Handler                          0x08002251   Thumb Code     4  stm32f4xx_it.o(i.SysTick_Handler)
    SystemClock_Config                       0x08002255   Thumb Code   138  main.o(i.SystemClock_Config)
    SystemInit                               0x080022e9   Thumb Code    12  system_stm32f4xx.o(i.SystemInit)
    UsageFault_Handler                       0x0800250f   Thumb Code     2  stm32f4xx_it.o(i.UsageFault_Handler)
    VL53L1_ClearInterruptAndStartMeasurement 0x08002511   Thumb Code    22  vl53l1_api.o(i.VL53L1_ClearInterruptAndStartMeasurement)
    VL53L1_DataInit                          0x08002527   Thumb Code    86  vl53l1_api.o(i.VL53L1_DataInit)
    VL53L1_GetInterMeasurementPeriodMilliSeconds 0x0800257d   Thumb Code    30  vl53l1_api.o(i.VL53L1_GetInterMeasurementPeriodMilliSeconds)
    VL53L1_GetLimitCheckEnable               0x0800259b   Thumb Code    24  vl53l1_api.o(i.VL53L1_GetLimitCheckEnable)
    VL53L1_GetLimitCheckValue                0x080025b3   Thumb Code    82  vl53l1_api.o(i.VL53L1_GetLimitCheckValue)
    VL53L1_GetMeasurementTimingBudgetMicroSeconds 0x08002605   Thumb Code   208  vl53l1_api.o(i.VL53L1_GetMeasurementTimingBudgetMicroSeconds)
    VL53L1_GetRangingMeasurementData         0x080026d5   Thumb Code    60  vl53l1_api.o(i.VL53L1_GetRangingMeasurementData)
    VL53L1_GetSequenceStepEnable             0x08002711   Thumb Code     4  vl53l1_api.o(i.VL53L1_GetSequenceStepEnable)
    VL53L1_PerformRefSpadManagement          0x08002715   Thumb Code   134  vl53l1_api.o(i.VL53L1_PerformRefSpadManagement)
    VL53L1_RdByte                            0x080027a1   Thumb Code    54  vl53l1_platform.o(i.VL53L1_RdByte)
    VL53L1_RdWord                            0x080027dd   Thumb Code    66  vl53l1_platform.o(i.VL53L1_RdWord)
    VL53L1_ReadMulti                         0x08002825   Thumb Code    56  vl53l1_platform.o(i.VL53L1_ReadMulti)
    VL53L1_SetDistanceMode                   0x08002861   Thumb Code   128  vl53l1_api.o(i.VL53L1_SetDistanceMode)
    VL53L1_SetInterMeasurementPeriodMilliSeconds 0x080028e1   Thumb Code    16  vl53l1_api.o(i.VL53L1_SetInterMeasurementPeriodMilliSeconds)
    VL53L1_SetLimitCheckEnable               0x080028f1   Thumb Code    54  vl53l1_api.o(i.VL53L1_SetLimitCheckEnable)
    VL53L1_SetLimitCheckValue                0x08002927   Thumb Code    46  vl53l1_api.o(i.VL53L1_SetLimitCheckValue)
    VL53L1_SetMeasurementTimingBudgetMicroSeconds 0x08002955   Thumb Code   250  vl53l1_api.o(i.VL53L1_SetMeasurementTimingBudgetMicroSeconds)
    VL53L1_SetPresetMode                     0x08002a5d   Thumb Code    82  vl53l1_api.o(i.VL53L1_SetPresetMode)
    VL53L1_StartMeasurement                  0x08002aaf   Thumb Code   132  vl53l1_api.o(i.VL53L1_StartMeasurement)
    VL53L1_StaticInit                        0x08002b33   Thumb Code    28  vl53l1_api.o(i.VL53L1_StaticInit)
    VL53L1_WaitDeviceBooted                  0x08002b4f   Thumb Code     8  vl53l1_api.o(i.VL53L1_WaitDeviceBooted)
    VL53L1_WaitMeasurementDataReady          0x08002b57   Thumb Code     8  vl53l1_api.o(i.VL53L1_WaitMeasurementDataReady)
    VL53L1_WaitMs                            0x08002b5f   Thumb Code    12  vl53l1_platform.o(i.VL53L1_WaitMs)
    VL53L1_WaitUs                            0x08002b6b   Thumb Code    18  vl53l1_platform.o(i.VL53L1_WaitUs)
    VL53L1_WaitValueMaskEx                   0x08002b7d   Thumb Code   118  vl53l1_platform.o(i.VL53L1_WaitValueMaskEx)
    VL53L1_WrByte                            0x08002bf9   Thumb Code    32  vl53l1_platform.o(i.VL53L1_WrByte)
    VL53L1_WrWord                            0x08002c1d   Thumb Code    36  vl53l1_platform.o(i.VL53L1_WrWord)
    VL53L1_WriteMulti                        0x08002c45   Thumb Code    58  vl53l1_platform.o(i.VL53L1_WriteMulti)
    VL53L1_calc_decoded_timeout_us           0x08002c85   Thumb Code    18  vl53l1_core.o(i.VL53L1_calc_decoded_timeout_us)
    VL53L1_calc_encoded_timeout              0x08002c97   Thumb Code    14  vl53l1_core.o(i.VL53L1_calc_encoded_timeout)
    VL53L1_calc_macro_period_us              0x08002ca5   Thumb Code    32  vl53l1_core.o(i.VL53L1_calc_macro_period_us)
    VL53L1_calc_pll_period_us                0x08002cc5   Thumb Code    10  vl53l1_core_support.o(i.VL53L1_calc_pll_period_us)
    VL53L1_calc_range_ignore_threshold       0x08002ccf   Thumb Code    70  vl53l1_core.o(i.VL53L1_calc_range_ignore_threshold)
    VL53L1_calc_timeout_mclks                0x08002d15   Thumb Code    12  vl53l1_core.o(i.VL53L1_calc_timeout_mclks)
    VL53L1_calc_timeout_register_values      0x08002d21   Thumb Code   126  vl53l1_core.o(i.VL53L1_calc_timeout_register_values)
    VL53L1_calc_timeout_us                   0x08002d9f   Thumb Code    22  vl53l1_core.o(i.VL53L1_calc_timeout_us)
    VL53L1_check_ll_driver_rd_state          0x08002db5   Thumb Code    76  vl53l1_core.o(i.VL53L1_check_ll_driver_rd_state)
    VL53L1_clear_interrupt                   0x08002e01   Thumb Code    12  vl53l1_core.o(i.VL53L1_clear_interrupt)
    VL53L1_clear_interrupt_and_enable_next_range 0x08002e0d   Thumb Code     6  vl53l1_api_core.o(i.VL53L1_clear_interrupt_and_enable_next_range)
    VL53L1_config_low_power_auto_mode        0x08002e13   Thumb Code    26  vl53l1_core.o(i.VL53L1_config_low_power_auto_mode)
    VL53L1_copy_rtn_good_spads_to_buffer     0x08002e2d   Thumb Code   132  vl53l1_core.o(i.VL53L1_copy_rtn_good_spads_to_buffer)
    VL53L1_copy_sys_and_core_results_to_range_results 0x08002eb1   Thumb Code   270  vl53l1_api_core.o(i.VL53L1_copy_sys_and_core_results_to_range_results)
    VL53L1_data_init                         0x08002fbf   Thumb Code   168  vl53l1_api_core.o(i.VL53L1_data_init)
    VL53L1_decode_row_col                    0x08003067   Thumb Code    36  vl53l1_core_support.o(i.VL53L1_decode_row_col)
    VL53L1_decode_timeout                    0x0800308b   Thumb Code    10  vl53l1_core.o(i.VL53L1_decode_timeout)
    VL53L1_decode_vcsel_period               0x08003095   Thumb Code     8  vl53l1_core_support.o(i.VL53L1_decode_vcsel_period)
    VL53L1_decode_zone_size                  0x0800309d   Thumb Code    12  vl53l1_core.o(i.VL53L1_decode_zone_size)
    VL53L1_disable_firmware                  0x080030a9   Thumb Code     6  vl53l1_core.o(i.VL53L1_disable_firmware)
    VL53L1_disable_powerforce                0x080030af   Thumb Code     6  vl53l1_core.o(i.VL53L1_disable_powerforce)
    VL53L1_enable_firmware                   0x080030b5   Thumb Code     6  vl53l1_core.o(i.VL53L1_enable_firmware)
    VL53L1_enable_powerforce                 0x080030bb   Thumb Code     6  vl53l1_core.o(i.VL53L1_enable_powerforce)
    VL53L1_encode_row_col                    0x080030c1   Thumb Code    28  vl53l1_core.o(i.VL53L1_encode_row_col)
    VL53L1_encode_timeout                    0x080030dd   Thumb Code    30  vl53l1_core.o(i.VL53L1_encode_timeout)
    VL53L1_encode_zone_size                  0x080030fb   Thumb Code     8  vl53l1_core.o(i.VL53L1_encode_zone_size)
    VL53L1_get_customer_nvm_managed          0x08003103   Thumb Code    34  vl53l1_register_funcs.o(i.VL53L1_get_customer_nvm_managed)
    VL53L1_get_device_results                0x08003125   Thumb Code   138  vl53l1_api_core.o(i.VL53L1_get_device_results)
    VL53L1_get_inter_measurement_period_ms   0x080031af   Thumb Code    28  vl53l1_api_core.o(i.VL53L1_get_inter_measurement_period_ms)
    VL53L1_get_lite_min_count_rate           0x080031cb   Thumb Code    12  vl53l1_api_core.o(i.VL53L1_get_lite_min_count_rate)
    VL53L1_get_lite_sigma_threshold          0x080031d7   Thumb Code    12  vl53l1_api_core.o(i.VL53L1_get_lite_sigma_threshold)
    VL53L1_get_measurement_results           0x080031e3   Thumb Code    98  vl53l1_api_core.o(i.VL53L1_get_measurement_results)
    VL53L1_get_mode_mitigation_roi           0x08003245   Thumb Code    58  vl53l1_api_core.o(i.VL53L1_get_mode_mitigation_roi)
    VL53L1_get_nvm_copy_data                 0x0800327f   Thumb Code    36  vl53l1_register_funcs.o(i.VL53L1_get_nvm_copy_data)
    VL53L1_get_preset_mode_timing_cfg        0x080032a3   Thumb Code   128  vl53l1_api_core.o(i.VL53L1_get_preset_mode_timing_cfg)
    VL53L1_get_sequence_config_bit           0x08003323   Thumb Code    52  vl53l1_api_core.o(i.VL53L1_get_sequence_config_bit)
    VL53L1_get_static_nvm_managed            0x08003357   Thumb Code    30  vl53l1_register_funcs.o(i.VL53L1_get_static_nvm_managed)
    VL53L1_get_timeouts_us                   0x08003375   Thumb Code   114  vl53l1_api_core.o(i.VL53L1_get_timeouts_us)
    VL53L1_get_tuning_parm                   0x080033e7   Thumb Code   432  vl53l1_api_core.o(i.VL53L1_get_tuning_parm)
    VL53L1_get_user_zone                     0x08003597   Thumb Code    36  vl53l1_api_core.o(i.VL53L1_get_user_zone)
    VL53L1_i2c_decode_core_results           0x080035bb   Thumb Code   120  vl53l1_register_funcs.o(i.VL53L1_i2c_decode_core_results)
    VL53L1_i2c_decode_customer_nvm_managed   0x08003633   Thumb Code   158  vl53l1_register_funcs.o(i.VL53L1_i2c_decode_customer_nvm_managed)
    VL53L1_i2c_decode_debug_results          0x080036d1   Thumb Code   404  vl53l1_register_funcs.o(i.VL53L1_i2c_decode_debug_results)
    VL53L1_i2c_decode_int16_t                0x08003865   Thumb Code    32  vl53l1_core.o(i.VL53L1_i2c_decode_int16_t)
    VL53L1_i2c_decode_int32_t                0x08003885   Thumb Code    30  vl53l1_core.o(i.VL53L1_i2c_decode_int32_t)
    VL53L1_i2c_decode_nvm_copy_data          0x080038a3   Thumb Code   318  vl53l1_register_funcs.o(i.VL53L1_i2c_decode_nvm_copy_data)
    VL53L1_i2c_decode_static_nvm_managed     0x080039e1   Thumb Code    92  vl53l1_register_funcs.o(i.VL53L1_i2c_decode_static_nvm_managed)
    VL53L1_i2c_decode_system_results         0x08003a3d   Thumb Code   284  vl53l1_register_funcs.o(i.VL53L1_i2c_decode_system_results)
    VL53L1_i2c_decode_uint16_t               0x08003b59   Thumb Code    24  vl53l1_core.o(i.VL53L1_i2c_decode_uint16_t)
    VL53L1_i2c_decode_uint32_t               0x08003b71   Thumb Code    22  vl53l1_core.o(i.VL53L1_i2c_decode_uint32_t)
    VL53L1_i2c_encode_customer_nvm_managed   0x08003b87   Thumb Code   166  vl53l1_register_funcs.o(i.VL53L1_i2c_encode_customer_nvm_managed)
    VL53L1_i2c_encode_dynamic_config         0x08003c2d   Thumb Code   134  vl53l1_register_funcs.o(i.VL53L1_i2c_encode_dynamic_config)
    VL53L1_i2c_encode_general_config         0x08003cb3   Thumb Code   140  vl53l1_register_funcs.o(i.VL53L1_i2c_encode_general_config)
    VL53L1_i2c_encode_int16_t                0x08003d3f   Thumb Code    26  vl53l1_core.o(i.VL53L1_i2c_encode_int16_t)
    VL53L1_i2c_encode_static_config          0x08003d59   Thumb Code   222  vl53l1_register_funcs.o(i.VL53L1_i2c_encode_static_config)
    VL53L1_i2c_encode_static_nvm_managed     0x08003e37   Thumb Code    92  vl53l1_register_funcs.o(i.VL53L1_i2c_encode_static_nvm_managed)
    VL53L1_i2c_encode_system_control         0x08003e93   Thumb Code    52  vl53l1_register_funcs.o(i.VL53L1_i2c_encode_system_control)
    VL53L1_i2c_encode_timing_config          0x08003ec7   Thumb Code   138  vl53l1_register_funcs.o(i.VL53L1_i2c_encode_timing_config)
    VL53L1_i2c_encode_uint16_t               0x08003f51   Thumb Code    26  vl53l1_core.o(i.VL53L1_i2c_encode_uint16_t)
    VL53L1_i2c_encode_uint32_t               0x08003f6b   Thumb Code    26  vl53l1_core.o(i.VL53L1_i2c_encode_uint32_t)
    VL53L1_init_and_start_range              0x08003f85   Thumb Code   486  vl53l1_api_core.o(i.VL53L1_init_and_start_range)
    VL53L1_init_ll_driver_state              0x0800416b   Thumb Code    24  vl53l1_core.o(i.VL53L1_init_ll_driver_state)
    VL53L1_init_offset_cal_config_struct     0x08004183   Thumb Code    38  vl53l1_api_preset_modes.o(i.VL53L1_init_offset_cal_config_struct)
    VL53L1_init_refspadchar_config_struct    0x080041a9   Thumb Code    34  vl53l1_api_preset_modes.o(i.VL53L1_init_refspadchar_config_struct)
    VL53L1_init_ssc_config_struct            0x080041cb   Thumb Code    30  vl53l1_api_preset_modes.o(i.VL53L1_init_ssc_config_struct)
    VL53L1_init_tuning_parm_storage_struct   0x080041e9   Thumb Code   142  vl53l1_api_preset_modes.o(i.VL53L1_init_tuning_parm_storage_struct)
    VL53L1_init_version                      0x08004277   Thumb Code    26  vl53l1_core.o(i.VL53L1_init_version)
    VL53L1_init_xtalk_config_struct          0x08004291   Thumb Code    68  vl53l1_api_preset_modes.o(i.VL53L1_init_xtalk_config_struct)
    VL53L1_is_new_data_ready                 0x080042d5   Thumb Code    54  vl53l1_wait.o(i.VL53L1_is_new_data_ready)
    VL53L1_low_power_auto_data_init          0x0800430b   Thumb Code    44  vl53l1_core.o(i.VL53L1_low_power_auto_data_init)
    VL53L1_low_power_auto_data_stop_range    0x08004337   Thumb Code    48  vl53l1_core.o(i.VL53L1_low_power_auto_data_stop_range)
    VL53L1_low_power_auto_setup_manual_calibration 0x08004367   Thumb Code    68  vl53l1_core.o(i.VL53L1_low_power_auto_setup_manual_calibration)
    VL53L1_low_power_auto_update_DSS         0x080043ab   Thumb Code   112  vl53l1_core.o(i.VL53L1_low_power_auto_update_DSS)
    VL53L1_poll_for_boot_completion          0x080044f1   Thumb Code    52  vl53l1_wait.o(i.VL53L1_poll_for_boot_completion)
    VL53L1_poll_for_range_completion         0x08004525   Thumb Code    30  vl53l1_wait.o(i.VL53L1_poll_for_range_completion)
    VL53L1_preset_mode_low_power_auto_long_ranging 0x08004543   Thumb Code    52  vl53l1_api_preset_modes.o(i.VL53L1_preset_mode_low_power_auto_long_ranging)
    VL53L1_preset_mode_low_power_auto_ranging 0x08004577   Thumb Code    52  vl53l1_api_preset_modes.o(i.VL53L1_preset_mode_low_power_auto_ranging)
    VL53L1_preset_mode_low_power_auto_short_ranging 0x080045ab   Thumb Code    52  vl53l1_api_preset_modes.o(i.VL53L1_preset_mode_low_power_auto_short_ranging)
    VL53L1_preset_mode_olt                   0x080045df   Thumb Code    24  vl53l1_api_preset_modes.o(i.VL53L1_preset_mode_olt)
    VL53L1_preset_mode_singleshot_ranging    0x080045f7   Thumb Code    50  vl53l1_api_preset_modes.o(i.VL53L1_preset_mode_singleshot_ranging)
    VL53L1_preset_mode_standard_ranging      0x08004629   Thumb Code   326  vl53l1_api_preset_modes.o(i.VL53L1_preset_mode_standard_ranging)
    VL53L1_preset_mode_standard_ranging_long_range 0x0800476f   Thumb Code    62  vl53l1_api_preset_modes.o(i.VL53L1_preset_mode_standard_ranging_long_range)
    VL53L1_preset_mode_standard_ranging_mm1_cal 0x080047ad   Thumb Code    36  vl53l1_api_preset_modes.o(i.VL53L1_preset_mode_standard_ranging_mm1_cal)
    VL53L1_preset_mode_standard_ranging_mm2_cal 0x080047d1   Thumb Code    36  vl53l1_api_preset_modes.o(i.VL53L1_preset_mode_standard_ranging_mm2_cal)
    VL53L1_preset_mode_standard_ranging_short_range 0x080047f5   Thumb Code    62  vl53l1_api_preset_modes.o(i.VL53L1_preset_mode_standard_ranging_short_range)
    VL53L1_preset_mode_timed_ranging         0x08004833   Thumb Code    56  vl53l1_api_preset_modes.o(i.VL53L1_preset_mode_timed_ranging)
    VL53L1_preset_mode_timed_ranging_long_range 0x0800486b   Thumb Code    56  vl53l1_api_preset_modes.o(i.VL53L1_preset_mode_timed_ranging_long_range)
    VL53L1_preset_mode_timed_ranging_short_range 0x080048a3   Thumb Code    58  vl53l1_api_preset_modes.o(i.VL53L1_preset_mode_timed_ranging_short_range)
    VL53L1_read_p2p_data                     0x0800493d   Thumb Code   124  vl53l1_api_core.o(i.VL53L1_read_p2p_data)
    VL53L1_run_device_test                   0x080049b9   Thumb Code   118  vl53l1_api_calibration.o(i.VL53L1_run_device_test)
    VL53L1_run_ref_spad_char                 0x08004a2f   Thumb Code   226  vl53l1_api_calibration.o(i.VL53L1_run_ref_spad_char)
    VL53L1_set_firmware_enable_register      0x08004b11   Thumb Code    12  vl53l1_core.o(i.VL53L1_set_firmware_enable_register)
    VL53L1_set_inter_measurement_period_ms   0x08004b1d   Thumb Code    28  vl53l1_api_core.o(i.VL53L1_set_inter_measurement_period_ms)
    VL53L1_set_lite_min_count_rate           0x08004b39   Thumb Code    10  vl53l1_api_core.o(i.VL53L1_set_lite_min_count_rate)
    VL53L1_set_lite_sigma_threshold          0x08004b43   Thumb Code    10  vl53l1_api_core.o(i.VL53L1_set_lite_sigma_threshold)
    VL53L1_set_powerforce_register           0x08004b4d   Thumb Code    12  vl53l1_core.o(i.VL53L1_set_powerforce_register)
    VL53L1_set_preset_mode                   0x08004b59   Thumb Code   418  vl53l1_api_core.o(i.VL53L1_set_preset_mode)
    VL53L1_set_ref_spad_char_config          0x08004cfb   Thumb Code   156  vl53l1_core.o(i.VL53L1_set_ref_spad_char_config)
    VL53L1_set_system_control                0x08004d97   Thumb Code    34  vl53l1_register_funcs.o(i.VL53L1_set_system_control)
    VL53L1_set_timeouts_us                   0x08004db9   Thumb Code    54  vl53l1_api_core.o(i.VL53L1_set_timeouts_us)
    VL53L1_set_user_zone                     0x08004def   Thumb Code    36  vl53l1_api_core.o(i.VL53L1_set_user_zone)
    VL53L1_set_vhv_loopbound                 0x08004e13   Thumb Code    18  vl53l1_api_core.o(i.VL53L1_set_vhv_loopbound)
    VL53L1_start_test                        0x08004e25   Thumb Code     8  vl53l1_core.o(i.VL53L1_start_test)
    VL53L1_stop_range                        0x08004e2d   Thumb Code    70  vl53l1_api_core.o(i.VL53L1_stop_range)
    VL53L1_update_ll_driver_cfg_state        0x08004e73   Thumb Code    98  vl53l1_core.o(i.VL53L1_update_ll_driver_cfg_state)
    VL53L1_update_ll_driver_rd_state         0x08004ed5   Thumb Code   116  vl53l1_core.o(i.VL53L1_update_ll_driver_rd_state)
    VL53L1_wait_for_test_completion          0x08004f49   Thumb Code    62  vl53l1_wait.o(i.VL53L1_wait_for_test_completion)
    _I2CRead                                 0x08004f87   Thumb Code    32  vl53l1_platform.o(i._I2CRead)
    _I2CWrite                                0x08004fa7   Thumb Code    28  vl53l1_platform.o(i._I2CWrite)
    assert_failed                            0x08004fe3   Thumb Code     2  main.o(i.assert_failed)
    main                                     0x08004fe5   Thumb Code   238  main.o(i.main)
    _fp_init                                 0x080050f5   Thumb Code    10  fpinit.o(x$fpl$fpinit)
    __fplib_config_fpu_vfp                   0x080050fd   Thumb Code     0  fpinit.o(x$fpl$fpinit)
    __fplib_config_pureend_doubles           0x080050fd   Thumb Code     0  fpinit.o(x$fpl$fpinit)
    AHBPrescTable                            0x080050fe   Data          16  system_stm32f4xx.o(.constdata)
    APBPrescTable                            0x0800510e   Data           8  system_stm32f4xx.o(.constdata)
    Region$$Table$$Base                      0x08005118   Number         0  anon$$obj.o(Region$$Table)
    Region$$Table$$Limit                     0x08005138   Number         0  anon$$obj.o(Region$$Table)
    uwTickFreq                               0x20000008   Data           1  stm32f4xx_hal.o(.data)
    uwTickPrio                               0x2000000c   Data           4  stm32f4xx_hal.o(.data)
    uwTick                                   0x20000010   Data           4  stm32f4xx_hal.o(.data)
    SystemCoreClock                          0x20000014   Data           4  system_stm32f4xx.o(.data)
    hi2c1                                    0x200003f8   Data          84  main.o(.bss)
    huart2                                   0x2000044c   Data          68  main.o(.bss)
    _I2CBuffer                               0x20000490   Data         256  vl53l1_platform.o(.bss)
    __libspace_start                         0x20000590   Data          96  libspace.o(.bss)
    __temporary_stack_top$libspace           0x200005f0   Data           0  libspace.o(.bss)



==============================================================================

Memory Map of the image

  Image Entry point : 0x08000189

  Load Region LR_IROM1 (Base: 0x08000000, Size: 0x00005170, Max: 0x00100000, ABSOLUTE)

    Execution Region ER_IROM1 (Exec base: 0x08000000, Load base: 0x08000000, Size: 0x00005138, Max: 0x00100000, ABSOLUTE)

    Exec Addr    Load Addr    Size         Type   Attr      Idx    E Section Name        Object

    0x08000000   0x08000000   0x00000188   Data   RO            3    RESET               startup_stm32f407xx.o
    0x08000188   0x08000188   0x00000008   Code   RO         4204  * !!!main             c_w.l(__main.o)
    0x08000190   0x08000190   0x00000034   Code   RO         4375    !!!scatter          c_w.l(__scatter.o)
    0x080001c4   0x080001c4   0x0000001a   Code   RO         4377    !!handler_copy      c_w.l(__scatter_copy.o)
    0x080001de   0x080001de   0x00000002   PAD
    0x080001e0   0x080001e0   0x0000001c   Code   RO         4379    !!handler_zi        c_w.l(__scatter_zi.o)
    0x080001fc   0x080001fc   0x00000002   Code   RO         4243    .ARM.Collect$$libinit$$00000000  c_w.l(libinit.o)
    0x080001fe   0x080001fe   0x00000004   Code   RO         4255    .ARM.Collect$$libinit$$00000001  c_w.l(libinit2.o)
    0x08000202   0x08000202   0x00000000   Code   RO         4258    .ARM.Collect$$libinit$$00000004  c_w.l(libinit2.o)
    0x08000202   0x08000202   0x00000000   Code   RO         4261    .ARM.Collect$$libinit$$0000000A  c_w.l(libinit2.o)
    0x08000202   0x08000202   0x00000000   Code   RO         4263    .ARM.Collect$$libinit$$0000000C  c_w.l(libinit2.o)
    0x08000202   0x08000202   0x00000000   Code   RO         4265    .ARM.Collect$$libinit$$0000000E  c_w.l(libinit2.o)
    0x08000202   0x08000202   0x00000000   Code   RO         4268    .ARM.Collect$$libinit$$00000011  c_w.l(libinit2.o)
    0x08000202   0x08000202   0x00000000   Code   RO         4270    .ARM.Collect$$libinit$$00000013  c_w.l(libinit2.o)
    0x08000202   0x08000202   0x00000000   Code   RO         4272    .ARM.Collect$$libinit$$00000015  c_w.l(libinit2.o)
    0x08000202   0x08000202   0x00000000   Code   RO         4274    .ARM.Collect$$libinit$$00000017  c_w.l(libinit2.o)
    0x08000202   0x08000202   0x00000000   Code   RO         4276    .ARM.Collect$$libinit$$00000019  c_w.l(libinit2.o)
    0x08000202   0x08000202   0x00000000   Code   RO         4278    .ARM.Collect$$libinit$$0000001B  c_w.l(libinit2.o)
    0x08000202   0x08000202   0x00000000   Code   RO         4280    .ARM.Collect$$libinit$$0000001D  c_w.l(libinit2.o)
    0x08000202   0x08000202   0x00000000   Code   RO         4282    .ARM.Collect$$libinit$$0000001F  c_w.l(libinit2.o)
    0x08000202   0x08000202   0x00000000   Code   RO         4284    .ARM.Collect$$libinit$$00000021  c_w.l(libinit2.o)
    0x08000202   0x08000202   0x00000000   Code   RO         4286    .ARM.Collect$$libinit$$00000023  c_w.l(libinit2.o)
    0x08000202   0x08000202   0x00000000   Code   RO         4288    .ARM.Collect$$libinit$$00000025  c_w.l(libinit2.o)
    0x08000202   0x08000202   0x00000000   Code   RO         4292    .ARM.Collect$$libinit$$0000002C  c_w.l(libinit2.o)
    0x08000202   0x08000202   0x00000000   Code   RO         4294    .ARM.Collect$$libinit$$0000002E  c_w.l(libinit2.o)
    0x08000202   0x08000202   0x00000000   Code   RO         4296    .ARM.Collect$$libinit$$00000030  c_w.l(libinit2.o)
    0x08000202   0x08000202   0x00000000   Code   RO         4298    .ARM.Collect$$libinit$$00000032  c_w.l(libinit2.o)
    0x08000202   0x08000202   0x00000002   Code   RO         4299    .ARM.Collect$$libinit$$00000033  c_w.l(libinit2.o)
    0x08000204   0x08000204   0x00000002   Code   RO         4330    .ARM.Collect$$libshutdown$$00000000  c_w.l(libshutdown.o)
    0x08000206   0x08000206   0x00000000   Code   RO         4356    .ARM.Collect$$libshutdown$$00000002  c_w.l(libshutdown2.o)
    0x08000206   0x08000206   0x00000000   Code   RO         4358    .ARM.Collect$$libshutdown$$00000004  c_w.l(libshutdown2.o)
    0x08000206   0x08000206   0x00000000   Code   RO         4360    .ARM.Collect$$libshutdown$$00000006  c_w.l(libshutdown2.o)
    0x08000206   0x08000206   0x00000000   Code   RO         4363    .ARM.Collect$$libshutdown$$00000009  c_w.l(libshutdown2.o)
    0x08000206   0x08000206   0x00000000   Code   RO         4366    .ARM.Collect$$libshutdown$$0000000C  c_w.l(libshutdown2.o)
    0x08000206   0x08000206   0x00000000   Code   RO         4368    .ARM.Collect$$libshutdown$$0000000E  c_w.l(libshutdown2.o)
    0x08000206   0x08000206   0x00000000   Code   RO         4371    .ARM.Collect$$libshutdown$$00000011  c_w.l(libshutdown2.o)
    0x08000206   0x08000206   0x00000002   Code   RO         4372    .ARM.Collect$$libshutdown$$00000012  c_w.l(libshutdown2.o)
    0x08000208   0x08000208   0x00000000   Code   RO         4206    .ARM.Collect$$rtentry$$00000000  c_w.l(__rtentry.o)
    0x08000208   0x08000208   0x00000000   Code   RO         4214    .ARM.Collect$$rtentry$$00000002  c_w.l(__rtentry2.o)
    0x08000208   0x08000208   0x00000006   Code   RO         4226    .ARM.Collect$$rtentry$$00000004  c_w.l(__rtentry4.o)
    0x0800020e   0x0800020e   0x00000000   Code   RO         4216    .ARM.Collect$$rtentry$$00000009  c_w.l(__rtentry2.o)
    0x0800020e   0x0800020e   0x00000004   Code   RO         4217    .ARM.Collect$$rtentry$$0000000A  c_w.l(__rtentry2.o)
    0x08000212   0x08000212   0x00000000   Code   RO         4219    .ARM.Collect$$rtentry$$0000000C  c_w.l(__rtentry2.o)
    0x08000212   0x08000212   0x00000008   Code   RO         4220    .ARM.Collect$$rtentry$$0000000D  c_w.l(__rtentry2.o)
    0x0800021a   0x0800021a   0x00000002   Code   RO         4247    .ARM.Collect$$rtexit$$00000000  c_w.l(rtexit.o)
    0x0800021c   0x0800021c   0x00000000   Code   RO         4303    .ARM.Collect$$rtexit$$00000002  c_w.l(rtexit2.o)
    0x0800021c   0x0800021c   0x00000004   Code   RO         4304    .ARM.Collect$$rtexit$$00000003  c_w.l(rtexit2.o)
    0x08000220   0x08000220   0x00000006   Code   RO         4305    .ARM.Collect$$rtexit$$00000004  c_w.l(rtexit2.o)
    0x08000226   0x08000226   0x00000002   PAD
    0x08000228   0x08000228   0x00000040   Code   RO            4    .text               startup_stm32f407xx.o
    0x08000268   0x08000268   0x000000ee   Code   RO         4190    .text               c_w.l(lludivv7m.o)
    0x08000356   0x08000356   0x0000008a   Code   RO         4192    .text               c_w.l(rt_memcpy_v6.o)
    0x080003e0   0x080003e0   0x00000064   Code   RO         4194    .text               c_w.l(rt_memcpy_w.o)
    0x08000444   0x08000444   0x00000010   Code   RO         4196    .text               c_w.l(aeabi_memset.o)
    0x08000454   0x08000454   0x0000004e   Code   RO         4198    .text               c_w.l(rt_memclr_w.o)
    0x080004a2   0x080004a2   0x00000056   Code   RO         4200    .text               c_w.l(strncpy.o)
    0x080004f8   0x080004f8   0x00000006   Code   RO         4202    .text               c_w.l(heapauxi.o)
    0x080004fe   0x080004fe   0x00000044   Code   RO         4211    .text               c_w.l(rt_memclr.o)
    0x08000542   0x08000542   0x0000004a   Code   RO         4230    .text               c_w.l(sys_stackheap_outer.o)
    0x0800058c   0x0800058c   0x00000012   Code   RO         4232    .text               c_w.l(exit.o)
    0x0800059e   0x0800059e   0x00000002   PAD
    0x080005a0   0x080005a0   0x00000008   Code   RO         4244    .text               c_w.l(libspace.o)
    0x080005a8   0x080005a8   0x0000000c   Code   RO         4300    .text               c_w.l(sys_exit.o)
    0x080005b4   0x080005b4   0x00000002   Code   RO         4319    .text               c_w.l(use_no_semi.o)
    0x080005b6   0x080005b6   0x00000000   Code   RO         4321    .text               c_w.l(indicate_semi.o)
    0x080005b6   0x080005b6   0x00000002   Code   RO          219    i.BusFault_Handler  stm32f4xx_it.o
    0x080005b8   0x080005b8   0x00000084   Code   RO         2370    i.ChangePresetMode  vl53l1_api.o
    0x0800063c   0x0800063c   0x00000002   Code   RO          220    i.DebugMon_Handler  stm32f4xx_it.o
    0x0800063e   0x0800063e   0x00000002   PAD
    0x08000640   0x08000640   0x00000024   Code   RO         1688    i.HAL_Delay         stm32f4xx_hal.o
    0x08000664   0x08000664   0x000002f8   Code   RO         1162    i.HAL_GPIO_Init     stm32f4xx_hal_gpio.o
    0x0800095c   0x0800095c   0x0000006c   Code   RO         1166    i.HAL_GPIO_WritePin  stm32f4xx_hal_gpio.o
    0x080009c8   0x080009c8   0x0000000c   Code   RO         1694    i.HAL_GetTick       stm32f4xx_hal.o
    0x080009d4   0x080009d4   0x00000288   Code   RO          353    i.HAL_I2C_Init      stm32f4xx_hal_i2c.o
    0x08000c5c   0x08000c5c   0x000001e0   Code   RO          359    i.HAL_I2C_Master_Receive  stm32f4xx_hal_i2c.o
    0x08000e3c   0x08000e3c   0x0000012c   Code   RO          366    i.HAL_I2C_Master_Transmit  stm32f4xx_hal_i2c.o
    0x08000f68   0x08000f68   0x00000068   Code   RO          295    i.HAL_I2C_MspInit   stm32f4xx_hal_msp.o
    0x08000fd0   0x08000fd0   0x00000010   Code   RO         1700    i.HAL_IncTick       stm32f4xx_hal.o
    0x08000fe0   0x08000fe0   0x00000034   Code   RO         1701    i.HAL_Init          stm32f4xx_hal.o
    0x08001014   0x08001014   0x00000040   Code   RO         1702    i.HAL_InitTick      stm32f4xx_hal.o
    0x08001054   0x08001054   0x00000030   Code   RO          296    i.HAL_MspInit       stm32f4xx_hal_msp.o
    0x08001084   0x08001084   0x0000009c   Code   RO         1557    i.HAL_NVIC_SetPriority  stm32f4xx_hal_cortex.o
    0x08001120   0x08001120   0x00000080   Code   RO         1558    i.HAL_NVIC_SetPriorityGrouping  stm32f4xx_hal_cortex.o
    0x080011a0   0x080011a0   0x00000244   Code   RO          793    i.HAL_RCC_ClockConfig  stm32f4xx_hal_rcc.o
    0x080013e4   0x080013e4   0x00000020   Code   RO          800    i.HAL_RCC_GetPCLK1Freq  stm32f4xx_hal_rcc.o
    0x08001404   0x08001404   0x00000020   Code   RO          801    i.HAL_RCC_GetPCLK2Freq  stm32f4xx_hal_rcc.o
    0x08001424   0x08001424   0x00000060   Code   RO          802    i.HAL_RCC_GetSysClockFreq  stm32f4xx_hal_rcc.o
    0x08001484   0x08001484   0x00000488   Code   RO          805    i.HAL_RCC_OscConfig  stm32f4xx_hal_rcc.o
    0x0800190c   0x0800190c   0x00000028   Code   RO         1562    i.HAL_SYSTICK_Config  stm32f4xx_hal_cortex.o
    0x08001934   0x08001934   0x0000014c   Code   RO         2004    i.HAL_UART_Init     stm32f4xx_hal_uart.o
    0x08001a80   0x08001a80   0x00000068   Code   RO          298    i.HAL_UART_MspInit  stm32f4xx_hal_msp.o
    0x08001ae8   0x08001ae8   0x000000b0   Code   RO         2012    i.HAL_UART_Transmit  stm32f4xx_hal_uart.o
    0x08001b98   0x08001b98   0x00000002   Code   RO          221    i.HardFault_Handler  stm32f4xx_it.o
    0x08001b9a   0x08001b9a   0x0000002e   Code   RO          395    i.I2C_IsAcknowledgeFailed  stm32f4xx_hal_i2c.o
    0x08001bc8   0x08001bc8   0x000000ec   Code   RO          398    i.I2C_MasterRequestRead  stm32f4xx_hal_i2c.o
    0x08001cb4   0x08001cb4   0x0000009c   Code   RO          399    i.I2C_MasterRequestWrite  stm32f4xx_hal_i2c.o
    0x08001d50   0x08001d50   0x0000004c   Code   RO          410    i.I2C_WaitOnBTFFlagUntilTimeout  stm32f4xx_hal_i2c.o
    0x08001d9c   0x08001d9c   0x00000068   Code   RO          411    i.I2C_WaitOnFlagUntilTimeout  stm32f4xx_hal_i2c.o
    0x08001e04   0x08001e04   0x00000098   Code   RO          412    i.I2C_WaitOnMasterAddressFlagUntilTimeout  stm32f4xx_hal_i2c.o
    0x08001e9c   0x08001e9c   0x0000006a   Code   RO          413    i.I2C_WaitOnRXNEFlagUntilTimeout  stm32f4xx_hal_i2c.o
    0x08001f06   0x08001f06   0x0000004c   Code   RO          414    i.I2C_WaitOnTXEFlagUntilTimeout  stm32f4xx_hal_i2c.o
    0x08001f52   0x08001f52   0x00000002   PAD
    0x08001f54   0x08001f54   0x0000006c   Code   RO           14    i.MX_GPIO_Init      main.o
    0x08001fc0   0x08001fc0   0x00000002   Code   RO          222    i.MemManage_Handler  stm32f4xx_it.o
    0x08001fc2   0x08001fc2   0x00000002   Code   RO          223    i.NMI_Handler       stm32f4xx_it.o
    0x08001fc4   0x08001fc4   0x00000002   Code   RO          224    i.PendSV_Handler    stm32f4xx_it.o
    0x08001fc6   0x08001fc6   0x00000002   Code   RO          225    i.SVC_Handler       stm32f4xx_it.o
    0x08001fc8   0x08001fc8   0x00000024   Code   RO         2373    i.SetLimitValue     vl53l1_api.o
    0x08001fec   0x08001fec   0x000000bc   Code   RO         2374    i.SetPresetMode     vl53l1_api.o
    0x080020a8   0x080020a8   0x000001a8   Code   RO         2375    i.SetSimpleData     vl53l1_api.o
    0x08002250   0x08002250   0x00000004   Code   RO          226    i.SysTick_Handler   stm32f4xx_it.o
    0x08002254   0x08002254   0x00000094   Code   RO           15    i.SystemClock_Config  main.o
    0x080022e8   0x080022e8   0x00000010   Code   RO         2333    i.SystemInit        system_stm32f4xx.o
    0x080022f8   0x080022f8   0x000001a0   Code   RO         2030    i.UART_SetConfig    stm32f4xx_hal_uart.o
    0x08002498   0x08002498   0x00000076   Code   RO         2033    i.UART_WaitOnFlagUntilTimeout  stm32f4xx_hal_uart.o
    0x0800250e   0x0800250e   0x00000002   Code   RO          227    i.UsageFault_Handler  stm32f4xx_it.o
    0x08002510   0x08002510   0x00000016   Code   RO         2377    i.VL53L1_ClearInterruptAndStartMeasurement  vl53l1_api.o
    0x08002526   0x08002526   0x00000056   Code   RO         2378    i.VL53L1_DataInit   vl53l1_api.o
    0x0800257c   0x0800257c   0x0000001e   Code   RO         2382    i.VL53L1_GetInterMeasurementPeriodMilliSeconds  vl53l1_api.o
    0x0800259a   0x0800259a   0x00000018   Code   RO         2384    i.VL53L1_GetLimitCheckEnable  vl53l1_api.o
    0x080025b2   0x080025b2   0x00000052   Code   RO         2387    i.VL53L1_GetLimitCheckValue  vl53l1_api.o
    0x08002604   0x08002604   0x000000d0   Code   RO         2389    i.VL53L1_GetMeasurementTimingBudgetMicroSeconds  vl53l1_api.o
    0x080026d4   0x080026d4   0x0000003c   Code   RO         2399    i.VL53L1_GetRangingMeasurementData  vl53l1_api.o
    0x08002710   0x08002710   0x00000004   Code   RO         2400    i.VL53L1_GetSequenceStepEnable  vl53l1_api.o
    0x08002714   0x08002714   0x0000008c   Code   RO         2409    i.VL53L1_PerformRefSpadManagement  vl53l1_api.o
    0x080027a0   0x080027a0   0x0000003c   Code   RO         4072    i.VL53L1_RdByte     vl53l1_platform.o
    0x080027dc   0x080027dc   0x00000048   Code   RO         4074    i.VL53L1_RdWord     vl53l1_platform.o
    0x08002824   0x08002824   0x0000003c   Code   RO         4075    i.VL53L1_ReadMulti  vl53l1_platform.o
    0x08002860   0x08002860   0x00000080   Code   RO         2413    i.VL53L1_SetDistanceMode  vl53l1_api.o
    0x080028e0   0x080028e0   0x00000010   Code   RO         2414    i.VL53L1_SetInterMeasurementPeriodMilliSeconds  vl53l1_api.o
    0x080028f0   0x080028f0   0x00000036   Code   RO         2415    i.VL53L1_SetLimitCheckEnable  vl53l1_api.o
    0x08002926   0x08002926   0x0000002e   Code   RO         2416    i.VL53L1_SetLimitCheckValue  vl53l1_api.o
    0x08002954   0x08002954   0x00000108   Code   RO         2417    i.VL53L1_SetMeasurementTimingBudgetMicroSeconds  vl53l1_api.o
    0x08002a5c   0x08002a5c   0x00000052   Code   RO         2419    i.VL53L1_SetPresetMode  vl53l1_api.o
    0x08002aae   0x08002aae   0x00000084   Code   RO         2425    i.VL53L1_StartMeasurement  vl53l1_api.o
    0x08002b32   0x08002b32   0x0000001c   Code   RO         2426    i.VL53L1_StaticInit  vl53l1_api.o
    0x08002b4e   0x08002b4e   0x00000008   Code   RO         2428    i.VL53L1_WaitDeviceBooted  vl53l1_api.o
    0x08002b56   0x08002b56   0x00000008   Code   RO         2429    i.VL53L1_WaitMeasurementDataReady  vl53l1_api.o
    0x08002b5e   0x08002b5e   0x0000000c   Code   RO         4077    i.VL53L1_WaitMs     vl53l1_platform.o
    0x08002b6a   0x08002b6a   0x00000012   Code   RO         4078    i.VL53L1_WaitUs     vl53l1_platform.o
    0x08002b7c   0x08002b7c   0x0000007c   Code   RO         4079    i.VL53L1_WaitValueMaskEx  vl53l1_platform.o
    0x08002bf8   0x08002bf8   0x00000024   Code   RO         4080    i.VL53L1_WrByte     vl53l1_platform.o
    0x08002c1c   0x08002c1c   0x00000028   Code   RO         4082    i.VL53L1_WrWord     vl53l1_platform.o
    0x08002c44   0x08002c44   0x00000040   Code   RO         4083    i.VL53L1_WriteMulti  vl53l1_platform.o
    0x08002c84   0x08002c84   0x00000012   Code   RO         3409    i.VL53L1_calc_decoded_timeout_us  vl53l1_core.o
    0x08002c96   0x08002c96   0x0000000e   Code   RO         3410    i.VL53L1_calc_encoded_timeout  vl53l1_core.o
    0x08002ca4   0x08002ca4   0x00000020   Code   RO         3411    i.VL53L1_calc_macro_period_us  vl53l1_core.o
    0x08002cc4   0x08002cc4   0x0000000a   Code   RO         3752    i.VL53L1_calc_pll_period_us  vl53l1_core_support.o
    0x08002cce   0x08002cce   0x00000046   Code   RO         3413    i.VL53L1_calc_range_ignore_threshold  vl53l1_core.o
    0x08002d14   0x08002d14   0x0000000c   Code   RO         3414    i.VL53L1_calc_timeout_mclks  vl53l1_core.o
    0x08002d20   0x08002d20   0x0000007e   Code   RO         3415    i.VL53L1_calc_timeout_register_values  vl53l1_core.o
    0x08002d9e   0x08002d9e   0x00000016   Code   RO         3416    i.VL53L1_calc_timeout_us  vl53l1_core.o
    0x08002db4   0x08002db4   0x0000004c   Code   RO         3417    i.VL53L1_check_ll_driver_rd_state  vl53l1_core.o
    0x08002e00   0x08002e00   0x0000000c   Code   RO         3418    i.VL53L1_clear_interrupt  vl53l1_core.o
    0x08002e0c   0x08002e0c   0x00000006   Code   RO         2872    i.VL53L1_clear_interrupt_and_enable_next_range  vl53l1_api_core.o
    0x08002e12   0x08002e12   0x0000001a   Code   RO         3419    i.VL53L1_config_low_power_auto_mode  vl53l1_core.o
    0x08002e2c   0x08002e2c   0x00000084   Code   RO         3420    i.VL53L1_copy_rtn_good_spads_to_buffer  vl53l1_core.o
    0x08002eb0   0x08002eb0   0x0000010e   Code   RO         2873    i.VL53L1_copy_sys_and_core_results_to_range_results  vl53l1_api_core.o
    0x08002fbe   0x08002fbe   0x000000a8   Code   RO         2874    i.VL53L1_data_init  vl53l1_api_core.o
    0x08003066   0x08003066   0x00000024   Code   RO         3753    i.VL53L1_decode_row_col  vl53l1_core_support.o
    0x0800308a   0x0800308a   0x0000000a   Code   RO         3422    i.VL53L1_decode_timeout  vl53l1_core.o
    0x08003094   0x08003094   0x00000008   Code   RO         3754    i.VL53L1_decode_vcsel_period  vl53l1_core_support.o
    0x0800309c   0x0800309c   0x0000000c   Code   RO         3425    i.VL53L1_decode_zone_size  vl53l1_core.o
    0x080030a8   0x080030a8   0x00000006   Code   RO         3426    i.VL53L1_disable_firmware  vl53l1_core.o
    0x080030ae   0x080030ae   0x00000006   Code   RO         3427    i.VL53L1_disable_powerforce  vl53l1_core.o
    0x080030b4   0x080030b4   0x00000006   Code   RO         3428    i.VL53L1_enable_firmware  vl53l1_core.o
    0x080030ba   0x080030ba   0x00000006   Code   RO         3429    i.VL53L1_enable_powerforce  vl53l1_core.o
    0x080030c0   0x080030c0   0x0000001c   Code   RO         3431    i.VL53L1_encode_row_col  vl53l1_core.o
    0x080030dc   0x080030dc   0x0000001e   Code   RO         3432    i.VL53L1_encode_timeout  vl53l1_core.o
    0x080030fa   0x080030fa   0x00000008   Code   RO         3435    i.VL53L1_encode_zone_size  vl53l1_core.o
    0x08003102   0x08003102   0x00000022   Code   RO         3800    i.VL53L1_get_customer_nvm_managed  vl53l1_register_funcs.o
    0x08003124   0x08003124   0x0000008a   Code   RO         2879    i.VL53L1_get_device_results  vl53l1_api_core.o
    0x080031ae   0x080031ae   0x0000001c   Code   RO         2880    i.VL53L1_get_inter_measurement_period_ms  vl53l1_api_core.o
    0x080031ca   0x080031ca   0x0000000c   Code   RO         2882    i.VL53L1_get_lite_min_count_rate  vl53l1_api_core.o
    0x080031d6   0x080031d6   0x0000000c   Code   RO         2883    i.VL53L1_get_lite_sigma_threshold  vl53l1_api_core.o
    0x080031e2   0x080031e2   0x00000062   Code   RO         2885    i.VL53L1_get_measurement_results  vl53l1_api_core.o
    0x08003244   0x08003244   0x0000003a   Code   RO         2886    i.VL53L1_get_mode_mitigation_roi  vl53l1_api_core.o
    0x0800327e   0x0800327e   0x00000024   Code   RO         3801    i.VL53L1_get_nvm_copy_data  vl53l1_register_funcs.o
    0x080032a2   0x080032a2   0x00000080   Code   RO         2890    i.VL53L1_get_preset_mode_timing_cfg  vl53l1_api_core.o
    0x08003322   0x08003322   0x00000034   Code   RO         2893    i.VL53L1_get_sequence_config_bit  vl53l1_api_core.o
    0x08003356   0x08003356   0x0000001e   Code   RO         3802    i.VL53L1_get_static_nvm_managed  vl53l1_register_funcs.o
    0x08003374   0x08003374   0x00000072   Code   RO         2894    i.VL53L1_get_timeouts_us  vl53l1_api_core.o
    0x080033e6   0x080033e6   0x000001b0   Code   RO         2895    i.VL53L1_get_tuning_parm  vl53l1_api_core.o
    0x08003596   0x08003596   0x00000024   Code   RO         2896    i.VL53L1_get_user_zone  vl53l1_api_core.o
    0x080035ba   0x080035ba   0x00000078   Code   RO         3804    i.VL53L1_i2c_decode_core_results  vl53l1_register_funcs.o
    0x08003632   0x08003632   0x0000009e   Code   RO         3805    i.VL53L1_i2c_decode_customer_nvm_managed  vl53l1_register_funcs.o
    0x080036d0   0x080036d0   0x00000194   Code   RO         3806    i.VL53L1_i2c_decode_debug_results  vl53l1_register_funcs.o
    0x08003864   0x08003864   0x00000020   Code   RO         3437    i.VL53L1_i2c_decode_int16_t  vl53l1_core.o
    0x08003884   0x08003884   0x0000001e   Code   RO         3438    i.VL53L1_i2c_decode_int32_t  vl53l1_core.o
    0x080038a2   0x080038a2   0x0000013e   Code   RO         3808    i.VL53L1_i2c_decode_nvm_copy_data  vl53l1_register_funcs.o
    0x080039e0   0x080039e0   0x0000005c   Code   RO         3810    i.VL53L1_i2c_decode_static_nvm_managed  vl53l1_register_funcs.o
    0x08003a3c   0x08003a3c   0x0000011c   Code   RO         3811    i.VL53L1_i2c_decode_system_results  vl53l1_register_funcs.o
    0x08003b58   0x08003b58   0x00000018   Code   RO         3439    i.VL53L1_i2c_decode_uint16_t  vl53l1_core.o
    0x08003b70   0x08003b70   0x00000016   Code   RO         3440    i.VL53L1_i2c_decode_uint32_t  vl53l1_core.o
    0x08003b86   0x08003b86   0x000000a6   Code   RO         3812    i.VL53L1_i2c_encode_customer_nvm_managed  vl53l1_register_funcs.o
    0x08003c2c   0x08003c2c   0x00000086   Code   RO         3813    i.VL53L1_i2c_encode_dynamic_config  vl53l1_register_funcs.o
    0x08003cb2   0x08003cb2   0x0000008c   Code   RO         3814    i.VL53L1_i2c_encode_general_config  vl53l1_register_funcs.o
    0x08003d3e   0x08003d3e   0x0000001a   Code   RO         3442    i.VL53L1_i2c_encode_int16_t  vl53l1_core.o
    0x08003d58   0x08003d58   0x000000de   Code   RO         3815    i.VL53L1_i2c_encode_static_config  vl53l1_register_funcs.o
    0x08003e36   0x08003e36   0x0000005c   Code   RO         3816    i.VL53L1_i2c_encode_static_nvm_managed  vl53l1_register_funcs.o
    0x08003e92   0x08003e92   0x00000034   Code   RO         3817    i.VL53L1_i2c_encode_system_control  vl53l1_register_funcs.o
    0x08003ec6   0x08003ec6   0x0000008a   Code   RO         3818    i.VL53L1_i2c_encode_timing_config  vl53l1_register_funcs.o
    0x08003f50   0x08003f50   0x0000001a   Code   RO         3444    i.VL53L1_i2c_encode_uint16_t  vl53l1_core.o
    0x08003f6a   0x08003f6a   0x0000001a   Code   RO         3445    i.VL53L1_i2c_encode_uint32_t  vl53l1_core.o
    0x08003f84   0x08003f84   0x000001e6   Code   RO         2900    i.VL53L1_init_and_start_range  vl53l1_api_core.o
    0x0800416a   0x0800416a   0x00000018   Code   RO         3446    i.VL53L1_init_ll_driver_state  vl53l1_core.o
    0x08004182   0x08004182   0x00000026   Code   RO         3237    i.VL53L1_init_offset_cal_config_struct  vl53l1_api_preset_modes.o
    0x080041a8   0x080041a8   0x00000022   Code   RO         3238    i.VL53L1_init_refspadchar_config_struct  vl53l1_api_preset_modes.o
    0x080041ca   0x080041ca   0x0000001e   Code   RO         3239    i.VL53L1_init_ssc_config_struct  vl53l1_api_preset_modes.o
    0x080041e8   0x080041e8   0x0000008e   Code   RO         3240    i.VL53L1_init_tuning_parm_storage_struct  vl53l1_api_preset_modes.o
    0x08004276   0x08004276   0x0000001a   Code   RO         3448    i.VL53L1_init_version  vl53l1_core.o
    0x08004290   0x08004290   0x00000044   Code   RO         3241    i.VL53L1_init_xtalk_config_struct  vl53l1_api_preset_modes.o
    0x080042d4   0x080042d4   0x00000036   Code   RO         3994    i.VL53L1_is_new_data_ready  vl53l1_wait.o
    0x0800430a   0x0800430a   0x0000002c   Code   RO         3450    i.VL53L1_low_power_auto_data_init  vl53l1_core.o
    0x08004336   0x08004336   0x00000030   Code   RO         3451    i.VL53L1_low_power_auto_data_stop_range  vl53l1_core.o
    0x08004366   0x08004366   0x00000044   Code   RO         3452    i.VL53L1_low_power_auto_setup_manual_calibration  vl53l1_core.o
    0x080043aa   0x080043aa   0x00000070   Code   RO         3453    i.VL53L1_low_power_auto_update_DSS  vl53l1_core.o
    0x0800441a   0x0800441a   0x00000074   Code   RO         2430    i.VL53L1_nvm_enable  vl53l1_api.o
    0x0800448e   0x0800448e   0x00000062   Code   RO         2431    i.VL53L1_nvm_read   vl53l1_api.o
    0x080044f0   0x080044f0   0x00000034   Code   RO         3995    i.VL53L1_poll_for_boot_completion  vl53l1_wait.o
    0x08004524   0x08004524   0x0000001e   Code   RO         3997    i.VL53L1_poll_for_range_completion  vl53l1_wait.o
    0x08004542   0x08004542   0x00000034   Code   RO         3242    i.VL53L1_preset_mode_low_power_auto_long_ranging  vl53l1_api_preset_modes.o
    0x08004576   0x08004576   0x00000034   Code   RO         3243    i.VL53L1_preset_mode_low_power_auto_ranging  vl53l1_api_preset_modes.o
    0x080045aa   0x080045aa   0x00000034   Code   RO         3244    i.VL53L1_preset_mode_low_power_auto_short_ranging  vl53l1_api_preset_modes.o
    0x080045de   0x080045de   0x00000018   Code   RO         3245    i.VL53L1_preset_mode_olt  vl53l1_api_preset_modes.o
    0x080045f6   0x080045f6   0x00000032   Code   RO         3246    i.VL53L1_preset_mode_singleshot_ranging  vl53l1_api_preset_modes.o
    0x08004628   0x08004628   0x00000146   Code   RO         3247    i.VL53L1_preset_mode_standard_ranging  vl53l1_api_preset_modes.o
    0x0800476e   0x0800476e   0x0000003e   Code   RO         3248    i.VL53L1_preset_mode_standard_ranging_long_range  vl53l1_api_preset_modes.o
    0x080047ac   0x080047ac   0x00000024   Code   RO         3249    i.VL53L1_preset_mode_standard_ranging_mm1_cal  vl53l1_api_preset_modes.o
    0x080047d0   0x080047d0   0x00000024   Code   RO         3250    i.VL53L1_preset_mode_standard_ranging_mm2_cal  vl53l1_api_preset_modes.o
    0x080047f4   0x080047f4   0x0000003e   Code   RO         3251    i.VL53L1_preset_mode_standard_ranging_short_range  vl53l1_api_preset_modes.o
    0x08004832   0x08004832   0x00000038   Code   RO         3252    i.VL53L1_preset_mode_timed_ranging  vl53l1_api_preset_modes.o
    0x0800486a   0x0800486a   0x00000038   Code   RO         3253    i.VL53L1_preset_mode_timed_ranging_long_range  vl53l1_api_preset_modes.o
    0x080048a2   0x080048a2   0x0000003a   Code   RO         3254    i.VL53L1_preset_mode_timed_ranging_short_range  vl53l1_api_preset_modes.o
    0x080048dc   0x080048dc   0x00000060   Code   RO         2432    i.VL53L1_read_nvm_raw_data  vl53l1_api.o
    0x0800493c   0x0800493c   0x0000007c   Code   RO         2901    i.VL53L1_read_p2p_data  vl53l1_api_core.o
    0x080049b8   0x080049b8   0x00000076   Code   RO         2824    i.VL53L1_run_device_test  vl53l1_api_calibration.o
    0x08004a2e   0x08004a2e   0x000000e2   Code   RO         2826    i.VL53L1_run_ref_spad_char  vl53l1_api_calibration.o
    0x08004b10   0x08004b10   0x0000000c   Code   RO         3457    i.VL53L1_set_firmware_enable_register  vl53l1_core.o
    0x08004b1c   0x08004b1c   0x0000001c   Code   RO         2906    i.VL53L1_set_inter_measurement_period_ms  vl53l1_api_core.o
    0x08004b38   0x08004b38   0x0000000a   Code   RO         2908    i.VL53L1_set_lite_min_count_rate  vl53l1_api_core.o
    0x08004b42   0x08004b42   0x0000000a   Code   RO         2909    i.VL53L1_set_lite_sigma_threshold  vl53l1_api_core.o
    0x08004b4c   0x08004b4c   0x0000000c   Code   RO         3458    i.VL53L1_set_powerforce_register  vl53l1_core.o
    0x08004b58   0x08004b58   0x000001a2   Code   RO         2914    i.VL53L1_set_preset_mode  vl53l1_api_core.o
    0x08004cfa   0x08004cfa   0x0000009c   Code   RO         3459    i.VL53L1_set_ref_spad_char_config  vl53l1_core.o
    0x08004d96   0x08004d96   0x00000022   Code   RO         3824    i.VL53L1_set_system_control  vl53l1_register_funcs.o
    0x08004db8   0x08004db8   0x00000036   Code   RO         2918    i.VL53L1_set_timeouts_us  vl53l1_api_core.o
    0x08004dee   0x08004dee   0x00000024   Code   RO         2920    i.VL53L1_set_user_zone  vl53l1_api_core.o
    0x08004e12   0x08004e12   0x00000012   Code   RO         2922    i.VL53L1_set_vhv_loopbound  vl53l1_api_core.o
    0x08004e24   0x08004e24   0x00000008   Code   RO         3462    i.VL53L1_start_test  vl53l1_core.o
    0x08004e2c   0x08004e2c   0x00000046   Code   RO         2924    i.VL53L1_stop_range  vl53l1_api_core.o
    0x08004e72   0x08004e72   0x00000062   Code   RO         3463    i.VL53L1_update_ll_driver_cfg_state  vl53l1_core.o
    0x08004ed4   0x08004ed4   0x00000074   Code   RO         3464    i.VL53L1_update_ll_driver_rd_state  vl53l1_core.o
    0x08004f48   0x08004f48   0x0000003e   Code   RO         4001    i.VL53L1_wait_for_test_completion  vl53l1_wait.o
    0x08004f86   0x08004f86   0x00000020   Code   RO         4084    i._I2CRead          vl53l1_platform.o
    0x08004fa6   0x08004fa6   0x0000001c   Code   RO         4085    i._I2CWrite         vl53l1_platform.o
    0x08004fc2   0x08004fc2   0x00000020   Code   RO         1564    i.__NVIC_SetPriority  stm32f4xx_hal_cortex.o
    0x08004fe2   0x08004fe2   0x00000002   Code   RO           16    i.assert_failed     main.o
    0x08004fe4   0x08004fe4   0x00000110   Code   RO           17    i.main              main.o
    0x080050f4   0x080050f4   0x0000000a   Code   RO         4315    x$fpl$fpinit        fz_wm.l(fpinit.o)
    0x080050fe   0x080050fe   0x00000010   Data   RO         2334    .constdata          system_stm32f4xx.o
    0x0800510e   0x0800510e   0x00000008   Data   RO         2335    .constdata          system_stm32f4xx.o
    0x08005116   0x08005116   0x00000002   PAD
    0x08005118   0x08005118   0x00000020   Data   RO         4373    Region$$Table       anon$$obj.o


    Execution Region RW_IRAM2 (Exec base: 0x10000000, Load base: 0x08005170, Size: 0x00000000, Max: 0x00010000, ABSOLUTE)

    **** No section assigned to this execution region ****


    Execution Region RW_IRAM1 (Exec base: 0x20000000, Load base: 0x08005138, Size: 0x00000bf0, Max: 0x00020000, ABSOLUTE)

    Exec Addr    Load Addr    Size         Type   Attr      Idx    E Section Name        Object

    0x20000000   0x08005138   0x00000008   Data   RW           19    .data               main.o
    0x20000008   0x08005140   0x0000000c   Data   RW         1708    .data               stm32f4xx_hal.o
    0x20000014   0x0800514c   0x00000004   Data   RW         2336    .data               system_stm32f4xx.o
    0x20000018   0x08005150   0x00000020   Data   RW         2433    .data               vl53l1_api.o
    0x20000038        -       0x00000458   Zero   RW           18    .bss                main.o
    0x20000490        -       0x00000100   Zero   RW         4086    .bss                vl53l1_platform.o
    0x20000590        -       0x00000060   Zero   RW         4245    .bss                c_w.l(libspace.o)
    0x200005f0        -       0x00000200   Zero   RW            2    HEAP                startup_stm32f407xx.o
    0x200007f0        -       0x00000400   Zero   RW            1    STACK               startup_stm32f407xx.o


==============================================================================

Image component sizes


      Code (inc. data)   RO Data    RW Data    ZI Data      Debug   Object Name

       530         52          0          8       1112     731915   main.o
        64         26        392          0       1536        852   startup_stm32f407xx.o
       180         28          0         12          0       9457   stm32f4xx_hal.o
       356        134          0          0          0      33390   stm32f4xx_hal_cortex.o
       868        170          0          0          0       2492   stm32f4xx_hal_gpio.o
      2380        122          0          0          0      12742   stm32f4xx_hal_i2c.o
       256         30          0          0          0       2287   stm32f4xx_hal_msp.o
      1900        186          0          0          0       5652   stm32f4xx_hal_rcc.o
      1042        158          0          0          0       4336   stm32f4xx_hal_uart.o
        20          0          0          0          0       4154   stm32f4xx_it.o
        16          4         24          4          0       1127   system_stm32f4xx.o
      2512         62          0         32          0      90024   vl53l1_api.o
       344          0          0          0          0       3120   vl53l1_api_calibration.o
      2806         82          0          0          0      23953   vl53l1_api_core.o
      1234          0          0          0          0      15939   vl53l1_api_preset_modes.o
      1562          0          0          0          0      30107   vl53l1_core.o
        54          0          0          0          0       2849   vl53l1_core_support.o
       546         36          0          0        256       9856   vl53l1_platform.o
      2454          0          0          0          0      15890   vl53l1_register_funcs.o
       198          0          0          0          0       4205   vl53l1_wait.o

    ----------------------------------------------------------------------
     19326       1090        450         56       2904    1004347   Object Totals
         0          0         32          0          0          0   (incl. Generated)
         4          0          2          0          0          0   (incl. Padding)

    ----------------------------------------------------------------------

      Code (inc. data)   RO Data    RW Data    ZI Data      Debug   Library Member Name

         8          0          0          0          0         68   __main.o
         0          0          0          0          0          0   __rtentry.o
        12          0          0          0          0          0   __rtentry2.o
         6          0          0          0          0          0   __rtentry4.o
        52          8          0          0          0          0   __scatter.o
        26          0          0          0          0          0   __scatter_copy.o
        28          0          0          0          0          0   __scatter_zi.o
        16          0          0          0          0         68   aeabi_memset.o
        18          0          0          0          0         80   exit.o
         6          0          0          0          0        152   heapauxi.o
         0          0          0          0          0          0   indicate_semi.o
         2          0          0          0          0          0   libinit.o
         6          0          0          0          0          0   libinit2.o
         2          0          0          0          0          0   libshutdown.o
         2          0          0          0          0          0   libshutdown2.o
         8          4          0          0         96         68   libspace.o
       238          0          0          0          0        100   lludivv7m.o
        68          0          0          0          0         68   rt_memclr.o
        78          0          0          0          0         80   rt_memclr_w.o
       138          0          0          0          0         68   rt_memcpy_v6.o
       100          0          0          0          0         80   rt_memcpy_w.o
         2          0          0          0          0          0   rtexit.o
        10          0          0          0          0          0   rtexit2.o
        86          0          0          0          0         76   strncpy.o
        12          4          0          0          0         68   sys_exit.o
        74          0          0          0          0         80   sys_stackheap_outer.o
         2          0          0          0          0         68   use_no_semi.o
        10          0          0          0          0        116   fpinit.o

    ----------------------------------------------------------------------
      1016         16          0          0         96       1240   Library Totals
         6          0          0          0          0          0   (incl. Padding)

    ----------------------------------------------------------------------

      Code (inc. data)   RO Data    RW Data    ZI Data      Debug   Library Name

      1000         16          0          0         96       1124   c_w.l
        10          0          0          0          0        116   fz_wm.l

    ----------------------------------------------------------------------
      1016         16          0          0         96       1240   Library Totals

    ----------------------------------------------------------------------

==============================================================================


      Code (inc. data)   RO Data    RW Data    ZI Data      Debug   

     20342       1106        450         56       3000     986767   Grand Totals
     20342       1106        450         56       3000     986767   ELF Image Totals
     20342       1106        450         56          0          0   ROM Totals

==============================================================================

    Total RO  Size (Code + RO Data)                20792 (  20.30kB)
    Total RW  Size (RW Data + ZI Data)              3056 (   2.98kB)
    Total ROM Size (Code + RO Data + RW Data)      20848 (  20.36kB)

==============================================================================

